<html>
<body>
<pre>
<h1>µVision Build Log</h1>
<h2>Tool Versions:</h2>
IDE-Version: µVision V5.37.0.0
Copyright (C) 2022 ARM Ltd and ARM Germany GmbH. All rights reserved.
License Information: Abdelaziz maher, none, LIC=JDAS9-NAVXT-4C1WY-18H7U-QL62Z-JRCWP
 
Tool Versions:
Toolchain:       MDK-ARM Professional  Version: 5.37.0.0
Toolchain Path:  C:\Keil_v5\ARM\ARM_Compiler_5.06u7\Bin
C Compiler:      Armcc.exe V5.06 update 7 (build 960)
Assembler:       Armasm.exe V5.06 update 7 (build 960)
Linker/Locator:  ArmLink.exe V5.06 update 7 (build 960)
Library Manager: ArmAr.exe V5.06 update 7 (build 960)
Hex Converter:   FromElf.exe V5.06 update 7 (build 960)
CPU DLL:         SARMCM3.DLL V5.37.0.0
Dialog DLL:      DCM.DLL V1.17.5.0
Target DLL:      STLink\ST-LINKIII-KEIL_SWO.dll V3.0.9.0
Dialog DLL:      TCM.DLL V1.56.1.0
 
<h2>Project:</h2>
C:\Users\Abdel\OneDrive\Documents\KeilWorkspace\TTRD2_19a\ttrd2-19a-t0401a-v001c - 405\project\ttrd_eres02.uvprojx
Project File Date:  06/30/2022

<h2>Output:</h2>
*** Using Compiler 'V5.06 update 7 (build 960)', folder: 'C:\Keil_v5\ARM\ARM_Compiler_5.06u7\Bin'
Build target 'STM32F405RGTx'
compiling ttrd2-05a-t0401a-v001a_iwdt_task.c...
compiling EPS_Health_Rep_task.c...
compiling IDLE_task.c...
compiling main.c...
..\source\main\main.c(62): warning:  #111-D: statement is unreachable
     return 1;
..\source\main\main.c: 1 warning, 0 errors
compiling COMMS_Health_Rep_task.c...
compiling ttrd2-05a-t0401a-v001a_uart2_buff_o_task.c...
compiling ttrd2-19a-t0401a-v001b_processor_task.c...
compiling ttrd2-05a-t0401a-v001a_heartbeat_sw_task.c...
compiling COMMS_WOD_Rep_task.c...
compiling UART_task.c...
compiling ttrd2-05a-t0401a-v001a_adc_task.c...
compiling SCHEDULE_SERVICES_task.c...
compiling ttrd2-05a-t0401a-v001a_switch_task.c...
compiling ttrd2-05a-t0401a-v001a_timeout_t3.c...
compiling EPS_exHealth_Rep_task.c...
compiling ADCS_exHealth_Rep_task.c...
compiling COMMS_exHealth_Rep_task.c...
compiling ttrd2-04a-t0401a-v001a_pfc_reporting.c...
compiling ttrd2-05a-t0401a-v001a_reg_conf_chk_adc1.c...
compiling COMMS_EXT_WOD_Rep_task.c...
compiling ADC1_task.c...
compiling ttrd2-05a-t0401a-v001a_reg_conf_chk_gpio.c...
compiling ttrd2-19a-t0401a-v001b_run_time_tests.c...
compiling ttrd2-05a-t0401a-v001a_reg_conf_chk_timer.c...
compiling COMMS_comm_task.c...
..\source\tasks\COMMS_comm_task.c(69): warning:  #177-D: variable "hdma_uart4_tx"  was declared but never referenced
  	DMA_InitTypeDef	 hdma_uart4_tx;
..\source\tasks\COMMS_comm_task.c(594): warning:  #177-D: variable "T3"  was declared but never referenced
  	uint32_t T3;
..\source\tasks\COMMS_comm_task.c(17): warning:  #550-D: variable "COMMS_U4_Tx_buffer2_ig"  was set but never used
  static char  COMMS_U4_Tx_buffer2_ig[COMMS_U4_TX_BUFFER_SIZE_BYTES];  // Inverted copy
..\source\tasks\COMMS_comm_task.c(20): warning:  #177-D: variable "COMMS_U4_Rx_buffer_ig"  was declared but never referenced
  static char COMMS_U4_Rx_buffer_ig[COMMS_U4_RX_BUFFER_SIZE_BYTES];  // Inverted copy
..\source\tasks\COMMS_comm_task.c: 4 warnings, 0 errors
compiling ttrd2-19a-t0401a-v001a_assert_failed.c...
compiling EPS_comm_task.c...
..\source\tasks\EPS_comm_task.c(71): warning:  #177-D: variable "hdma_usart1_tx"  was declared but never referenced
  	DMA_InitTypeDef	 hdma_usart1_tx;
..\source\tasks\EPS_comm_task.c(592): warning:  #177-D: variable "T3"  was declared but never referenced
  	uint32_t T3;
..\source\tasks\EPS_comm_task.c(9): warning:  #177-D: variable "EPS_U1_Ready"  was declared but never referenced
  static uint8_t	EPS_U1_Ready=1;
..\source\tasks\EPS_comm_task.c(19): warning:  #550-D: variable "EPS_U1_Tx_buffer2_ig"  was set but never used
  static char  EPS_U1_Tx_buffer2_ig[EPS_U1_TX_BUFFER_SIZE_BYTES];  // Inverted copy
..\source\tasks\EPS_comm_task.c(22): warning:  #177-D: variable "EPS_U1_Rx_buffer_ig"  was declared but never referenced
  static char EPS_U1_Rx_buffer_ig[EPS_U1_RX_BUFFER_SIZE_BYTES];  // Inverted copy
..\source\tasks\EPS_comm_task.c: 5 warnings, 0 errors
compiling ttrd2-05a-t0401a-v001a_reg_conf_chk_uart.c...
..\source\hsi_reg_config_checks\ttrd2-05a-t0401a-v001a_reg_conf_chk_uart.c(62): warning:  #550-D: variable "uart4_cr1_ig"  was set but never used
  static uint32_t uart4_cr1_ig;
..\source\hsi_reg_config_checks\ttrd2-05a-t0401a-v001a_reg_conf_chk_uart.c(63): warning:  #550-D: variable "uart4_cr2_ig"  was set but never used
  static uint32_t uart4_cr2_ig;
..\source\hsi_reg_config_checks\ttrd2-05a-t0401a-v001a_reg_conf_chk_uart.c(64): warning:  #550-D: variable "uart4_cr3_ig"  was set but never used
  static uint32_t uart4_cr3_ig;
..\source\hsi_reg_config_checks\ttrd2-05a-t0401a-v001a_reg_conf_chk_uart.c(65): warning:  #550-D: variable "uart4_brr_ig"  was set but never used
  static uint32_t uart4_brr_ig;
..\source\hsi_reg_config_checks\ttrd2-05a-t0401a-v001a_reg_conf_chk_uart.c: 4 warnings, 0 errors
compiling ADCS_comm_task.c...
..\source\tasks\ADCS_comm_task.c(71): warning:  #177-D: variable "hdma_usart6_tx"  was declared but never referenced
  	DMA_InitTypeDef	 hdma_usart6_tx;
..\source\tasks\ADCS_comm_task.c(597): warning:  #177-D: variable "T3"  was declared but never referenced
  	uint32_t T3;
..\source\tasks\ADCS_comm_task.c(9): warning:  #177-D: variable "ADCS_U6_Ready"  was declared but never referenced
  static uint8_t	ADCS_U6_Ready=1;
..\source\tasks\ADCS_comm_task.c(19): warning:  #550-D: variable "ADCS_U6_Tx_buffer2_ig"  was set but never used
  static char  ADCS_U6_Tx_buffer2_ig[ADCS_U6_TX_BUFFER_SIZE_BYTES];  // Inverted copy
..\source\tasks\ADCS_comm_task.c(22): warning:  #177-D: variable "ADCS_U6_Rx_buffer_ig"  was declared but never referenced
  static char ADCS_U6_Rx_buffer_ig[ADCS_U6_RX_BUFFER_SIZE_BYTES];  // Inverted copy
..\source\tasks\ADCS_comm_task.c: 5 warnings, 0 errors
compiling ttrd2-19a-t0401a-v001b_processor.c...
compiling hldlc.c...
compiling ttrd2-18a-t0401a-v001a_monittor_i.c...
compiling ttrd2-19a-t0401a-v001b_predicttor_i.c...
compiling obc_hsi.c...
compiling services.c...
compiling ttrd2-19a-t0401a-v001c_scheduler.c...
compiling cubesat_mod.c...
..\source\ecss_services\cubesat_mod.c(61): warning:  #188-D: enumerated type mixed with another type
              TC_TM_app_id dest = 0;
..\source\ecss_services\cubesat_mod.c(112): warning:  #188-D: enumerated type mixed with another type
      crt_pkt(*pkt, EPS_APP_ID, TC, TC_ACK_NO, TC_TEST_SERVICE, TC_CT_PERFORM_TEST, SYSTEM_APP_ID);
..\source\ecss_services\cubesat_mod.c: 2 warnings, 0 errors
compiling uart_hsi.c...
compiling obc.c...
..\source\ecss_services\obc.c(66): warning:  #550-D: variable "res"  was set but never used
      SAT_returnState res;
..\source\ecss_services\obc.c: 1 warning, 0 errors
compiling housekeeping.c...
compiling scheduling_service.c...
..\source\ecss_services\scheduling_service.c(89): warning:  #546-D: transfer of control bypasses initialization of:
            variable "sch_rep_d_pkt"  (declared at line 136)
            variable "sch_rep_s_pkt"  (declared at line 144)
      switch( tc_tm_packet->ser_subtype){
      ^
..\source\ecss_services\scheduling_service.c(303): warning:  #188-D: enumerated type mixed with another type
      crt_pkt(pkt, SYSTEM_APP_ID, TM, TC_ACK_NO, TC_SCHEDULING_SERVICE, sid, dest_app_id);
..\source\ecss_services\scheduling_service.c(346): warning:  #111-D: statement is unreachable
                  break;
..\source\ecss_services\scheduling_service.c(531): warning:  #111-D: statement is unreachable
                      break;
..\source\ecss_services\scheduling_service.c(949): warning:  #174-D: expression has no effect
      (*sc_pkt).seq_count << 8;
..\source\ecss_services\scheduling_service.c: 5 warnings, 0 errors
compiling mass_storage_service.c...
..\source\ecss_services\mass_storage_service.c(51): warning:  #188-D: enumerated type mixed with another type
                                     .last_err = FR_OK } ;
..\source\ecss_services\mass_storage_service.c(55): warning:  #188-D: enumerated type mixed with another type
      MS_data.last_err = res;
..\source\ecss_services\mass_storage_service.c(56): warning:  #188-D: enumerated type mixed with another type
      MS_data.last_err = l;
..\source\ecss_services\mass_storage_service.c(95): warning:  #188-D: enumerated type mixed with another type
  			mode = pkt->data[1];
..\source\ecss_services\mass_storage_service.c(184): warning:  #188-D: enumerated type mixed with another type
      if((res = f_opendir(&dir, (char*)path)) != FR_OK) { MS_ERR(res); }  //add more error checking
..\source\ecss_services\mass_storage_service.c(190): warning:  #188-D: enumerated type mixed with another type
              MS_ERR(res); 
..\source\ecss_services\mass_storage_service.c(199): warning:  #167-D: argument of type "uint8_t *" is incompatible with parameter of type "char *restrict"
          sprintf(temp_path,"%s/%s", path, (char*)fn);
..\source\ecss_services\mass_storage_service.c(203): warning:  #188-D: enumerated type mixed with another type
              MS_ERR(res);
..\source\ecss_services\mass_storage_service.c(208): warning:  #188-D: enumerated type mixed with another type
              MS_ERR(res);
..\source\ecss_services\mass_storage_service.c(244): warning:  #188-D: enumerated type mixed with another type
      if((res = f_open(&fp, (char*)path, FA_OPEN_EXISTING | FA_READ)) != FR_OK) { MS_ERR(res); } 
..\source\ecss_services\mass_storage_service.c(249): warning:  #188-D: enumerated type mixed with another type
      if(res != FR_OK) { MS_ERR(res); } 
..\source\ecss_services\mass_storage_service.c(250): warning:  #188-D: enumerated type mixed with another type
      else if(byteswritten == 0) { MS_ERR(res); } 
..\source\ecss_services\mass_storage_service.c(303): warning:  #188-D: enumerated type mixed with another type
      if(res != FR_OK) { MS_ERR(res); } 
..\source\ecss_services\mass_storage_service.c(350): warning:  #188-D: enumerated type mixed with another type
      FRESULT res = 0;
..\source\ecss_services\mass_storage_service.c(374): warning:  #188-D: enumerated type mixed with another type
      if((res = f_opendir(&dir, (char*)path)) != FR_OK) { MS_ERR(res); }
..\source\ecss_services\mass_storage_service.c(377): warning:  #188-D: enumerated type mixed with another type
          if((res = f_readdir(&dir, &fno)) != FR_OK) { f_closedir(&dir); MS_ERR(res); }  /* Break on error */
..\source\ecss_services\mass_storage_service.c(397): warning:  #167-D: argument of type "uint8_t *" is incompatible with parameter of type "char *restrict"
              sprintf(temp_path,"%s/%s", path, (char*)fn);
..\source\ecss_services\mass_storage_service.c(398): warning:  #167-D: argument of type "uint8_t *" is incompatible with parameter of type "const TCHAR *"
              if((res = f_stat(temp_path, &fno)) != FR_OK) {
..\source\ecss_services\mass_storage_service.c(455): warning:  #188-D: enumerated type mixed with another type
      if(res != FR_OK)    { MS_ERR(res); }
..\source\ecss_services\mass_storage_service.c(463): warning:  #188-D: enumerated type mixed with another type
      FRESULT res = 0;
..\source\ecss_services\mass_storage_service.c(466): warning:  #188-D: enumerated type mixed with another type
      if((res = f_mount(&MS_data.Fs, MS_SD_PATH, 0)) != FR_OK) { MS_ERR(res); }
..\source\ecss_services\mass_storage_service.c(471): warning:  #188-D: enumerated type mixed with another type
      if((res = mass_storage_dirCheck()) != SATR_OK)         { return res; }
..\source\ecss_services\mass_storage_service.c(471): warning:  #188-D: enumerated type mixed with another type
      if((res = mass_storage_dirCheck()) != SATR_OK)         { return res; }
..\source\ecss_services\mass_storage_service.c(488): warning:  #188-D: enumerated type mixed with another type
      crt_pkt(*pkt, OBC_APP_ID, TM, TC_ACK_NO, TC_MASS_STORAGE_SERVICE, 0, dest_id); //what dest_id ?
..\source\ecss_services\mass_storage_service.c(503): warning:  #188-D: enumerated type mixed with another type
      if(res != FR_OK)    { MS_ERR(res); }    
..\source\ecss_services\mass_storage_service.c(514): warning:  #188-D: enumerated type mixed with another type
      if((res = f_stat((char*)MS_WOD_LOG, &fno)) != FR_OK)        { MS_ERR(res); }
..\source\ecss_services\mass_storage_service.c(515): warning:  #188-D: enumerated type mixed with another type
      if((res = f_stat((char*)MS_EXT_WOD_LOG, &fno)) != FR_OK)    { MS_ERR(res); }
..\source\ecss_services\mass_storage_service.c(516): warning:  #188-D: enumerated type mixed with another type
      if((res = f_stat((char*)MS_EVENT_LOG, &fno)) != FR_OK)      { MS_ERR(res); }
..\source\ecss_services\mass_storage_service.c(517): warning:  #188-D: enumerated type mixed with another type
      if((res = f_stat((char*)MS_FOTOS, &fno)) != FR_OK)          { MS_ERR(res); }
..\source\ecss_services\mass_storage_service.c(518): warning:  #188-D: enumerated type mixed with another type
      if((res = f_stat((char*)MS_SCHS, &fno)) != FR_OK)           { MS_ERR(res); }
..\source\ecss_services\mass_storage_service.c(536): warning:  #177-D: variable "fres"  was declared but never referenced
      FRESULT fres;
..\source\ecss_services\mass_storage_service.c(601): warning:  #188-D: enumerated type mixed with another type
                   sid == FOTOS)) == true) { return 0; }
..\source\ecss_services\mass_storage_service.c(602): warning:  #188-D: enumerated type mixed with another type
      if((!C_ASSERT(to < MS_MAX_FILES)) == true)  { return 0; }
..\source\ecss_services\mass_storage_service.c(614): warning:  #188-D: enumerated type mixed with another type
          if((!C_ASSERT(to <= files_num)) == true)  { return 0; }
..\source\ecss_services\mass_storage_service.c(710): warning:  #167-D: argument of type "uint8_t *" is incompatible with parameter of type "const TCHAR *"
              res = f_stat(f_head, &fno_head);
..\source\ecss_services\mass_storage_service.c(717): warning:  #167-D: argument of type "uint8_t *" is incompatible with parameter of type "const TCHAR *"
              res = f_stat(f_tail, &fno_tail);
..\source\ecss_services\mass_storage_service.c(658): warning:  #177-D: variable "fno"  was declared but never referenced
      FILINFO fno;
..\source\ecss_services\mass_storage_service.c(660): warning:  #177-D: variable "path"  was declared but never referenced
      uint8_t path[MS_MAX_PATH];
..\source\ecss_services\mass_storage_service.c(756): warning:  #550-D: variable "head"  was set but never used
      uint16_t *head = 0;
..\source\ecss_services\mass_storage_service.c: 39 warnings, 0 errors
linking...
Program Size: Code=63670 RO-data=4810 RW-data=1528 ZI-data=78536  
".\Objects\TTRD-ERES2.axf" - 0 Error(s), 66 Warning(s).

<h2>Software Packages used:</h2>

Package Vendor: Keil
                http://www.keil.com/pack/Keil.STM32F4xx_DFP.2.16.0.pack
                Keil.STM32F4xx_DFP.2.16.0
                STMicroelectronics STM32F4 Series Device Support, Drivers and Examples

<h2>Collection of Component include folders:</h2>
  C:/Keil_v5/ARM/PACK/Keil/STM32F4xx_DFP/2.16.0/Drivers/CMSIS/Device/ST/STM32F4xx/Include

<h2>Collection of Component Files used:</h2>
Build Time Elapsed:  00:00:08
</pre>
</body>
</html>
