<html>
<body>
<pre>
<h1>µVision Build Log</h1>
<h2>Tool Versions:</h2>
IDE-Version: µVision V5.35.0.0
Copyright (C) 2021 ARM Ltd and ARM Germany GmbH. All rights reserved.
License Information: A B, C, LIC=----
 
Tool Versions:
Toolchain:       MDK-Lite  Version: 5.35.0.2
Toolchain Path:  D:\Keil\ARM\ARMCC\Bin
C Compiler:      Armcc.exe V5.06 update 7 (build 960)
Assembler:       Armasm.exe V5.06 update 7 (build 960)
Linker/Locator:  ArmLink.exe V5.06 update 7 (build 960)
Library Manager: ArmAr.exe V5.06 update 7 (build 960)
Hex Converter:   FromElf.exe V5.06 update 7 (build 960)
CPU DLL:         SARMCM3.DLL V5.35.0.2
Dialog DLL:      DCM.DLL V1.17.3.0
Target DLL:      STLink\ST-LINKIII-KEIL_SWO.dll V3.0.9.0
Dialog DLL:      TCM.DLL V1.53.0.0
 
<h2>Project:</h2>
F:\Engineering\eng\GP\CubeSat\COMM\Coding\Disc TTRD\project\ttrd_eres02.uvprojx
Project File Date:  03/29/2022

<h2>Output:</h2>
*** Using Compiler 'V5.06 update 7 (build 960)', folder: 'D:\Keil\ARM\ARMCC\Bin'
Build target 'STM32F407VG'
compiling cc_tx.c...
..\source\tasks\../main/../support_functions/services.h(447): warning:  #1295-D: Deprecated declaration stats_dropped_hldlc - give arg types
  void stats_dropped_hldlc();
..\source\tasks\../main/../support_functions/services.h(449): warning:  #1295-D: Deprecated declaration stats_dropped_upack - give arg types
  void stats_dropped_upack();
..\source\tasks\../main/../support_functions/services.h(456): warning:  #1295-D: Deprecated declaration flash_INIT - give arg types
  uint32_t flash_INIT();
..\source\tasks\../main/../support_functions/services.h(875): warning:  #1295-D: Deprecated declaration comms_persistent_mem_init - give arg types
  comms_persistent_mem_init();
..\source\tasks\../main/../support_functions/services.h(902): warning:  #1295-D: Deprecated declaration pkt_pool_INIT - give arg types
  SAT_returnState pkt_pool_INIT();
..\source\tasks\../main/../support_functions/services.h(917): warning:  #1295-D: Deprecated declaration HAL_comms_SD_ON - give arg types
  extern void HAL_comms_SD_ON();
..\source\tasks\../main/../support_functions/services.h(918): warning:  #1295-D: Deprecated declaration HAL_comms_SD_OFF - give arg types
  extern void HAL_comms_SD_OFF();
..\source\tasks\../main/../support_functions/upsat.h(66): warning:  #1295-D: Deprecated declaration sys_data_INIT - give arg types
  SAT_returnState sys_data_INIT();
..\source\tasks\../main/../support_functions/upsat.h(73): warning:  #1295-D: Deprecated declaration sys_refresh - give arg types
  void sys_refresh();
..\source\tasks\../main/../support_functions/comms_hal.h(42): warning:  #1295-D: Deprecated declaration HAL_comms_SD_ON - give arg types
  void HAL_comms_SD_ON();
..\source\tasks\../main/../support_functions/comms_hal.h(44): warning:  #1295-D: Deprecated declaration HAL_comms_SD_OFF - give arg types
  void HAL_comms_SD_OFF();
..\source\tasks\../main/../tasks/../support_functions/cw.h(53): warning:  #1295-D: Deprecated declaration cw_init - give arg types
  void cw_init ();
..\source\tasks\../main/../tasks/../support_functions/cc_rx_init.h(19): warning:  #1295-D: Deprecated declaration rx_manual_calibration - give arg types
  void rx_manual_calibration ();
..\source\tasks\../main/../tasks/../support_functions/cc_rx_init.h(20): warning:  #1295-D: Deprecated declaration rx_register_config - give arg types
  void rx_register_config ();
..\source\tasks\../main/../tasks/../support_functions/cc_rx_init.h(21): warning:  #1295-D: Deprecated declaration rx_temp_sensor_register_config - give arg types
  void rx_temp_sensor_register_config ();
..\source\tasks\../main/../tasks/../support_functions/cc_rx_init.h(32): warning:  #1295-D: Deprecated declaration cc_rx_check_fifo_status - give arg types
  uint8_t cc_rx_check_fifo_status(); // Checks if the RX FIFO of the CC1120 encountered any error. If yes, the FIFO is flushed and the RX CC1120 is set again in normal RX mode.
..\source\tasks\../main/../tasks/comms_manager.h(44): warning:  #1295-D: Deprecated declaration comms_init - give arg types
  void comms_init();
..\source\tasks\../main/../tasks/comms_manager.h(62): warning:  #1295-D: Deprecated declaration send_cw_beacon - give arg types
  int32_t send_cw_beacon();
..\source\tasks\../main/../tasks/comms_manager.h(64): warning:  #1295-D: Deprecated declaration is_tx_enabled - give arg types
  uint8_t is_tx_enabled(); // Implemented.
..\source\tasks\../main/../tasks/comms_manager.h(66): warning:  #1295-D: Deprecated declaration is_cmd_ctrl_enabled - give arg types
  uint8_t is_cmd_ctrl_enabled(); // Implemented.
..\source\tasks\../main/../tasks/comms_manager.h(72): warning:  #1295-D: Deprecated declaration check_timeouts - give arg types
  SAT_returnState check_timeouts();
..\source\tasks\../main/../tasks/TickCounter.h(4): warning:  #1295-D: Deprecated declaration updateCurrentTick - give arg types
  void updateCurrentTick();
..\source\tasks\../main/../tasks/TickCounter.h(6): warning:  #1-D: last line of file ends without a newline
  uint32_t getCurrentTick();
..\source\tasks\../main/../tasks/TickCounter.h(6): warning:  #1295-D: Deprecated declaration getCurrentTick - give arg types
  uint32_t getCurrentTick();
..\source\tasks\cc_tx.c(689): warning:  #177-D: variable "T3"  was declared but never referenced
  	uint32_t T3;
..\source\tasks\cc_tx.c(18): warning:  #177-D: variable "CC_TX_Tx_buffer2_ig"  was declared but never referenced
  static char  CC_TX_Tx_buffer2_ig[CC_TX_TX_BUFFER_SIZE_BYTES];  // Inverted copy
..\source\tasks\cc_tx.c(21): warning:  #177-D: variable "CC_TX_Rx_buffer_ig"  was declared but never referenced
  static char CC_TX_Rx_buffer_ig[CC_TX_RX_BUFFER_SIZE_BYTES];  // Inverted copy
..\source\tasks\cc_tx.c: 27 warnings, 0 errors
linking...
Program Size: Code=23428 RO-data=436 RW-data=1396 ZI-data=36884  
".\Objects\TTRD-ERES2.axf" - 0 Error(s), 27 Warning(s).

<h2>Software Packages used:</h2>

Package Vendor: Keil
                http://www.keil.com/pack/Keil.STM32F4xx_DFP.2.15.0.pack
                Keil.STM32F4xx_DFP.2.15.0
                STMicroelectronics STM32F4 Series Device Support, Drivers and Examples

<h2>Collection of Component include folders:</h2>
  D:\Keil\Keil\STM32F4xx_DFP\2.15.0\Drivers\CMSIS\Device\ST\STM32F4xx\Include

<h2>Collection of Component Files used:</h2>
Build Time Elapsed:  00:00:02
</pre>
</body>
</html>
