<html>
<body>
<pre>
<h1>µVision Build Log</h1>
<h2>Tool Versions:</h2>
IDE-Version: µVision V5.35.0.0
Copyright (C) 2021 ARM Ltd and ARM Germany GmbH. All rights reserved.
License Information: Abdelrahman Ahmed, Alexandria University, LIC=----
 
Tool Versions:
Toolchain:       MDK-Lite  Version: 5.35.0.2
Toolchain Path:  E:\Program Files\New Folder\keil\ARM\ARMCC\Bin
C Compiler:      Armcc.exe V5.06 update 7 (build 960)
Assembler:       Armasm.exe V5.06 update 7 (build 960)
Linker/Locator:  ArmLink.exe V5.06 update 7 (build 960)
Library Manager: ArmAr.exe V5.06 update 7 (build 960)
Hex Converter:   FromElf.exe V5.06 update 7 (build 960)
CPU DLL:         SARMCM3.DLL V5.35.0.2
Dialog DLL:      DCM.DLL V1.17.3.0
Target DLL:      STLink\ST-LINKIII-KEIL_SWO.dll V3.0.9.0
Dialog DLL:      TCM.DLL V1.53.0.0
 
<h2>Project:</h2>
C:\Users\Abdelrahman Ahmed\Documents\GitHub\dev\EPS\TT\ttrd2-19a-t0401a-v001c - Released 2017-08-17\ttrd2-19a-t0401a-v001c - Released 2017-08-17\project\ttrd_eres02.uvprojx
Project File Date:  02/18/2022

<h2>Output:</h2>
*** Using Compiler 'V5.06 update 7 (build 960)', folder: 'E:\Program Files\New Folder\keil\ARM\ARMCC\Bin'
Build target 'STM32F407VG'
compiling eps_power_module.c...
..\source\tasks\eps_soft_error_handling.h(101): warning:  #1-D: last line of file ends without a newline
    */
..\source\tasks\eps_state.h(183): warning:  #1-D: last line of file ends without a newline
  #endif /* INC_EPS_STATE_H_ */
..\source\tasks\eps_power_module.c(93): warning:  #177-D: variable "error_status"  was declared but never referenced
  uint16_t error_status = EPS_SOFT_ERROR_POWER_MODULE_INIT_ALL;
..\source\tasks\eps_power_module.c(141): warning:  #177-D: variable "adc_measurement_dma_power_modules"  was declared but never referenced
  	uint32_t adc_measurement_dma_power_modules[67]= { 0 };//2*64 +1
..\source\tasks\eps_power_module.c(147): warning:  #177-D: variable "voltage_avg"  was declared but never referenced
  	uint32_t voltage_avg =0;
..\source\tasks\eps_power_module.c(148): warning:  #177-D: variable "current_avg"  was declared but never referenced
  	uint32_t current_avg =0;
..\source\tasks\eps_power_module.c: 6 warnings, 0 errors
linking...
Program Size: Code=17668 RO-data=424 RW-data=1040 ZI-data=2912  
".\Objects\TTRD-ERES2.axf" - 0 Error(s), 6 Warning(s).

<h2>Software Packages used:</h2>

Package Vendor: Keil
                http://www.keil.com/pack/Keil.STM32F4xx_DFP.2.15.0.pack
                Keil.STM32F4xx_DFP.2.15.0
                STMicroelectronics STM32F4 Series Device Support, Drivers and Examples

<h2>Collection of Component include folders:</h2>
  E:\Program Files\New Folder\keil\pack\Keil\STM32F4xx_DFP\2.15.0\Drivers\CMSIS\Device\ST\STM32F4xx\Include

<h2>Collection of Component Files used:</h2>
Build Time Elapsed:  00:00:03
</pre>
</body>
</html>
