Component: ARM Compiler 5.06 update 7 (build 960) Tool: armlink [4d3601]

==============================================================================

Section Cross References

    main.o(i.main) refers to ttrd2-19a-t0401a-v001b_processor.o(i.PROCESSOR_Init) for PROCESSOR_Init
    main.o(i.main) refers to ttrd2-19a-t0401a-v001c_scheduler.o(i.SCH_Start) for SCH_Start
    main.o(i.main) refers to ttrd2-19a-t0401a-v001c_scheduler.o(i.SCH_Dispatch_Tasks) for SCH_Dispatch_Tasks
    project.o(i.Activation_Pins_Init) refers to stm32f4xx_rcc.o(i.RCC_AHB1PeriphClockCmd) for RCC_AHB1PeriphClockCmd
    project.o(i.Activation_Pins_Init) refers to stm32f4xx_gpio.o(i.GPIO_Init) for GPIO_Init
    project.o(i.Activation_Pins_Init) refers to stm32f4xx_gpio.o(i.GPIO_ResetBits) for GPIO_ResetBits
    project.o(i.HardFault_Handler) refers to ttrd2-19a-t0401a-v001c_scheduler.o(i.SCH_Get_LastRunTaskID) for SCH_Get_LastRunTaskID
    project.o(i.HardFault_Handler) refers to project.o(.data) for tid
    project.o(i.I2C1_Init) refers to stm32f4xx_rcc.o(i.RCC_APB1PeriphClockCmd) for RCC_APB1PeriphClockCmd
    project.o(i.I2C1_Init) refers to stm32f4xx_i2c.o(i.I2C_Init) for I2C_Init
    project.o(i.I2C1_Init) refers to stm32f4xx_i2c.o(i.I2C_Cmd) for I2C_Cmd
    project.o(i.I2C1_Init) refers to stm32f4xx_rcc.o(i.RCC_AHB1PeriphClockCmd) for RCC_AHB1PeriphClockCmd
    project.o(i.I2C1_Init) refers to stm32f4xx_gpio.o(i.GPIO_Init) for GPIO_Init
    project.o(i.I2C1_Init) refers to stm32f4xx_gpio.o(i.GPIO_PinAFConfig) for GPIO_PinAFConfig
    project.o(i.OBC_COMM_USART_DMA_Init) refers to stm32f4xx_rcc.o(i.RCC_APB1PeriphClockCmd) for RCC_APB1PeriphClockCmd
    project.o(i.OBC_COMM_USART_DMA_Init) refers to stm32f4xx_rcc.o(i.RCC_AHB1PeriphClockCmd) for RCC_AHB1PeriphClockCmd
    project.o(i.OBC_COMM_USART_DMA_Init) refers to stm32f4xx_gpio.o(i.GPIO_Init) for GPIO_Init
    project.o(i.OBC_COMM_USART_DMA_Init) refers to stm32f4xx_gpio.o(i.GPIO_PinAFConfig) for GPIO_PinAFConfig
    project.o(i.OBC_COMM_USART_DMA_Init) refers to stm32f4xx_usart.o(i.USART_Init) for USART_Init
    project.o(i.OBC_COMM_USART_DMA_Init) refers to obc_comm.o(i.OBC_Comm_GetpBuffer_TX) for OBC_Comm_GetpBuffer_TX
    project.o(i.OBC_COMM_USART_DMA_Init) refers to stm32f4xx_dma.o(i.DMA_Init) for DMA_Init
    project.o(i.OBC_COMM_USART_DMA_Init) refers to stm32f4xx_usart.o(i.USART_Cmd) for USART_Cmd
    project.o(i.OBC_COMM_USART_DMA_Init) refers to stm32f4xx_usart.o(i.USART_DMACmd) for USART_DMACmd
    project.o(i.Project_MSP_Init) refers to project.o(i.I2C1_Init) for I2C1_Init
    project.o(i.Project_MSP_Init) refers to project.o(i.UART4_DMA_RX_Init) for UART4_DMA_RX_Init
    project.o(i.Project_MSP_Init) refers to project.o(i.OBC_COMM_USART_DMA_Init) for OBC_COMM_USART_DMA_Init
    project.o(i.UART4_DMA_RX_Init) refers to stm32f4xx_rcc.o(i.RCC_AHB1PeriphClockCmd) for RCC_AHB1PeriphClockCmd
    project.o(i.UART4_DMA_RX_Init) refers to stm32f4xx_gpio.o(i.GPIO_Init) for GPIO_Init
    project.o(i.UART4_DMA_RX_Init) refers to stm32f4xx_gpio.o(i.GPIO_PinAFConfig) for GPIO_PinAFConfig
    project.o(i.UART4_DMA_RX_Init) refers to stm32f4xx_rcc.o(i.RCC_APB1PeriphClockCmd) for RCC_APB1PeriphClockCmd
    project.o(i.UART4_DMA_RX_Init) refers to stm32f4xx_usart.o(i.USART_Init) for USART_Init
    project.o(i.UART4_DMA_RX_Init) refers to gps_sensor.o(i.GPS_Sensor_get_pBuffer) for GPS_Sensor_get_pBuffer
    project.o(i.UART4_DMA_RX_Init) refers to stm32f4xx_dma.o(i.DMA_Init) for DMA_Init
    project.o(i.UART4_DMA_RX_Init) refers to stm32f4xx_usart.o(i.USART_Cmd) for USART_Cmd
    project.o(i.UART4_DMA_RX_Init) refers to stm32f4xx_dma.o(i.DMA_Cmd) for DMA_Cmd
    project.o(i.UART4_DMA_RX_Init) refers to stm32f4xx_usart.o(i.USART_DMACmd) for USART_DMACmd
    ttrd2-05a-t0401a-v001a_timeout_t3.o(i.TIMEOUT_T3_USEC_Get_Timer_State) refers to ttrd2-05a-t0401a-v001a_reg_conf_chk_timer.o(i.REG_CONFIG_TIMER_Check) for REG_CONFIG_TIMER_Check
    ttrd2-05a-t0401a-v001a_timeout_t3.o(i.TIMEOUT_T3_USEC_Get_Timer_State) refers to stm32f4xx_tim.o(i.TIM_GetCounter) for TIM_GetCounter
    ttrd2-05a-t0401a-v001a_timeout_t3.o(i.TIMEOUT_T3_USEC_Init) refers to stm32f4xx_rcc.o(i.RCC_APB1PeriphClockCmd) for RCC_APB1PeriphClockCmd
    ttrd2-05a-t0401a-v001a_timeout_t3.o(i.TIMEOUT_T3_USEC_Init) refers to stm32f4xx_tim.o(i.TIM_TimeBaseStructInit) for TIM_TimeBaseStructInit
    ttrd2-05a-t0401a-v001a_timeout_t3.o(i.TIMEOUT_T3_USEC_Init) refers to stm32f4xx_tim.o(i.TIM_TimeBaseInit) for TIM_TimeBaseInit
    ttrd2-05a-t0401a-v001a_timeout_t3.o(i.TIMEOUT_T3_USEC_Start) refers to stm32f4xx_tim.o(i.TIM_SetCounter) for TIM_SetCounter
    ttrd2-05a-t0401a-v001a_timeout_t3.o(i.TIMEOUT_T3_USEC_Start) refers to stm32f4xx_tim.o(i.TIM_Cmd) for TIM_Cmd
    ttrd2-05a-t0401a-v001a_timeout_t3.o(i.TIMEOUT_T3_USEC_Start) refers to ttrd2-05a-t0401a-v001a_reg_conf_chk_timer.o(i.REG_CONFIG_TIMER_Store) for REG_CONFIG_TIMER_Store
[...]
    UART2_BUF_O_Init                         0x08009169   Thumb Code   256  ttrd2-05a-t0401a-v001a_uart2_buff_o_task.o(i.UART2_BUF_O_Init)
    UART2_BUF_O_Send_All_Data                0x08009289   Thumb Code   108  ttrd2-05a-t0401a-v001a_uart2_buff_o_task.o(i.UART2_BUF_O_Send_All_Data)
    UART2_BUF_O_Send_All_Data_Blocking       0x08009311   Thumb Code    48  ttrd2-05a-t0401a-v001a_uart2_buff_o_task.o(i.UART2_BUF_O_Send_All_Data_Blocking)
    UART2_BUF_O_Update                       0x08009349   Thumb Code    18  ttrd2-05a-t0401a-v001a_uart2_buff_o_task.o(i.UART2_BUF_O_Update)
    UART2_BUF_O_Write_Char_To_Buffer         0x08009365   Thumb Code    72  ttrd2-05a-t0401a-v001a_uart2_buff_o_task.o(i.UART2_BUF_O_Write_Char_To_Buffer)
    UART2_BUF_O_Write_Number03_To_Buffer     0x080093c5   Thumb Code    86  ttrd2-05a-t0401a-v001a_uart2_buff_o_task.o(i.UART2_BUF_O_Write_Number03_To_Buffer)
    UART2_BUF_O_Write_Number04_To_Buffer     0x0800941b   Thumb Code   110  ttrd2-05a-t0401a-v001a_uart2_buff_o_task.o(i.UART2_BUF_O_Write_Number04_To_Buffer)
    UART2_BUF_O_Write_String_To_Buffer       0x08009489   Thumb Code    24  ttrd2-05a-t0401a-v001a_uart2_buff_o_task.o(i.UART2_BUF_O_Write_String_To_Buffer)
    UART4_DMA_RX_Init                        0x080094a1   Thumb Code   204  project.o(i.UART4_DMA_RX_Init)
    USART_ClearFlag                          0x08009579   Thumb Code   140  stm32f4xx_usart.o(i.USART_ClearFlag)
    USART_Cmd                                0x0800964d   Thumb Code   108  stm32f4xx_usart.o(i.USART_Cmd)
    USART_DMACmd                             0x08009701   Thumb Code   126  stm32f4xx_usart.o(i.USART_DMACmd)
    USART_Init                               0x080097c9   Thumb Code   480  stm32f4xx_usart.o(i.USART_Init)
    WATCHDOG_Init                            0x080099f5   Thumb Code    52  ttrd2-05a-t0401a-v001a_iwdt_task.o(i.WATCHDOG_Init)
    WATCHDOG_Update                          0x08009a35   Thumb Code    12  ttrd2-05a-t0401a-v001a_iwdt_task.o(i.WATCHDOG_Update)
    WahbaJacobiSVDRotM                       0x08009a49   Thumb Code   264  jacobits.o(i.WahbaJacobiSVDRotM)
    WahbaRotM                                0x08009b55   Thumb Code  1176  wahbarotm.o(i.WahbaRotM)
    __ARM_fpclassify                         0x08009fed   Thumb Code    48  fpclassify.o(i.__ARM_fpclassify)
    __ARM_fpclassifyf                        0x0800a01d   Thumb Code    38  fpclassifyf.o(i.__ARM_fpclassifyf)
    __hardfp___mathlib_tofloat               0x0800a049   Thumb Code   232  narrow.o(i.__hardfp___mathlib_tofloat)
    __hardfp_acosf                           0x0800a141   Thumb Code   234  acosf.o(i.__hardfp_acosf)
    __hardfp_asin                            0x0800a259   Thumb Code   770  asin.o(i.__hardfp_asin)
    __hardfp_atan                            0x0800a5b9   Thumb Code   622  atan.o(i.__hardfp_atan)
    __hardfp_atan2                           0x0800a891   Thumb Code   448  atan2.o(i.__hardfp_atan2)
    __hardfp_atan2f                          0x0800aa91   Thumb Code   594  atan2f.o(i.__hardfp_atan2f)
    __hardfp_atof                            0x0800ad41   Thumb Code    44  atof.o(i.__hardfp_atof)
    __hardfp_cos                             0x0800ad79   Thumb Code   180  cos.o(i.__hardfp_cos)
    __hardfp_cosf                            0x0800ae41   Thumb Code   280  cosf.o(i.__hardfp_cosf)
    __hardfp_fabs                            0x0800af91   Thumb Code    20  fabs.o(i.__hardfp_fabs)
    __hardfp_fmod                            0x0800afa5   Thumb Code   254  fmod.o(i.__hardfp_fmod)
    __hardfp_ldexp                           0x0800b0a9   Thumb Code   200  ldexp.o(i.__hardfp_ldexp)
    __hardfp_log                             0x0800b179   Thumb Code   872  log.o(i.__hardfp_log)
    __hardfp_pow                             0x0800b541   Thumb Code  3072  pow.o(i.__hardfp_pow)
    __hardfp_sin                             0x0800c191   Thumb Code   180  sin.o(i.__hardfp_sin)
    __hardfp_sinf                            0x0800c259   Thumb Code   344  sinf.o(i.__hardfp_sinf)
    __hardfp_sqrt                            0x0800c3e9   Thumb Code   122  sqrt.o(i.__hardfp_sqrt)
    __ieee754_rem_pio2                       0x0800c469   Thumb Code   938  rred.o(i.__ieee754_rem_pio2)
    __kernel_cos                             0x0800c8a1   Thumb Code   322  cos_i.o(i.__kernel_cos)
    __kernel_poly                            0x0800ca11   Thumb Code   248  poly.o(i.__kernel_poly)
    __kernel_sin                             0x0800cb09   Thumb Code   280  sin_i.o(i.__kernel_sin)
    __mathlib_dbl_divzero                    0x0800cc39   Thumb Code    28  dunder.o(i.__mathlib_dbl_divzero)
    __mathlib_dbl_infnan                     0x0800cc69   Thumb Code    20  dunder.o(i.__mathlib_dbl_infnan)
    __mathlib_dbl_infnan2                    0x0800cc7d   Thumb Code    20  dunder.o(i.__mathlib_dbl_infnan2)
    __mathlib_dbl_invalid                    0x0800cc91   Thumb Code    24  dunder.o(i.__mathlib_dbl_invalid)
    __mathlib_dbl_overflow                   0x0800ccb1   Thumb Code    24  dunder.o(i.__mathlib_dbl_overflow)
    __mathlib_dbl_underflow                  0x0800ccd1   Thumb Code    24  dunder.o(i.__mathlib_dbl_underflow)
    __mathlib_flt_infnan                     0x0800ccf1   Thumb Code     6  funder.o(i.__mathlib_flt_infnan)
    __mathlib_flt_infnan2                    0x0800ccf7   Thumb Code     6  funder.o(i.__mathlib_flt_infnan2)
    __mathlib_flt_invalid                    0x0800ccfd   Thumb Code    10  funder.o(i.__mathlib_flt_invalid)
    __mathlib_flt_underflow                  0x0800cd0d   Thumb Code    10  funder.o(i.__mathlib_flt_underflow)
    __mathlib_narrow                         0x0800cd1d   Thumb Code    18  narrow.o(i.__mathlib_narrow)
    __mathlib_rredf2                         0x0800cd31   Thumb Code   316  rredf.o(i.__mathlib_rredf2)
    __support_ldexp                          0x0800ce85   Thumb Code    20  ldexp.o(i.__support_ldexp)
    _is_digit                                0x0800d70f   Thumb Code    14  scanf_fp.o(i._is_digit)
    apply_jacobi_L                           0x0800e099   Thumb Code   104  jacobits.o(i.apply_jacobi_L)
    apply_jacobi_R                           0x0800e101   Thumb Code   104  jacobits.o(i.apply_jacobi_R)
    assert_failed                            0x0800e1d1   Thumb Code    48  ttrd2-19a-t0401a-v001a_assert_failed.o(i.assert_failed)
    atan                                     0x0800e221   Thumb Code    16  atan.o(i.atan)
    cart2spher                               0x0800e391   Thumb Code   326  frame.o(i.cart2spher)
    cnv8_16LE                                0x0800e4e1   Thumb Code    22  common.o(i.cnv8_16LE)
    cnv8_32                                  0x0800e4f7   Thumb Code    32  common.o(i.cnv8_32)
    cnv8_D                                   0x0800e517   Thumb Code    60  common.o(i.cnv8_D)
    decyear                                  0x0800e7ad   Thumb Code   276  time.o(i.decyear)
    detMatr                                  0x0800e8d1   Thumb Code   130  wahbarotm.o(i.detMatr)
    euler2rotm                               0x0800ec9d   Thumb Code   516  wahbarotm.o(i.euler2rotm)
    fabs                                     0x0800f09d   Thumb Code    24  fabs.o(i.fabs)
    fix_f                                    0x0800f0b5   Thumb Code    18  nmea_parsing.o(i.fix_f)
    flash_read_byte                          0x0800f0c7   Thumb Code     6  flash.o(i.flash_read_byte)
    flash_read_tle                           0x0800f0cd   Thumb Code   502  tle.o(i.flash_read_tle)
    frexp                                    0x0800f2c9   Thumb Code   118  frexp.o(i.frexp)
    geomag                                   0x0800f355   Thumb Code   692  geomag.o(i.geomag)
    jacobi2Sided                             0x0801185d   Thumb Code   876  jacobits.o(i.jacobi2Sided)
    julday                                   0x08011bd1   Thumb Code   182  time.o(i.julday)
    lla_f                                    0x08011fcd   Thumb Code    88  nmea_parsing.o(i.lla_f)
    main                                     0x08012025   Thumb Code    16  main.o(i.main)
    mulMatr                                  0x08012035   Thumb Code   216  wahbarotm.o(i.mulMatr)
    mulMatrMatrTr                            0x0801210d   Thumb Code   228  wahbarotm.o(i.mulMatrMatrTr)
    nmea_parser_init                         0x080122e5   Thumb Code    50  nmea_parsing.o(i.nmea_parser_init)
    nmea_sentence_getOutput                  0x08012351   Thumb Code    16  nmea_parsing.o(i.nmea_sentence_getOutput)
    nmea_sentence_parsing                    0x08012365   Thumb Code    16  nmea_parsing.o(i.nmea_sentence_parsing)
    norm                                     0x08012379   Thumb Code   120  common.o(i.norm)
    print_time                               0x08012631   Thumb Code   170  time.o(i.print_time)
    read_tle                                 0x080126e1   Thumb Code   416  tle.o(i.read_tle)
    root_f                                   0x080128a1   Thumb Code    82  nmea_parsing.o(i.root_f)
    rotmtx2quat                              0x08012a51   Thumb Code   676  wahbarotm.o(i.rotmtx2quat)
    satnum_f                                 0x08012cfd   Thumb Code    38  nmea_parsing.o(i.satnum_f)
    satpos_xyz                               0x08012d25   Thumb Code   104  sgp4.o(i.satpos_xyz)
    sprintf_                                 0x08015fa9   Thumb Code    42  printf.o(i.sprintf_)
    sqrt                                     0x08015fd9   Thumb Code   110  sqrt.o(i.sqrt)
    sqrtf                                    0x08016047   Thumb Code    62  sqrtf.o(i.sqrtf)
    str_to_float                             0x08016085   Thumb Code   168  common.o(i.str_to_float)
    str_to_float_nl                          0x08016135   Thumb Code    64  common.o(i.str_to_float_nl)
    time_f                                   0x08016175   Thumb Code    52  nmea_parsing.o(i.time_f)
    time_getTime                             0x080161a9   Thumb Code    20  time.o(i.time_getTime)
    time_init                                0x080161c1   Thumb Code   182  time.o(i.time_init)
    time_update                              0x08016291   Thumb Code   130  time.o(i.time_update)
    tle_epoch                                0x08016325   Thumb Code   214  time.o(i.tle_epoch)
    wait_for_event                           0x08016415   Thumb Code    58  driver_i2c.o(i.wait_for_event)
    xdop_f                                   0x08016455   Thumb Code    60  nmea_parsing.o(i.xdop_f)
    xnode_proccess                           0x08016491   Thumb Code   118  nmea_parsing.o(i.xnode_proccess)
    _get_lc_numeric                          0x08016509   Thumb Code    44  lc_numeric_c.o(locale$$code)
    _get_lc_ctype                            0x08016535   Thumb Code    44  lc_ctype_c.o(locale$$code)
    __aeabi_dneg                             0x08016561   Thumb Code     0  basic.o(x$fpl$basic)
    _dneg                                    0x08016561   Thumb Code     6  basic.o(x$fpl$basic)
    __aeabi_fneg                             0x08016567   Thumb Code     0  basic.o(x$fpl$basic)
    _fneg                                    0x08016567   Thumb Code     6  basic.o(x$fpl$basic)
    _dabs                                    0x0801656d   Thumb Code     6  basic.o(x$fpl$basic)
    _fabs                                    0x08016573   Thumb Code     6  basic.o(x$fpl$basic)
    __aeabi_d2f                              0x08016579   Thumb Code     0  d2f.o(x$fpl$d2f)
    _d2f                                     0x08016579   Thumb Code    98  d2f.o(x$fpl$d2f)
    __aeabi_dadd                             0x080165dd   Thumb Code     0  daddsub_clz.o(x$fpl$dadd)
    _dadd                                    0x080165dd   Thumb Code   332  daddsub_clz.o(x$fpl$dadd)
    __fpl_dcheck_NaN1                        0x0801672d   Thumb Code    10  dcheck1.o(x$fpl$dcheck1)
    __fpl_dcmp_Inf                           0x0801673d   Thumb Code    24  dcmpi.o(x$fpl$dcmpinf)
    __aeabi_ddiv                             0x08016755   Thumb Code     0  ddiv.o(x$fpl$ddiv)
    _ddiv                                    0x08016755   Thumb Code   552  ddiv.o(x$fpl$ddiv)
    __aeabi_cdcmpeq                          0x08016a05   Thumb Code     0  deqf.o(x$fpl$deqf)
    _dcmpeq                                  0x08016a05   Thumb Code   120  deqf.o(x$fpl$deqf)
    __aeabi_d2iz                             0x08016a7d   Thumb Code     0  dfix.o(x$fpl$dfix)
    _dfix                                    0x08016a7d   Thumb Code    94  dfix.o(x$fpl$dfix)
    __aeabi_d2uiz                            0x08016add   Thumb Code     0  dfixu.o(x$fpl$dfixu)
    _dfixu                                   0x08016add   Thumb Code    90  dfixu.o(x$fpl$dfixu)
    __aeabi_i2d                              0x08016b37   Thumb Code     0  dflt_clz.o(x$fpl$dflt)
    _dflt                                    0x08016b37   Thumb Code    46  dflt_clz.o(x$fpl$dflt)
    __aeabi_ui2d                             0x08016b65   Thumb Code     0  dflt_clz.o(x$fpl$dfltu)
    _dfltu                                   0x08016b65   Thumb Code    38  dflt_clz.o(x$fpl$dfltu)
    __aeabi_cdcmple                          0x08016b8d   Thumb Code     0  dleqf.o(x$fpl$dleqf)
    _dcmple                                  0x08016b8d   Thumb Code   120  dleqf.o(x$fpl$dleqf)
    __fpl_dcmple_InfNaN                      0x08016bef   Thumb Code     0  dleqf.o(x$fpl$dleqf)
    __aeabi_dmul                             0x08016c05   Thumb Code     0  dmul.o(x$fpl$dmul)
    _dmul                                    0x08016c05   Thumb Code   332  dmul.o(x$fpl$dmul)
    __fpl_dnaninf                            0x08016d59   Thumb Code   156  dnaninf.o(x$fpl$dnaninf)
    _drem                                    0x08016df5   Thumb Code   328  drem_clz.o(x$fpl$drem)
    __fpl_dretinf                            0x08016f45   Thumb Code    12  dretinf.o(x$fpl$dretinf)
    __aeabi_cdrcmple                         0x08016f51   Thumb Code     0  drleqf.o(x$fpl$drleqf)
    _drcmple                                 0x08016f51   Thumb Code   108  drleqf.o(x$fpl$drleqf)
    __aeabi_drsub                            0x08016fbd   Thumb Code     0  daddsub_clz.o(x$fpl$drsb)
    _drsb                                    0x08016fbd   Thumb Code    22  daddsub_clz.o(x$fpl$drsb)
    _dsqrt                                   0x08016fd5   Thumb Code   404  dsqrt_umaal.o(x$fpl$dsqrt)
    __aeabi_dsub                             0x0801716d   Thumb Code     0  daddsub_clz.o(x$fpl$dsub)
    _dsub                                    0x0801716d   Thumb Code   464  daddsub_clz.o(x$fpl$dsub)
    __aeabi_f2d                              0x08017341   Thumb Code     0  f2d.o(x$fpl$f2d)
    _f2d                                     0x08017341   Thumb Code    86  f2d.o(x$fpl$f2d)
    __fpl_fnaninf                            0x08017397   Thumb Code   140  fnaninf.o(x$fpl$fnaninf)
    _fp_init                                 0x08017423   Thumb Code    10  fpinit.o(x$fpl$fpinit)
    __fplib_config_fpu_vfp                   0x0801742b   Thumb Code     0  fpinit.o(x$fpl$fpinit)
    __fplib_config_pureend_doubles           0x0801742b   Thumb Code     0  fpinit.o(x$fpl$fpinit)
    __fpl_fretinf                            0x0801742d   Thumb Code    10  fretinf.o(x$fpl$fretinf)
    __ieee_status                            0x08017437   Thumb Code     6  istatus.o(x$fpl$ieeestatus)
    __fpl_return_NaN                         0x0801743d   Thumb Code   100  retnan.o(x$fpl$retnan)
    __ARM_scalbn                             0x080174a1   Thumb Code    92  scalbn.o(x$fpl$scalbn)
    _scanf_real                              0x080174fd   Thumb Code     4  scanf1.o(x$fpl$scanf1)
    _scanf_hex_real                          0x08017501   Thumb Code     4  scanf2.o(x$fpl$scanf2)
    _scanf_infnan                            0x08017505   Thumb Code     4  scanf2.o(x$fpl$scanf2)
    __fpl_cmpreturn                          0x08017509   Thumb Code    48  trapv.o(x$fpl$trapveneer)
    __I$use$fp                               0x08017538   Number         0  usenofp.o(x$fpl$usenofp)
    __mathlib_zero                           0x08017e48   Data           8  qnan.o(.constdata)
    Region$$Table$$Base                      0x080181b0   Number         0  anon$$obj.o(Region$$Table)
    Region$$Table$$Limit                     0x080181d0   Number         0  anon$$obj.o(Region$$Table)
    __aeabi_HUGE_VAL                         0x080181d0   Data           0  fpconst.o(c$$dinf)
    __aeabi_HUGE_VALL                        0x080181d0   Data           0  fpconst.o(c$$dinf)
    __aeabi_INFINITY                         0x080181d0   Data           0  fpconst.o(c$$dinf)
    __dInf                                   0x080181d0   Data           0  fpconst.o(c$$dinf)
    __huge_val                               0x080181d0   Data           0  fpconst.o(c$$dinf)
    __dbl_max                                0x080181d8   Data           0  fpconst.o(c$$dmax)
    __ctype                                  0x08018209   Data           0  lc_ctype_c.o(locale$$data)
    Watchdog_running_g                       0x2000001c   Data           4  ttrd2-05a-t0401a-v001a_iwdt_task.o(.data)
    Watchdog_running_ig                      0x20000020   Data           4  ttrd2-05a-t0401a-v001a_iwdt_task.o(.data)
    SystemCoreClock                          0x20000184   Data           4  system_stm32f4xx.o(.data)
    AHBPrescTable                            0x20000188   Data          16  system_stm32f4xx.o(.data)
    TICK_LIST_NORMAL                         0x200001e0   Data         270  ttrd2-19a-t0401a-v001b_predicttor_i.o(.data)
    RtM                                      0x200004b8   Data          36  wahbarotm.o(.data)
    perigee                                  0x20000618   Data           8  sgp4.o(.data)
    period                                   0x20000620   Data           8  sgp4.o(.data)
    apogee                                   0x20000628   Data           8  sgp4.o(.data)
    WahbaRot                                 0x20002128   Data         240  wahbarotm.o(.bss)
    Rr                                       0x20002218   Data          36  wahbarotm.o(.bss)
    __libspace_start                         0x20003bf8   Data          96  libspace.o(.bss)
    __temporary_stack_top$libspace           0x20003c58   Data           0  libspace.o(.bss)



==============================================================================

Memory Map of the image

  Image Entry point : 0x080001c5

  Load Region LR_IROM1 (Base: 0x08000000, Size: 0x000189e4, Max: 0x00080000, ABSOLUTE, COMPRESSED[0x0001841c])

    Execution Region ER_IROM1 (Exec base: 0x08000000, Load base: 0x08000000, Size: 0x0001830c, Max: 0x00080000, ABSOLUTE)

    Exec Addr    Load Addr    Size         Type   Attr      Idx    E Section Name        Object

    0x08000000   0x08000000   0x000001c4   Data   RO         7426    RESET               startup_stm32f446xx.o
    0x080001c4   0x080001c4   0x00000008   Code   RO         9697  * !!!main             c_w.l(__main.o)
    0x080001cc   0x080001cc   0x00000034   Code   RO        10346    !!!scatter          c_w.l(__scatter.o)
    0x08000200   0x08000200   0x0000005a   Code   RO        10344    !!dczerorl2         c_w.l(__dczerorl2.o)
    0x0800025a   0x0800025a   0x00000002   PAD
    0x0800025c   0x0800025c   0x0000001c   Code   RO        10348    !!handler_zi        c_w.l(__scatter_zi.o)
    0x08000278   0x08000278   0x00000002   Code   RO        10138    .ARM.Collect$$libinit$$00000000  c_w.l(libinit.o)
    0x0800027a   0x0800027a   0x00000004   Code   RO        10139    .ARM.Collect$$libinit$$00000001  c_w.l(libinit2.o)
    0x0800027e   0x0800027e   0x00000000   Code   RO        10142    .ARM.Collect$$libinit$$00000004  c_w.l(libinit2.o)
    0x0800027e   0x0800027e   0x00000000   Code   RO        10145    .ARM.Collect$$libinit$$0000000A  c_w.l(libinit2.o)
    0x0800027e   0x0800027e   0x00000000   Code   RO        10147    .ARM.Collect$$libinit$$0000000C  c_w.l(libinit2.o)
    0x0800027e   0x0800027e   0x00000000   Code   RO        10149    .ARM.Collect$$libinit$$0000000E  c_w.l(libinit2.o)
    0x0800027e   0x0800027e   0x00000006   Code   RO        10150    .ARM.Collect$$libinit$$0000000F  c_w.l(libinit2.o)
    0x08000284   0x08000284   0x00000000   Code   RO        10152    .ARM.Collect$$libinit$$00000011  c_w.l(libinit2.o)
    0x08000284   0x08000284   0x0000000c   Code   RO        10153    .ARM.Collect$$libinit$$00000012  c_w.l(libinit2.o)
    0x08000290   0x08000290   0x00000000   Code   RO        10154    .ARM.Collect$$libinit$$00000013  c_w.l(libinit2.o)
    0x08000290   0x08000290   0x00000000   Code   RO        10156    .ARM.Collect$$libinit$$00000015  c_w.l(libinit2.o)
    0x08000290   0x08000290   0x0000000a   Code   RO        10157    .ARM.Collect$$libinit$$00000016  c_w.l(libinit2.o)
    0x0800029a   0x0800029a   0x00000000   Code   RO        10158    .ARM.Collect$$libinit$$00000017  c_w.l(libinit2.o)
    0x0800029a   0x0800029a   0x00000000   Code   RO        10160    .ARM.Collect$$libinit$$00000019  c_w.l(libinit2.o)
    0x0800029a   0x0800029a   0x00000000   Code   RO        10162    .ARM.Collect$$libinit$$0000001B  c_w.l(libinit2.o)
    0x0800029a   0x0800029a   0x00000000   Code   RO        10164    .ARM.Collect$$libinit$$0000001D  c_w.l(libinit2.o)
    0x0800029a   0x0800029a   0x00000000   Code   RO        10166    .ARM.Collect$$libinit$$0000001F  c_w.l(libinit2.o)
    0x0800029a   0x0800029a   0x00000000   Code   RO        10168    .ARM.Collect$$libinit$$00000021  c_w.l(libinit2.o)
    0x0800029a   0x0800029a   0x00000000   Code   RO        10170    .ARM.Collect$$libinit$$00000023  c_w.l(libinit2.o)
    0x0800029a   0x0800029a   0x00000000   Code   RO        10172    .ARM.Collect$$libinit$$00000025  c_w.l(libinit2.o)
    0x0800029a   0x0800029a   0x00000000   Code   RO        10176    .ARM.Collect$$libinit$$0000002C  c_w.l(libinit2.o)
    0x0800029a   0x0800029a   0x00000000   Code   RO        10178    .ARM.Collect$$libinit$$0000002E  c_w.l(libinit2.o)
    0x0800029a   0x0800029a   0x00000000   Code   RO        10180    .ARM.Collect$$libinit$$00000030  c_w.l(libinit2.o)
    0x0800029a   0x0800029a   0x00000000   Code   RO        10182    .ARM.Collect$$libinit$$00000032  c_w.l(libinit2.o)
    0x0800029a   0x0800029a   0x00000002   Code   RO        10183    .ARM.Collect$$libinit$$00000033  c_w.l(libinit2.o)
    0x0800029c   0x0800029c   0x00000002   Code   RO        10291    .ARM.Collect$$libshutdown$$00000000  c_w.l(libshutdown.o)
    0x0800029e   0x0800029e   0x00000000   Code   RO        10325    .ARM.Collect$$libshutdown$$00000002  c_w.l(libshutdown2.o)
    0x0800029e   0x0800029e   0x00000000   Code   RO        10327    .ARM.Collect$$libshutdown$$00000004  c_w.l(libshutdown2.o)
    0x0800029e   0x0800029e   0x00000000   Code   RO        10329    .ARM.Collect$$libshutdown$$00000006  c_w.l(libshutdown2.o)
    0x0800029e   0x0800029e   0x00000000   Code   RO        10332    .ARM.Collect$$libshutdown$$00000009  c_w.l(libshutdown2.o)
    0x0800029e   0x0800029e   0x00000000   Code   RO        10335    .ARM.Collect$$libshutdown$$0000000C  c_w.l(libshutdown2.o)
    0x0800029e   0x0800029e   0x00000000   Code   RO        10337    .ARM.Collect$$libshutdown$$0000000E  c_w.l(libshutdown2.o)
    0x0800029e   0x0800029e   0x00000000   Code   RO        10340    .ARM.Collect$$libshutdown$$00000011  c_w.l(libshutdown2.o)
    0x0800029e   0x0800029e   0x00000002   Code   RO        10341    .ARM.Collect$$libshutdown$$00000012  c_w.l(libshutdown2.o)
    0x080002a0   0x080002a0   0x00000000   Code   RO         9939    .ARM.Collect$$rtentry$$00000000  c_w.l(__rtentry.o)
    0x080002a0   0x080002a0   0x00000000   Code   RO        10080    .ARM.Collect$$rtentry$$00000002  c_w.l(__rtentry2.o)
    0x080002a0   0x080002a0   0x00000006   Code   RO        10092    .ARM.Collect$$rtentry$$00000004  c_w.l(__rtentry4.o)
    0x080002a6   0x080002a6   0x00000000   Code   RO        10082    .ARM.Collect$$rtentry$$00000009  c_w.l(__rtentry2.o)
    0x080002a6   0x080002a6   0x00000004   Code   RO        10083    .ARM.Collect$$rtentry$$0000000A  c_w.l(__rtentry2.o)
    0x080002aa   0x080002aa   0x00000000   Code   RO        10085    .ARM.Collect$$rtentry$$0000000C  c_w.l(__rtentry2.o)
    0x080002aa   0x080002aa   0x00000008   Code   RO        10086    .ARM.Collect$$rtentry$$0000000D  c_w.l(__rtentry2.o)
    0x080002b2   0x080002b2   0x00000002   Code   RO        10186    .ARM.Collect$$rtexit$$00000000  c_w.l(rtexit.o)
    0x080002b4   0x080002b4   0x00000000   Code   RO        10248    .ARM.Collect$$rtexit$$00000002  c_w.l(rtexit2.o)
    0x080002b4   0x080002b4   0x00000004   Code   RO        10249    .ARM.Collect$$rtexit$$00000003  c_w.l(rtexit2.o)
    0x080002b8   0x080002b8   0x00000006   Code   RO        10250    .ARM.Collect$$rtexit$$00000004  c_w.l(rtexit2.o)
    0x080002be   0x080002be   0x00000002   PAD
    0x080002c0   0x080002c0   0x00000040   Code   RO         7427    .text               startup_stm32f446xx.o
    0x08000300   0x08000300   0x000000ee   Code   RO         9683    .text               c_w.l(lludivv7m.o)
    0x080003ee   0x080003ee   0x0000001a   Code   RO         9685    .text               c_w.l(atol.o)
    0x08000408   0x08000408   0x00000064   Code   RO         9689    .text               c_w.l(rt_memcpy_w.o)
    0x0800046c   0x0800046c   0x0000004e   Code   RO         9691    .text               c_w.l(rt_memclr_w.o)
    0x080004ba   0x080004ba   0x00000002   PAD
    0x080004bc   0x080004bc   0x00000080   Code   RO         9693    .text               c_w.l(strcmpv7m.o)
    0x0800053c   0x0800053c   0x00000006   Code   RO         9695    .text               c_w.l(heapauxi.o)
    0x08000542   0x08000542   0x00000002   PAD
    0x08000544   0x08000544   0x00000008   Code   RO         9947    .text               c_w.l(rt_errno_addr_intlibspace.o)
    0x0800054c   0x0800054c   0x00000016   Code   RO         9949    .text               c_w.l(_rserrno.o)
    0x08000562   0x08000562   0x00000002   PAD
    0x08000564   0x08000564   0x000000a4   Code   RO         9951    .text               c_w.l(strtod.o)
    0x08000608   0x08000608   0x00000070   Code   RO         9953    .text               c_w.l(strtol.o)
    0x08000678   0x08000678   0x00000008   Code   RO        10076    .text               c_w.l(libspace.o)
    0x08000680   0x08000680   0x00000010   Code   RO        10094    .text               c_w.l(rt_ctype_table.o)
    0x08000690   0x08000690   0x00000012   Code   RO        10098    .text               c_w.l(isspace.o)
    0x080006a2   0x080006a2   0x00000040   Code   RO        10100    .text               c_w.l(_sgetc.o)
    0x080006e2   0x080006e2   0x0000009e   Code   RO        10102    .text               c_w.l(_strtoul.o)
    0x08000780   0x08000780   0x0000004a   Code   RO        10111    .text               c_w.l(sys_stackheap_outer.o)
    0x080007ca   0x080007ca   0x00000002   PAD
    0x080007cc   0x080007cc   0x00000008   Code   RO        10116    .text               c_w.l(rt_locale_intlibspace.o)
    0x080007d4   0x080007d4   0x0000001c   Code   RO        10118    .text               c_w.l(_chval.o)
    0x080007f0   0x080007f0   0x000004f8   Code   RO        10120    .text               c_w.l(scanf_fp.o)
    0x08000ce8   0x08000ce8   0x00000012   Code   RO        10127    .text               c_w.l(exit.o)
    0x08000cfa   0x08000cfa   0x00000002   PAD
    0x08000cfc   0x08000cfc   0x000000e4   Code   RO        10190    .text               c_w.l(bigflt0.o)
    0x08000de0   0x08000de0   0x0000000c   Code   RO        10245    .text               c_w.l(sys_exit.o)
    0x08000dec   0x08000dec   0x00000320   Code   RO        10254    .text               c_w.l(scanf_hexfp.o)
    0x0800110c   0x0800110c   0x00000134   Code   RO        10256    .text               c_w.l(scanf_infnan.o)
    0x08001240   0x08001240   0x00000002   Code   RO        10276    .text               c_w.l(use_no_semi.o)
    0x08001242   0x08001242   0x00000000   Code   RO        10278    .text               c_w.l(indicate_semi.o)
    0x08001242   0x08001242   0x00000026   Code   RO        10281    .text               c_w.l(llshl.o)
    0x08001268   0x08001268   0x00000338   Code   RO        10203    CL$$btod_div_common  c_w.l(btod.o)
    0x080015a0   0x080015a0   0x00000084   Code   RO        10201    CL$$btod_e2d        c_w.l(btod.o)
    0x08001624   0x08001624   0x000000dc   Code   RO        10200    CL$$btod_e2e        c_w.l(btod.o)
    0x08001700   0x08001700   0x0000002a   Code   RO        10197    CL$$btod_ediv       c_w.l(btod.o)
    0x0800172a   0x0800172a   0x0000002a   Code   RO        10199    CL$$btod_edivd      c_w.l(btod.o)
    0x08001754   0x08001754   0x0000002a   Code   RO        10196    CL$$btod_emul       c_w.l(btod.o)
    0x0800177e   0x0800177e   0x0000002a   Code   RO        10198    CL$$btod_emuld      c_w.l(btod.o)
    0x080017a8   0x080017a8   0x00000244   Code   RO        10202    CL$$btod_mult_common  c_w.l(btod.o)
    0x080019ec   0x080019ec   0x00000054   Code   RO          374    i.ADC1_Get_Temperature_Celsius  ttrd2-05a-t0401a-v001a_adc_task.o
    0x08001a40   0x08001a40   0x000000b8   Code   RO          375    i.ADC1_Init         ttrd2-05a-t0401a-v001a_adc_task.o
    0x08001af8   0x08001af8   0x00000054   Code   RO          376    i.ADC1_Read_Channel  ttrd2-05a-t0401a-v001a_adc_task.o
    0x08001b4c   0x08001b4c   0x000000a8   Code   RO          377    i.ADC1_Update       ttrd2-05a-t0401a-v001a_adc_task.o
    0x08001bf4   0x08001bf4   0x00000080   Code   RO         1585    i.ADC_Cmd           stm32f4xx_adc.o
    0x08001c74   0x08001c74   0x0000018c   Code   RO         1586    i.ADC_CommonInit    stm32f4xx_adc.o
    0x08001e00   0x08001e00   0x0000000c   Code   RO         1587    i.ADC_CommonStructInit  stm32f4xx_adc.o
    0x08001e0c   0x08001e0c   0x0000005c   Code   RO         1597    i.ADC_GetConversionValue  stm32f4xx_adc.o
    0x08001e68   0x08001e68   0x00000090   Code   RO         1598    i.ADC_GetFlagStatus  stm32f4xx_adc.o
    0x08001ef8   0x08001ef8   0x000001d0   Code   RO         1605    i.ADC_Init          stm32f4xx_adc.o
    0x080020c8   0x080020c8   0x000001cc   Code   RO         1610    i.ADC_RegularChannelConfig  stm32f4xx_adc.o
    0x08002294   0x08002294   0x00000060   Code   RO         1612    i.ADC_SoftwareStartConv  stm32f4xx_adc.o
    0x080022f4   0x080022f4   0x00000014   Code   RO         1614    i.ADC_StructInit    stm32f4xx_adc.o
    0x08002308   0x08002308   0x00000068   Code   RO         1615    i.ADC_TempSensorVrefintCmd  stm32f4xx_adc.o
    0x08002370   0x08002370   0x0000002c   Code   RO         1085    i.App_Actuator_Init  app_actuators_task.o
    0x0800239c   0x0800239c   0x00000028   Code   RO         1086    i.App_Actuator_Update  app_actuators_task.o
    0x080023c4   0x080023c4   0x0000003c   Code   RO         1133    i.App_Control_Attitude_Det_Update  app_control_attitude_det_task.o
    0x08002400   0x08002400   0x00000038   Code   RO         1163    i.App_Control_Attitude_Update  app_control_attitude_update_task.o
    0x08002438   0x08002438   0x0000002c   Code   RO         1190    i.App_Control_Ref_Vector_Init  app_control_ref_vector_task.o
    0x08002464   0x08002464   0x00000074   Code   RO         1191    i.App_Control_Ref_Vector_Update  app_control_ref_vector_task.o
    0x080024d8   0x080024d8   0x00000030   Code   RO         1233    i.App_Control_Sgp4_Init  app_control_sgp4_task.o
    0x08002508   0x08002508   0x000000d0   Code   RO         1234    i.App_Control_Sgp4_Update  app_control_sgp4_task.o
    0x080025d8   0x080025d8   0x00000030   Code   RO         1278    i.App_Control_Tle_Init  app_control_tle_task.o
    0x08002608   0x08002608   0x00000080   Code   RO         1279    i.App_Control_Tle_Update  app_control_tle_task.o
    0x08002688   0x08002688   0x00000034   Code   RO         1392    i.App_Obc_Comm_Init  app_obc_comm_task.o
    0x080026bc   0x080026bc   0x0000003c   Code   RO         1393    i.App_Obc_Comm_Update  app_obc_comm_task.o
    0x080026f8   0x080026f8   0x00000028   Code   RO          815    i.App_Sensor_Gps_Init  app_sensor_gps_task.o
    0x08002720   0x08002720   0x000000c0   Code   RO          816    i.App_Sensor_Gps_Update  app_sensor_gps_task.o
    0x080027e0   0x080027e0   0x0000002c   Code   RO         1314    i.App_Sensor_Health_Init  app_sensor_health_task.o
    0x0800280c   0x0800280c   0x00000264   Code   RO         1315    i.App_Sensor_Health_Update  app_sensor_health_task.o
    0x08002a70   0x08002a70   0x00000034   Code   RO          940    i.App_Sensor_Imu_Init  app_sensor_imu_task.o
    0x08002aa4   0x08002aa4   0x00000120   Code   RO          941    i.App_Sensor_Imu_Update  app_sensor_imu_task.o
    0x08002bc4   0x08002bc4   0x0000004c   Code   RO         1013    i.App_Sensor_Mgn_Init  app_sensor_mgn_task.o
    0x08002c10   0x08002c10   0x00000094   Code   RO         1014    i.App_Sensor_Mgn_Update  app_sensor_mgn_task.o
    0x08002ca4   0x08002ca4   0x00000030   Code   RO         1356    i.App_Sensor_Sun_Init  app_sensor_sun_task.o
    0x08002cd4   0x08002cd4   0x00000034   Code   RO         1357    i.App_Sensor_Sun_Update  app_sensor_sun_task.o
    0x08002d08   0x08002d08   0x00000034   Code   RO         1049    i.App_Sensor_Tmp_Init  app_sensor_tmp_task.o
    0x08002d3c   0x08002d3c   0x00000084   Code   RO         1050    i.App_Sensor_Tmp_Update  app_sensor_tmp_task.o
    0x08002dc0   0x08002dc0   0x00000038   Code   RO         1428    i.App_Time_keeping_Init  app_time_keeping_task.o
    0x08002df8   0x08002df8   0x00000040   Code   RO         1429    i.App_Time_keeping_Update  app_time_keeping_task.o
    0x08002e38   0x08002e38   0x000002fc   Code   RO         9182    i.CTRL_Control_Attitude_Update  controller.o
    0x08003134   0x08003134   0x00000218   Code   RO         9183    i.CTRL_Control_Determination_Update  controller.o
    0x0800334c   0x0800334c   0x000000b0   Code   RO         9056    i.CTRL_Ref_Geomag_Update  ref_vectors.o
    0x080033fc   0x080033fc   0x00000364   Code   RO         9057    i.CTRL_Ref_Sun_Update  ref_vectors.o
    0x08003760   0x08003760   0x00000030   Code   RO         9058    i.CTRL_Ref_Vectors_GetData  ref_vectors.o
    0x08003790   0x08003790   0x00000014   Code   RO         9431    i.CTRL_SGP4_GetPECI  sgp4.o
    0x080037a4   0x080037a4   0x00000014   Code   RO         9432    i.CTRL_SGP4_GetVECI  sgp4.o
    0x080037b8   0x080037b8   0x00000034   Code   RO         9433    i.CTRL_SGP4_Init    sgp4.o
    0x080037ec   0x080037ec   0x0000009c   Code   RO         9434    i.CTRL_SGP4_Update  sgp4.o
    0x08003888   0x08003888   0x00000014   Code   RO         9511    i.CTRL_TLE_GetData  tle.o
    0x0800389c   0x0800389c   0x0000002c   Code   RO         9512    i.CTRL_TLE_Init     tle.o
    0x080038c8   0x080038c8   0x00000044   Code   RO         9513    i.CTRL_TLE_Update   tle.o
    0x0800390c   0x0800390c   0x00000030   Code   RO         9435    i.DCUBE             sgp4.o
    0x0800393c   0x0800393c   0x000000e8   Code   RO         2714    i.DMA_Cmd           stm32f4xx_dma.o
    0x08003a24   0x08003a24   0x000000c4   Code   RO         2720    i.DMA_GetCurrDataCounter  stm32f4xx_dma.o
    0x08003ae8   0x08003ae8   0x000002c8   Code   RO         2726    i.DMA_Init          stm32f4xx_dma.o
    0x08003db0   0x08003db0   0x00000034   Code   RO         9436    i.DPOW4             sgp4.o
    0x08003de4   0x08003de4   0x0000010c   Code   RO         9018    i.ECI2ECEF          frame.o
    0x08003ef0   0x08003ef0   0x000001b4   Code   RO         3625    i.GPIO_Init         stm32f4xx_gpio.o
    0x080040a4   0x080040a4   0x00000154   Code   RO         3626    i.GPIO_PinAFConfig  stm32f4xx_gpio.o
    0x080041f8   0x080041f8   0x000000bc   Code   RO         3632    i.GPIO_ResetBits    stm32f4xx_gpio.o
    0x080042b4   0x080042b4   0x000000bc   Code   RO         3633    i.GPIO_SetBits      stm32f4xx_gpio.o
    0x08004370   0x08004370   0x0000003c   Code   RO         8269    i.GPS_Change_Activated_Module  gps_sensor.o
    0x080043ac   0x080043ac   0x00000014   Code   RO         8270    i.GPS_Sensor_GetData  gps_sensor.o
    0x080043c0   0x080043c0   0x000000dc   Code   RO         8271    i.GPS_Sensor_Init   gps_sensor.o
    0x0800449c   0x0800449c   0x0000000c   Code   RO         8272    i.GPS_Sensor_SetStatus  gps_sensor.o
    0x080044a8   0x080044a8   0x00000190   Code   RO         8273    i.GPS_Sensor_Update  gps_sensor.o
    0x08004638   0x08004638   0x00000008   Code   RO         8274    i.GPS_Sensor_get_pBuffer  gps_sensor.o
    0x08004640   0x08004640   0x00000034   Code   RO          514    i.HEARTBEAT_SW_Init  ttrd2-05a-t0401a-v001a_heartbeat_sw_task.o
    0x08004674   0x08004674   0x0000006c   Code   RO          515    i.HEARTBEAT_SW_Update  ttrd2-05a-t0401a-v001a_heartbeat_sw_task.o
    0x080046e0   0x080046e0   0x00000010   Code   RO          145    i.HardFault_Handler  project.o
    0x080046f0   0x080046f0   0x00000094   Code   RO          146    i.I2C1_Init         project.o
    0x08004784   0x08004784   0x00000084   Code   RO         3916    i.I2C_AcknowledgeConfig  stm32f4xx_i2c.o
    0x08004808   0x08004808   0x00000138   Code   RO         3919    i.I2C_CheckEvent    stm32f4xx_i2c.o
    0x08004940   0x08004940   0x00000084   Code   RO         3922    i.I2C_Cmd           stm32f4xx_i2c.o
    0x080049c4   0x080049c4   0x00000084   Code   RO         3930    i.I2C_GenerateSTART  stm32f4xx_i2c.o
    0x08004a48   0x08004a48   0x00000084   Code   RO         3931    i.I2C_GenerateSTOP  stm32f4xx_i2c.o
    0x08004acc   0x08004acc   0x000001c8   Code   RO         3937    i.I2C_Init          stm32f4xx_i2c.o
    0x08004c94   0x08004c94   0x0000005c   Code   RO         3942    i.I2C_ReceiveData   stm32f4xx_i2c.o
    0x08004cf0   0x08004cf0   0x0000007c   Code   RO         3944    i.I2C_Send7bitAddress  stm32f4xx_i2c.o
    0x08004d6c   0x08004d6c   0x0000005c   Code   RO         3945    i.I2C_SendData      stm32f4xx_i2c.o
    0x08004dc8   0x08004dc8   0x00000044   Code   RO         8164    i.I2Cx_Is_Device_Connected  driver_i2c.o
    0x08004e0c   0x08004e0c   0x00000110   Code   RO         8165    i.I2Cx_Recv_Bytes   driver_i2c.o
    0x08004f1c   0x08004f1c   0x000000b4   Code   RO         8166    i.I2Cx_Send_Bytes   driver_i2c.o
    0x08004fd0   0x08004fd0   0x0000003c   Code   RO         8046    i.IMU_Change_Activated_Module  imu_sensor.o
    0x0800500c   0x0800500c   0x00000030   Code   RO         8047    i.IMU_Configure     imu_sensor.o
    0x0800503c   0x0800503c   0x00000170   Code   RO         8048    i.IMU_Mag_Calib     imu_sensor.o
    0x080051ac   0x080051ac   0x00000014   Code   RO         8049    i.IMU_Sensor_GetData  imu_sensor.o
    0x080051c0   0x080051c0   0x00000100   Code   RO         8050    i.IMU_Sensor_Init   imu_sensor.o
    0x080052c0   0x080052c0   0x0000000c   Code   RO         8051    i.IMU_Sensor_SetStatus  imu_sensor.o
    0x080052cc   0x080052cc   0x00000394   Code   RO         8052    i.IMU_Sensor_Update  imu_sensor.o
    0x08005660   0x08005660   0x00000078   Code   RO         8053    i.IMU_Wakeup        imu_sensor.o
    0x080056d8   0x080056d8   0x0000003c   Code   RO         8209    i.MGN_Change_Activated_Module  mgn_sensor.o
    0x08005714   0x08005714   0x00000070   Code   RO         8210    i.MGN_Configure     mgn_sensor.o
    0x08005784   0x08005784   0x00000014   Code   RO         8211    i.MGN_Sensor_GetData  mgn_sensor.o
    0x08005798   0x08005798   0x0000012c   Code   RO         8212    i.MGN_Sensor_Init   mgn_sensor.o
    0x080058c4   0x080058c4   0x0000000c   Code   RO         8213    i.MGN_Sensor_SetStatus  mgn_sensor.o
    0x080058d0   0x080058d0   0x00000250   Code   RO         8214    i.MGN_Sensor_Update  mgn_sensor.o
    0x08005b20   0x08005b20   0x00000012   Code   RO         7783    i.MONITTORi_Disable  ttrd2-18a-t0401a-v001a_monittor_i.o
    0x08005b32   0x08005b32   0x00000002   Code   RO         7784    i.MONITTORi_Init    ttrd2-18a-t0401a-v001a_monittor_i.o
    0x08005b34   0x08005b34   0x00000108   Code   RO         7785    i.MONITTORi_Start   ttrd2-18a-t0401a-v001a_monittor_i.o
    0x08005c3c   0x08005c3c   0x00000094   Code   RO         7786    i.MONITTORi_Stop    ttrd2-18a-t0401a-v001a_monittor_i.o
    0x08005cd0   0x08005cd0   0x00000002   Code   RO         8988    i.Magneto_Torquer_SetHandler  mgn_torquer_driver.o
    0x08005cd2   0x08005cd2   0x00000002   PAD
    0x08005cd4   0x08005cd4   0x000000d0   Code   RO         1464    i.NVIC_Init         misc.o
    0x08005da4   0x08005da4   0x00000060   Code   RO         1465    i.NVIC_PriorityGroupConfig  misc.o
    0x08005e04   0x08005e04   0x000000d8   Code   RO          147    i.OBC_COMM_USART_DMA_Init  project.o
    0x08005edc   0x08005edc   0x0000000c   Code   RO         8809    i.OBC_Comm_GetFlags  obc_comm.o
    0x08005ee8   0x08005ee8   0x00000028   Code   RO         8810    i.OBC_Comm_GetSLR   obc_comm.o
    0x08005f10   0x08005f10   0x00000008   Code   RO         8812    i.OBC_Comm_GetpBuffer_TX  obc_comm.o
    0x08005f18   0x08005f18   0x00000004   Code   RO         8813    i.OBC_Comm_Init     obc_comm.o
    0x08005f1c   0x08005f1c   0x00000038   Code   RO         8814    i.OBC_Comm_Update   obc_comm.o
    0x08005f54   0x08005f54   0x000001c8   Code   RO         7933    i.PREDICTTORi_Check_Task_Sequence  ttrd2-19a-t0401a-v001b_predicttor_i.o
    0x0800611c   0x0800611c   0x0000001c   Code   RO         7934    i.PREDICTTORi_Init  ttrd2-19a-t0401a-v001b_predicttor_i.o
    0x08006138   0x08006138   0x0000002c   Code   RO         7568    i.PROCESSOR_Change_MoSt  ttrd2-19a-t0401a-v001b_processor.o
    0x08006164   0x08006164   0x0000062a   Code   RO         7569    i.PROCESSOR_Configure_Reqd_MoSt  ttrd2-19a-t0401a-v001b_processor.o
    0x0800678e   0x0800678e   0x00000002   PAD
    0x08006790   0x08006790   0x00000024   Code   RO         7570    i.PROCESSOR_Get_MoSt  ttrd2-19a-t0401a-v001b_processor.o
    0x080067b4   0x080067b4   0x00000068   Code   RO         7571    i.PROCESSOR_Identify_Reqd_MoSt  ttrd2-19a-t0401a-v001b_processor.o
    0x0800681c   0x0800681c   0x0000000c   Code   RO         7572    i.PROCESSOR_Init    ttrd2-19a-t0401a-v001b_processor.o
    0x08006828   0x08006828   0x0000004c   Code   RO         7573    i.PROCESSOR_Perform_Safe_Shutdown  ttrd2-19a-t0401a-v001b_processor.o
    0x08006874   0x08006874   0x00000020   Code   RO         7574    i.PROCESSOR_Retrieve_PFC  ttrd2-19a-t0401a-v001b_processor.o
    0x08006894   0x08006894   0x00000020   Code   RO         7575    i.PROCESSOR_Retrieve_Reqd_MoSt  ttrd2-19a-t0401a-v001b_processor.o
    0x080068b4   0x080068b4   0x00000014   Code   RO         7576    i.PROCESSOR_Set_MoSt  ttrd2-19a-t0401a-v001b_processor.o
    0x080068c8   0x080068c8   0x00000034   Code   RO         7577    i.PROCESSOR_Store_PFC  ttrd2-19a-t0401a-v001b_processor.o
    0x080068fc   0x080068fc   0x00000038   Code   RO         7578    i.PROCESSOR_Store_Reqd_MoSt  ttrd2-19a-t0401a-v001b_processor.o
    0x08006934   0x08006934   0x00000020   Code   RO          727    i.PROCESSOR_TASK_Init  ttrd2-19a-t0401a-v001b_processor_task.o
    0x08006954   0x08006954   0x00000020   Code   RO          728    i.PROCESSOR_TASK_Retrieve_State  ttrd2-19a-t0401a-v001b_processor_task.o
    0x08006974   0x08006974   0x00000034   Code   RO          729    i.PROCESSOR_TASK_Store_State  ttrd2-19a-t0401a-v001b_processor_task.o
    0x080069a8   0x080069a8   0x000000dc   Code   RO          730    i.PROCESSOR_TASK_Update  ttrd2-19a-t0401a-v001b_processor_task.o
    0x08006a84   0x08006a84   0x00000048   Code   RO         4419    i.PWR_BackupAccessCmd  stm32f4xx_pwr.o
    0x08006acc   0x08006acc   0x00000014   Code   RO          148    i.Project_MSP_Init  project.o
    0x08006ae0   0x08006ae0   0x00000078   Code   RO         4754    i.RCC_AHB1PeriphClockCmd  stm32f4xx_rcc.o
    0x08006b58   0x08006b58   0x00000074   Code   RO         4763    i.RCC_APB1PeriphClockCmd  stm32f4xx_rcc.o
    0x08006bcc   0x08006bcc   0x00000078   Code   RO         4766    i.RCC_APB2PeriphClockCmd  stm32f4xx_rcc.o
    0x08006c44   0x08006c44   0x00000014   Code   RO         4772    i.RCC_ClearFlag     stm32f4xx_rcc.o
    0x08006c58   0x08006c58   0x000001c8   Code   RO         4777    i.RCC_GetClocksFreq  stm32f4xx_rcc.o
    0x08006e20   0x08006e20   0x000000b4   Code   RO         4778    i.RCC_GetFlagStatus  stm32f4xx_rcc.o
    0x08006ed4   0x08006ed4   0x00000070   Code   RO         4786    i.RCC_LSEConfig     stm32f4xx_rcc.o
    0x08006f44   0x08006f44   0x00000048   Code   RO         4800    i.RCC_RTCCLKCmd     stm32f4xx_rcc.o
    0x08006f8c   0x08006f8c   0x000001ac   Code   RO         4801    i.RCC_RTCCLKConfig  stm32f4xx_rcc.o
    0x08007138   0x08007138   0x0000007c   Code   RO         7037    i.REG_CONFIG_CHECKS_ADC1_Check  ttrd2-05a-t0401a-v001a_reg_conf_chk_adc1.o
    0x080071b4   0x080071b4   0x00000044   Code   RO         7038    i.REG_CONFIG_CHECKS_ADC1_Store  ttrd2-05a-t0401a-v001a_reg_conf_chk_adc1.o
    0x080071f8   0x080071f8   0x00000290   Code   RO         7166    i.REG_CONFIG_CHECKS_GPIO_Check  ttrd2-05a-t0401a-v001a_reg_conf_chk_gpio.o
    0x08007488   0x08007488   0x00000194   Code   RO         7167    i.REG_CONFIG_CHECKS_GPIO_Store  ttrd2-05a-t0401a-v001a_reg_conf_chk_gpio.o
    0x0800761c   0x0800761c   0x0000014c   Code   RO         7230    i.REG_CONFIG_CHECKS_UART_Check  ttrd2-05a-t0401a-v001a_reg_conf_chk_uart.o
    0x08007768   0x08007768   0x000000cc   Code   RO         7231    i.REG_CONFIG_CHECKS_UART_Store  ttrd2-05a-t0401a-v001a_reg_conf_chk_uart.o
    0x08007834   0x08007834   0x000002a0   Code   RO         7198    i.REG_CONFIG_TIMER_Check  ttrd2-05a-t0401a-v001a_reg_conf_chk_timer.o
    0x08007ad4   0x08007ad4   0x000001e8   Code   RO         7199    i.REG_CONFIG_TIMER_Store  ttrd2-05a-t0401a-v001a_reg_conf_chk_timer.o
    0x08007cbc   0x08007cbc   0x00000040   Code   RO         7434    i.REPORT_PFC_Init   ttrd2-04a-t0401a-v001a_pfc_reporting.o
    0x08007cfc   0x08007cfc   0x00000094   Code   RO         7435    i.REPORT_PFC_Update  ttrd2-04a-t0401a-v001a_pfc_reporting.o
    0x08007d90   0x08007d90   0x00000016   Code   RO         8507    i.RTC_Bcd2ToByte    time.o
    0x08007da6   0x08007da6   0x00000002   PAD
    0x08007da8   0x08007da8   0x00000050   Code   RO         5156    i.RTC_EnterInitMode  stm32f4xx_rtc.o
    0x08007df8   0x08007df8   0x00000014   Code   RO         5157    i.RTC_ExitInitMode  stm32f4xx_rtc.o
    0x08007e0c   0x08007e0c   0x000000c8   Code   RO         5170    i.RTC_Init          stm32f4xx_rtc.o
    0x08007ed4   0x08007ed4   0x0000000e   Code   RO         5180    i.RTC_StructInit    stm32f4xx_rtc.o
    0x08007ee2   0x08007ee2   0x00000002   PAD
    0x08007ee4   0x08007ee4   0x00000058   Code   RO         5197    i.RTC_WriteProtectionCmd  stm32f4xx_rtc.o
    0x08007f3c   0x08007f3c   0x00000030   Code   RO         7725    i.RTT_05a_Scheduler_Osc_Test_Update  ttrd2-19a-t0401a-v001b_run_time_tests.o
    0x08007f6c   0x08007f6c   0x00000028   Code   RO         7726    i.RTT_05b_Scheduler_Osc_Test_Update  ttrd2-19a-t0401a-v001b_run_time_tests.o
    0x08007f94   0x08007f94   0x0000004c   Code   RO         7727    i.RTT_06a_MoniTTor_Overrun_Test_Update  ttrd2-19a-t0401a-v001b_run_time_tests.o
    0x08007fe0   0x08007fe0   0x00000044   Code   RO         7728    i.RTT_06b_MoniTTor_Underrun_Test_Update  ttrd2-19a-t0401a-v001b_run_time_tests.o
    0x08008024   0x08008024   0x00000024   Code   RO         7729    i.RTT_07_PredicTTor_Test_Update  ttrd2-19a-t0401a-v001b_run_time_tests.o
    0x08008048   0x08008048   0x0000007c   Code   RO         7730    i.RTT_Startup_04_WDT_Check  ttrd2-19a-t0401a-v001b_run_time_tests.o
    0x080080c4   0x080080c4   0x00000100   Code   RO         7973    i.SCH_Add_Task      ttrd2-19a-t0401a-v001c_scheduler.o
    0x080081c4   0x080081c4   0x000001a4   Code   RO         7974    i.SCH_Dispatch_Tasks  ttrd2-19a-t0401a-v001c_scheduler.o
    0x08008368   0x08008368   0x0000000c   Code   RO         7975    i.SCH_Get_LastRunTaskID  ttrd2-19a-t0401a-v001c_scheduler.o
    0x08008374   0x08008374   0x000000ec   Code   RO         7976    i.SCH_Init_Microseconds  ttrd2-19a-t0401a-v001c_scheduler.o
    0x08008460   0x08008460   0x00000058   Code   RO         7977    i.SCH_Set_Interrupt_Priority_Levels  ttrd2-19a-t0401a-v001c_scheduler.o
    0x080084b8   0x080084b8   0x00000022   Code   RO         7978    i.SCH_Start         ttrd2-19a-t0401a-v001c_scheduler.o
    0x080084da   0x080084da   0x00000002   PAD
    0x080084dc   0x080084dc   0x00000014   Code   RO         8390    i.SUN_Sensor_GetData  sun_sensor.o
    0x080084f0   0x080084f0   0x00000004   Code   RO         8391    i.SUN_Sensor_Init   sun_sensor.o
    0x080084f4   0x080084f4   0x00000170   Code   RO         8392    i.SUN_Sensor_Update  sun_sensor.o
    0x08008664   0x08008664   0x00000024   Code   RO          593    i.SWITCH_BUTTON1_Get_State  ttrd2-05a-t0401a-v001a_switch_task.o
    0x08008688   0x08008688   0x00000120   Code   RO         7262    i.SetSysClock       system_stm32f4xx.o
    0x080087a8   0x080087a8   0x00000002   Code   RO         9003    i.Spin_Motor_SetHandler  spin_motor_driver.o
    0x080087aa   0x080087aa   0x00000024   Code   RO         7787    i.SysTick_Handler   ttrd2-18a-t0401a-v001a_monittor_i.o
    0x080087ce   0x080087ce   0x00000002   PAD
    0x080087d0   0x080087d0   0x00000068   Code   RO         7264    i.SystemInit        system_stm32f4xx.o
    0x08008838   0x08008838   0x00000098   Code   RO         8332    i.TEMP_SENSOR_Calculate_Value  tmp_sensor.o
    0x080088d0   0x080088d0   0x000000c4   Code   RO         7979    i.TIM2_IRQHandler   ttrd2-19a-t0401a-v001c_scheduler.o
    0x08008994   0x08008994   0x00000028   Code   RO          241    i.TIMEOUT_T3_USEC_Get_Timer_State  ttrd2-05a-t0401a-v001a_timeout_t3.o
    0x080089bc   0x080089bc   0x00000034   Code   RO          242    i.TIMEOUT_T3_USEC_Init  ttrd2-05a-t0401a-v001a_timeout_t3.o
    0x080089f0   0x080089f0   0x00000020   Code   RO          243    i.TIMEOUT_T3_USEC_Start  ttrd2-05a-t0401a-v001a_timeout_t3.o
    0x08008a10   0x08008a10   0x000000c8   Code   RO         6224    i.TIM_ClearITPendingBit  stm32f4xx_tim.o
    0x08008ad8   0x08008ad8   0x000000ec   Code   RO         6229    i.TIM_Cmd           stm32f4xx_tim.o
    0x08008bc4   0x08008bc4   0x000000c4   Code   RO         6248    i.TIM_GetCounter    stm32f4xx_tim.o
    0x08008c88   0x08008c88   0x000000fc   Code   RO         6254    i.TIM_ITConfig      stm32f4xx_tim.o
    0x08008d84   0x08008d84   0x000000c8   Code   RO         6295    i.TIM_SetCounter    stm32f4xx_tim.o
    0x08008e4c   0x08008e4c   0x00000174   Code   RO         6301    i.TIM_TimeBaseInit  stm32f4xx_tim.o
    0x08008fc0   0x08008fc0   0x00000012   Code   RO         6302    i.TIM_TimeBaseStructInit  stm32f4xx_tim.o
    0x08008fd2   0x08008fd2   0x00000002   PAD
    0x08008fd4   0x08008fd4   0x0000003c   Code   RO         8333    i.TMP_Change_Activated_Module  tmp_sensor.o
    0x08009010   0x08009010   0x00000010   Code   RO         8334    i.TMP_Sensor_GetData  tmp_sensor.o
    0x08009020   0x08009020   0x00000090   Code   RO         8335    i.TMP_Sensor_Init   tmp_sensor.o
    0x080090b0   0x080090b0   0x0000000c   Code   RO         8336    i.TMP_Sensor_SetStatus  tmp_sensor.o
    0x080090bc   0x080090bc   0x0000004c   Code   RO         8337    i.TMP_Sensor_update  tmp_sensor.o
    0x08009108   0x08009108   0x00000054   Code   RO          631    i.UART2_BUF_O_Check_Data_Integrity  ttrd2-05a-t0401a-v001a_uart2_buff_o_task.o
    0x0800915c   0x0800915c   0x0000000c   Code   RO          632    i.UART2_BUF_O_Get_WaitingIdx  ttrd2-05a-t0401a-v001a_uart2_buff_o_task.o
    0x08009168   0x08009168   0x00000120   Code   RO          633    i.UART2_BUF_O_Init  ttrd2-05a-t0401a-v001a_uart2_buff_o_task.o
    0x08009288   0x08009288   0x00000088   Code   RO          634    i.UART2_BUF_O_Send_All_Data  ttrd2-05a-t0401a-v001a_uart2_buff_o_task.o
    0x08009310   0x08009310   0x00000038   Code   RO          635    i.UART2_BUF_O_Send_All_Data_Blocking  ttrd2-05a-t0401a-v001a_uart2_buff_o_task.o
    0x08009348   0x08009348   0x0000001c   Code   RO          636    i.UART2_BUF_O_Update  ttrd2-05a-t0401a-v001a_uart2_buff_o_task.o
    0x08009364   0x08009364   0x00000060   Code   RO          637    i.UART2_BUF_O_Write_Char_To_Buffer  ttrd2-05a-t0401a-v001a_uart2_buff_o_task.o
    0x080093c4   0x080093c4   0x00000056   Code   RO          639    i.UART2_BUF_O_Write_Number03_To_Buffer  ttrd2-05a-t0401a-v001a_uart2_buff_o_task.o
    0x0800941a   0x0800941a   0x0000006e   Code   RO          640    i.UART2_BUF_O_Write_Number04_To_Buffer  ttrd2-05a-t0401a-v001a_uart2_buff_o_task.o
    0x08009488   0x08009488   0x00000018   Code   RO          642    i.UART2_BUF_O_Write_String_To_Buffer  ttrd2-05a-t0401a-v001a_uart2_buff_o_task.o
    0x080094a0   0x080094a0   0x000000d8   Code   RO          149    i.UART4_DMA_RX_Init  project.o
    0x08009578   0x08009578   0x000000d4   Code   RO         6779    i.USART_ClearFlag   stm32f4xx_usart.o
    0x0800964c   0x0800964c   0x000000b4   Code   RO         6783    i.USART_Cmd         stm32f4xx_usart.o
    0x08009700   0x08009700   0x000000c8   Code   RO         6784    i.USART_DMACmd      stm32f4xx_usart.o
    0x080097c8   0x080097c8   0x0000022c   Code   RO         6790    i.USART_Init        stm32f4xx_usart.o
    0x080099f4   0x080099f4   0x00000040   Code   RO          552    i.WATCHDOG_Init     ttrd2-05a-t0401a-v001a_iwdt_task.o
    0x08009a34   0x08009a34   0x00000014   Code   RO          553    i.WATCHDOG_Update   ttrd2-05a-t0401a-v001a_iwdt_task.o
    0x08009a48   0x08009a48   0x0000010c   Code   RO         9380    i.WahbaJacobiSVDRotM  jacobits.o
    0x08009b54   0x08009b54   0x00000498   Code   RO         9277    i.WahbaRotM         wahbarotm.o
    0x08009fec   0x08009fec   0x00000030   Code   RO        10023    i.__ARM_fpclassify  m_wm.l(fpclassify.o)
    0x0800a01c   0x0800a01c   0x00000026   Code   RO        10025    i.__ARM_fpclassifyf  m_wm.l(fpclassifyf.o)
    0x0800a042   0x0800a042   0x00000006   PAD
    0x0800a048   0x0800a048   0x000000f8   Code   RO        10237    i.__hardfp___mathlib_tofloat  m_wm.l(narrow.o)
    0x0800a140   0x0800a140   0x00000118   Code   RO         9751    i.__hardfp_acosf    m_wm.l(acosf.o)
    0x0800a258   0x0800a258   0x00000360   Code   RO         9763    i.__hardfp_asin     m_wm.l(asin.o)
    0x0800a5b8   0x0800a5b8   0x000002d8   Code   RO         9972    i.__hardfp_atan     m_wm.l(atan.o)
    0x0800a890   0x0800a890   0x00000200   Code   RO         9777    i.__hardfp_atan2    m_wm.l(atan2.o)
    0x0800aa90   0x0800aa90   0x000002ac   Code   RO         9789    i.__hardfp_atan2f   m_wm.l(atan2f.o)
    0x0800ad3c   0x0800ad3c   0x00000004   PAD
    0x0800ad40   0x0800ad40   0x00000038   Code   RO         9801    i.__hardfp_atof     m_wm.l(atof.o)
    0x0800ad78   0x0800ad78   0x000000c8   Code   RO         9807    i.__hardfp_cos      m_wm.l(cos.o)
    0x0800ae40   0x0800ae40   0x00000150   Code   RO         9819    i.__hardfp_cosf     m_wm.l(cosf.o)
    0x0800af90   0x0800af90   0x00000014   Code   RO         9831    i.__hardfp_fabs     m_wm.l(fabs.o)
    0x0800afa4   0x0800afa4   0x00000104   Code   RO         9837    i.__hardfp_fmod     m_wm.l(fmod.o)
    0x0800b0a8   0x0800b0a8   0x000000d0   Code   RO        10292    i.__hardfp_ldexp    m_wm.l(ldexp.o)
    0x0800b178   0x0800b178   0x000003c4   Code   RO         9849    i.__hardfp_log      m_wm.l(log.o)
    0x0800b53c   0x0800b53c   0x00000004   PAD
    0x0800b540   0x0800b540   0x00000c50   Code   RO         9863    i.__hardfp_pow      m_wm.l(pow.o)
    0x0800c190   0x0800c190   0x000000c8   Code   RO         9877    i.__hardfp_sin      m_wm.l(sin.o)
    0x0800c258   0x0800c258   0x00000190   Code   RO         9889    i.__hardfp_sinf     m_wm.l(sinf.o)
    0x0800c3e8   0x0800c3e8   0x0000007a   Code   RO         9915    i.__hardfp_sqrt     m_wm.l(sqrt.o)
    0x0800c462   0x0800c462   0x00000006   PAD
    0x0800c468   0x0800c468   0x00000438   Code   RO        10044    i.__ieee754_rem_pio2  m_wm.l(rred.o)
    0x0800c8a0   0x0800c8a0   0x00000170   Code   RO         9986    i.__kernel_cos      m_wm.l(cos_i.o)
    0x0800ca10   0x0800ca10   0x000000f8   Code   RO        10041    i.__kernel_poly     m_wm.l(poly.o)
    0x0800cb08   0x0800cb08   0x00000130   Code   RO        10052    i.__kernel_sin      m_wm.l(sin_i.o)
    0x0800cc38   0x0800cc38   0x00000030   Code   RO         9989    i.__mathlib_dbl_divzero  m_wm.l(dunder.o)
    0x0800cc68   0x0800cc68   0x00000014   Code   RO         9990    i.__mathlib_dbl_infnan  m_wm.l(dunder.o)
    0x0800cc7c   0x0800cc7c   0x00000014   Code   RO         9991    i.__mathlib_dbl_infnan2  m_wm.l(dunder.o)
    0x0800cc90   0x0800cc90   0x00000020   Code   RO         9992    i.__mathlib_dbl_invalid  m_wm.l(dunder.o)
    0x0800ccb0   0x0800ccb0   0x00000020   Code   RO         9993    i.__mathlib_dbl_overflow  m_wm.l(dunder.o)
    0x0800ccd0   0x0800ccd0   0x00000020   Code   RO         9995    i.__mathlib_dbl_underflow  m_wm.l(dunder.o)
    0x0800ccf0   0x0800ccf0   0x00000006   Code   RO        10028    i.__mathlib_flt_infnan  m_wm.l(funder.o)
    0x0800ccf6   0x0800ccf6   0x00000006   Code   RO        10029    i.__mathlib_flt_infnan2  m_wm.l(funder.o)
    0x0800ccfc   0x0800ccfc   0x00000010   Code   RO        10030    i.__mathlib_flt_invalid  m_wm.l(funder.o)
    0x0800cd0c   0x0800cd0c   0x00000010   Code   RO        10033    i.__mathlib_flt_underflow  m_wm.l(funder.o)
    0x0800cd1c   0x0800cd1c   0x00000012   Code   RO        10238    i.__mathlib_narrow  m_wm.l(narrow.o)
    0x0800cd2e   0x0800cd2e   0x00000002   PAD
    0x0800cd30   0x0800cd30   0x00000154   Code   RO        10049    i.__mathlib_rredf2  m_wm.l(rredf.o)
    0x0800ce84   0x0800ce84   0x00000014   Code   RO        10294    i.__support_ldexp   m_wm.l(ldexp.o)
    0x0800ce98   0x0800ce98   0x0000002a   Code   RO         8865    i._atoi             printf.o
    0x0800cec2   0x0800cec2   0x00000002   PAD
    0x0800cec4   0x0800cec4   0x0000048c   Code   RO         8866    i._etoa             printf.o
    0x0800d350   0x0800d350   0x000003ac   Code   RO         8867    i._ftoa             printf.o
    0x0800d6fc   0x0800d6fc   0x00000012   Code   RO         8868    i._is_digit         printf.o
    0x0800d70e   0x0800d70e   0x0000000e   Code   RO        10122    i._is_digit         c_w.l(scanf_fp.o)
    0x0800d71c   0x0800d71c   0x0000011a   Code   RO         8869    i._ntoa_format      printf.o
    0x0800d836   0x0800d836   0x0000007c   Code   RO         8870    i._ntoa_long        printf.o
    0x0800d8b2   0x0800d8b2   0x000000b8   Code   RO         8871    i._ntoa_long_long   printf.o
    0x0800d96a   0x0800d96a   0x00000008   Code   RO         8872    i._out_buffer       printf.o
    0x0800d972   0x0800d972   0x00000002   Code   RO         8875    i._out_null         printf.o
    0x0800d974   0x0800d974   0x00000072   Code   RO         8876    i._out_rev          printf.o
    0x0800d9e6   0x0800d9e6   0x00000002   PAD
    0x0800d9e8   0x0800d9e8   0x000006b0   Code   RO         8878    i._vsnprintf        printf.o
    0x0800e098   0x0800e098   0x00000068   Code   RO         9381    i.apply_jacobi_L    jacobits.o
    0x0800e100   0x0800e100   0x00000068   Code   RO         9382    i.apply_jacobi_R    jacobits.o
    0x0800e168   0x0800e168   0x00000034   Code   RO         9278    i.arm_sqrt          wahbarotm.o
    0x0800e19c   0x0800e19c   0x00000034   Code   RO         9383    i.arm_sqrt          jacobits.o
    0x0800e1d0   0x0800e1d0   0x00000050   Code   RO         7303    i.assert_failed     ttrd2-19a-t0401a-v001a_assert_failed.o
    0x0800e220   0x0800e220   0x00000010   Code   RO         9974    i.atan              m_wm.l(atan.o)
    0x0800e230   0x0800e230   0x00000160   Code   RO         9184    i.b_dot             controller.o
    0x0800e390   0x0800e390   0x00000150   Code   RO         9019    i.cart2spher        frame.o
    0x0800e4e0   0x0800e4e0   0x00000016   Code   RO         8643    i.cnv8_16LE         common.o
    0x0800e4f6   0x0800e4f6   0x00000020   Code   RO         8644    i.cnv8_32           common.o
    0x0800e516   0x0800e516   0x0000003c   Code   RO         8645    i.cnv8_D            common.o
    0x0800e552   0x0800e552   0x00000024   Code   RO         8508    i.convert           time.o
    0x0800e576   0x0800e576   0x00000002   PAD
    0x0800e578   0x0800e578   0x000001c8   Code   RO         9279    i.dRpropagat        wahbarotm.o
    0x0800e740   0x0800e740   0x0000006c   Code   RO         9517    i.d_read            tle.o
    0x0800e7ac   0x0800e7ac   0x00000124   Code   RO         8509    i.decyear           time.o
    0x0800e8d0   0x0800e8d0   0x00000082   Code   RO         9280    i.detMatr           wahbarotm.o
    0x0800e952   0x0800e952   0x00000002   PAD
    0x0800e954   0x0800e954   0x00000348   Code   RO         9636    i.dihf              geomag.o
    0x0800ec9c   0x0800ec9c   0x00000204   Code   RO         9281    i.euler2rotm        wahbarotm.o
    0x0800eea0   0x0800eea0   0x000001fc   Code   RO         9637    i.extrapsh          geomag.o
    0x0800f09c   0x0800f09c   0x00000018   Code   RO         9833    i.fabs              m_wm.l(fabs.o)
    0x0800f0b4   0x0800f0b4   0x00000012   Code   RO         8730    i.fix_f             nmea_parsing.o
    0x0800f0c6   0x0800f0c6   0x00000006   Code   RO         8587    i.flash_read_byte   flash.o
    0x0800f0cc   0x0800f0cc   0x000001f6   Code   RO         9519    i.flash_read_tle    tle.o
    0x0800f2c2   0x0800f2c2   0x00000006   PAD
    0x0800f2c8   0x0800f2c8   0x0000008c   Code   RO        10268    i.frexp             m_wm.l(frexp.o)
    0x0800f354   0x0800f354   0x00000344   Code   RO         9638    i.geomag            geomag.o
    0x0800f698   0x0800f698   0x00000138   Code   RO         9639    i.getshc            geomag.o
    0x0800f7d0   0x0800f7d0   0x0000019c   Code   RO         9020    i.gha_aries         frame.o
    0x0800f96c   0x0800f96c   0x0000004a   Code   RO         9521    i.i_read            tle.o
    0x0800f9b6   0x0800f9b6   0x00000002   PAD
    0x0800f9b8   0x0800f9b8   0x00001ea4   Code   RO         9437    i.init_sgp4         sgp4.o
    0x0801185c   0x0801185c   0x00000374   Code   RO         9384    i.jacobi2Sided      jacobits.o
    0x08011bd0   0x08011bd0   0x000000d4   Code   RO         8510    i.julday            time.o
    0x08011ca4   0x08011ca4   0x00000328   Code   RO         9438    i.kep2xyz           sgp4.o
    0x08011fcc   0x08011fcc   0x00000058   Code   RO         8731    i.lla_f             nmea_parsing.o
    0x08012024   0x08012024   0x00000010   Code   RO            4    i.main              main.o
    0x08012034   0x08012034   0x000000d8   Code   RO         9283    i.mulMatr           wahbarotm.o
    0x0801210c   0x0801210c   0x000000e4   Code   RO         9284    i.mulMatrMatrTr     wahbarotm.o
    0x080121f0   0x080121f0   0x0000007a   Code   RO         9285    i.mulMatrTrVec      wahbarotm.o
    0x0801226a   0x0801226a   0x0000007a   Code   RO         9286    i.mulMatrVec        wahbarotm.o
    0x080122e4   0x080122e4   0x0000006c   Code   RO         8732    i.nmea_parser_init  nmea_parsing.o
    0x08012350   0x08012350   0x00000014   Code   RO         8733    i.nmea_sentence_getOutput  nmea_parsing.o
    0x08012364   0x08012364   0x00000014   Code   RO         8734    i.nmea_sentence_parsing  nmea_parsing.o
    0x08012378   0x08012378   0x00000078   Code   RO         8649    i.norm              common.o
    0x080123f0   0x080123f0   0x0000002e   Code   RO         9287    i.normV             wahbarotm.o
    0x0801241e   0x0801241e   0x00000002   PAD
    0x08012420   0x08012420   0x00000210   Code   RO         9185    i.pointing_controller  controller.o
    0x08012630   0x08012630   0x000000b0   Code   RO         8511    i.print_time        time.o
    0x080126e0   0x080126e0   0x000001c0   Code   RO         9524    i.read_tle          tle.o
    0x080128a0   0x080128a0   0x00000058   Code   RO         8735    i.root_f            nmea_parsing.o
    0x080128f8   0x080128f8   0x00000158   Code   RO         9288    i.rotmtx2euler      wahbarotm.o
    0x08012a50   0x08012a50   0x000002ac   Code   RO         9289    i.rotmtx2quat       wahbarotm.o
    0x08012cfc   0x08012cfc   0x00000026   Code   RO         8736    i.satnum_f          nmea_parsing.o
    0x08012d22   0x08012d22   0x00000002   PAD
    0x08012d24   0x08012d24   0x00000074   Code   RO         9439    i.satpos_xyz        sgp4.o
    0x08012d98   0x08012d98   0x000014b4   Code   RO         9440    i.sgp4              sgp4.o
    0x0801424c   0x0801424c   0x00001bc4   Code   RO         9640    i.shval3            geomag.o
    0x08015e10   0x08015e10   0x00000198   Code   RO         9186    i.spin_torquer_controller  controller.o
    0x08015fa8   0x08015fa8   0x00000030   Code   RO         8882    i.sprintf_          printf.o
    0x08015fd8   0x08015fd8   0x0000006e   Code   RO         9917    i.sqrt              m_wm.l(sqrt.o)
    0x08016046   0x08016046   0x0000003e   Code   RO        10060    i.sqrtf             m_wm.l(sqrtf.o)
    0x08016084   0x08016084   0x000000b0   Code   RO         8650    i.str_to_float      common.o
    0x08016134   0x08016134   0x00000040   Code   RO         8651    i.str_to_float_nl   common.o
    0x08016174   0x08016174   0x00000034   Code   RO         8737    i.time_f            nmea_parsing.o
    0x080161a8   0x080161a8   0x00000018   Code   RO         8512    i.time_getTime      time.o
    0x080161c0   0x080161c0   0x000000d0   Code   RO         8513    i.time_init         time.o
    0x08016290   0x08016290   0x00000094   Code   RO         8514    i.time_update       time.o
    0x08016324   0x08016324   0x000000f0   Code   RO         8515    i.tle_epoch         time.o
    0x08016414   0x08016414   0x00000040   Code   RO         8167    i.wait_for_event    driver_i2c.o
    0x08016454   0x08016454   0x0000003c   Code   RO         8738    i.xdop_f            nmea_parsing.o
    0x08016490   0x08016490   0x00000076   Code   RO         8739    i.xnode_proccess    nmea_parsing.o
    0x08016506   0x08016506   0x00000002   PAD
    0x08016508   0x08016508   0x0000002c   Code   RO        10105    locale$$code        c_w.l(lc_numeric_c.o)
    0x08016534   0x08016534   0x0000002c   Code   RO        10125    locale$$code        c_w.l(lc_ctype_c.o)
    0x08016560   0x08016560   0x00000018   Code   RO         9699    x$fpl$basic         fz_wm.l(basic.o)
    0x08016578   0x08016578   0x00000062   Code   RO         9701    x$fpl$d2f           fz_wm.l(d2f.o)
    0x080165da   0x080165da   0x00000002   PAD
    0x080165dc   0x080165dc   0x00000150   Code   RO         9703    x$fpl$dadd          fz_wm.l(daddsub_clz.o)
    0x0801672c   0x0801672c   0x00000010   Code   RO        10107    x$fpl$dcheck1       fz_wm.l(dcheck1.o)
    0x0801673c   0x0801673c   0x00000018   Code   RO         9955    x$fpl$dcmpinf       fz_wm.l(dcmpi.o)
    0x08016754   0x08016754   0x000002b0   Code   RO         9710    x$fpl$ddiv          fz_wm.l(ddiv.o)
    0x08016a04   0x08016a04   0x00000078   Code   RO         9713    x$fpl$deqf          fz_wm.l(deqf.o)
    0x08016a7c   0x08016a7c   0x0000005e   Code   RO         9715    x$fpl$dfix          fz_wm.l(dfix.o)
    0x08016ada   0x08016ada   0x00000002   PAD
    0x08016adc   0x08016adc   0x0000005a   Code   RO         9719    x$fpl$dfixu         fz_wm.l(dfixu.o)
    0x08016b36   0x08016b36   0x0000002e   Code   RO         9724    x$fpl$dflt          fz_wm.l(dflt_clz.o)
    0x08016b64   0x08016b64   0x00000026   Code   RO         9723    x$fpl$dfltu         fz_wm.l(dflt_clz.o)
    0x08016b8a   0x08016b8a   0x00000002   PAD
    0x08016b8c   0x08016b8c   0x00000078   Code   RO         9729    x$fpl$dleqf         fz_wm.l(dleqf.o)
    0x08016c04   0x08016c04   0x00000154   Code   RO         9731    x$fpl$dmul          fz_wm.l(dmul.o)
    0x08016d58   0x08016d58   0x0000009c   Code   RO         9957    x$fpl$dnaninf       fz_wm.l(dnaninf.o)
    0x08016df4   0x08016df4   0x00000150   Code   RO         9959    x$fpl$drem          fz_wm.l(drem_clz.o)
    0x08016f44   0x08016f44   0x0000000c   Code   RO         9961    x$fpl$dretinf       fz_wm.l(dretinf.o)
    0x08016f50   0x08016f50   0x0000006c   Code   RO         9733    x$fpl$drleqf        fz_wm.l(drleqf.o)
    0x08016fbc   0x08016fbc   0x00000016   Code   RO         9704    x$fpl$drsb          fz_wm.l(daddsub_clz.o)
    0x08016fd2   0x08016fd2   0x00000002   PAD
    0x08016fd4   0x08016fd4   0x00000198   Code   RO         9963    x$fpl$dsqrt         fz_wm.l(dsqrt_umaal.o)
    0x0801716c   0x0801716c   0x000001d4   Code   RO         9705    x$fpl$dsub          fz_wm.l(daddsub_clz.o)
    0x08017340   0x08017340   0x00000056   Code   RO         9735    x$fpl$f2d           fz_wm.l(f2d.o)
    0x08017396   0x08017396   0x0000008c   Code   RO         9965    x$fpl$fnaninf       fz_wm.l(fnaninf.o)
    0x08017422   0x08017422   0x0000000a   Code   RO        10225    x$fpl$fpinit        fz_wm.l(fpinit.o)
    0x0801742c   0x0801742c   0x0000000a   Code   RO         9967    x$fpl$fretinf       fz_wm.l(fretinf.o)
    0x08017436   0x08017436   0x00000006   Code   RO        10227    x$fpl$ieeestatus    fz_wm.l(istatus.o)
    0x0801743c   0x0801743c   0x00000064   Code   RO        10184    x$fpl$retnan        fz_wm.l(retnan.o)
    0x080174a0   0x080174a0   0x0000005c   Code   RO         9969    x$fpl$scalbn        fz_wm.l(scalbn.o)
    0x080174fc   0x080174fc   0x00000004   Code   RO        10109    x$fpl$scanf1        fz_wm.l(scanf1.o)
    0x08017500   0x08017500   0x00000008   Code   RO        10229    x$fpl$scanf2        fz_wm.l(scanf2.o)
    0x08017508   0x08017508   0x00000030   Code   RO        10235    x$fpl$trapveneer    fz_wm.l(trapv.o)
    0x08017538   0x08017538   0x00000000   Code   RO         9971    x$fpl$usenofp       fz_wm.l(usenofp.o)
    0x08017538   0x08017538   0x00000068   Data   RO         8517    .constdata          time.o
    0x080175a0   0x080175a0   0x00000050   Data   RO         8885    .constdata          printf.o
    0x080175f0   0x080175f0   0x00000680   Data   RO         9642    .constdata          geomag.o
    0x08017c70   0x08017c70   0x00000050   Data   RO         9766    .constdata          m_wm.l(asin.o)
    0x08017cc0   0x08017cc0   0x00000038   Data   RO         9852    .constdata          m_wm.l(log.o)
    0x08017cf8   0x08017cf8   0x00000088   Data   RO         9866    .constdata          m_wm.l(pow.o)
    0x08017d80   0x08017d80   0x00000098   Data   RO         9975    .constdata          m_wm.l(atan.o)
    0x08017e18   0x08017e18   0x00000030   Data   RO         9987    .constdata          m_wm.l(cos_i.o)
    0x08017e48   0x08017e48   0x00000008   Data   RO        10043    .constdata          m_wm.l(qnan.o)
    0x08017e50   0x08017e50   0x000000c8   Data   RO        10046    .constdata          m_wm.l(rred.o)
    0x08017f18   0x08017f18   0x00000020   Data   RO        10050    .constdata          m_wm.l(rredf.o)
    0x08017f38   0x08017f38   0x00000028   Data   RO        10053    .constdata          m_wm.l(sin_i.o)
    0x08017f60   0x08017f60   0x00000094   Data   RO        10191    .constdata          c_w.l(bigflt0.o)
    0x08017ff4   0x08017ff4   0x00000069   Data   RO          817    .conststring        app_sensor_gps_task.o
    0x0801805d   0x0801805d   0x00000003   PAD
    0x08018060   0x08018060   0x00000067   Data   RO          942    .conststring        app_sensor_imu_task.o
    0x080180c7   0x080180c7   0x00000001   PAD
    0x080180c8   0x080180c8   0x0000004b   Data   RO         1192    .conststring        app_control_ref_vector_task.o
    0x08018113   0x08018113   0x00000001   PAD
    0x08018114   0x08018114   0x0000000e   Data   RO         8741    .conststring        nmea_parsing.o
    0x08018122   0x08018122   0x00000002   PAD
    0x08018124   0x08018124   0x0000008c   Data   RO         9529    .conststring        tle.o
    0x080181b0   0x080181b0   0x00000020   Data   RO        10342    Region$$Table       anon$$obj.o
    0x080181d0   0x080181d0   0x00000008   Data   RO        10221    c$$dinf             fz_wm.l(fpconst.o)
    0x080181d8   0x080181d8   0x00000008   Data   RO        10224    c$$dmax             fz_wm.l(fpconst.o)
    0x080181e0   0x080181e0   0x0000001c   Data   RO        10104    locale$$data        c_w.l(lc_numeric_c.o)
    0x080181fc   0x080181fc   0x00000110   Data   RO        10124    locale$$data        c_w.l(lc_ctype_c.o)


    Execution Region RW_IRAM1 (Exec base: 0x20000000, Load base: 0x0801830c, Size: 0x00004258, Max: 0x00020000, ABSOLUTE, COMPRESSED[0x00000110])

    Exec Addr    Load Addr    Size         Type   Attr      Idx    E Section Name        Object

    0x20000000   COMPRESSED   0x00000004   Data   RW          150    .data               project.o
    0x20000004   COMPRESSED   0x00000010   Data   RW          378    .data               ttrd2-05a-t0401a-v001a_adc_task.o
    0x20000014   COMPRESSED   0x00000008   Data   RW          516    .data               ttrd2-05a-t0401a-v001a_heartbeat_sw_task.o
    0x2000001c   COMPRESSED   0x00000008   Data   RW          554    .data               ttrd2-05a-t0401a-v001a_iwdt_task.o
    0x20000024   COMPRESSED   0x00000010   Data   RW          596    .data               ttrd2-05a-t0401a-v001a_switch_task.o
    0x20000034   COMPRESSED   0x0000000d   Data   RW          644    .data               ttrd2-05a-t0401a-v001a_uart2_buff_o_task.o
    0x20000041   COMPRESSED   0x00000003   PAD
    0x20000044   COMPRESSED   0x00000008   Data   RW          731    .data               ttrd2-19a-t0401a-v001b_processor_task.o
    0x2000004c   COMPRESSED   0x00000010   Data   RW         4810    .data               stm32f4xx_rcc.o
    0x2000005c   COMPRESSED   0x00000010   Data   RW         7039    .data               ttrd2-05a-t0401a-v001a_reg_conf_chk_adc1.o
    0x2000006c   COMPRESSED   0x00000064   Data   RW         7168    .data               ttrd2-05a-t0401a-v001a_reg_conf_chk_gpio.o
    0x200000d0   COMPRESSED   0x00000084   Data   RW         7200    .data               ttrd2-05a-t0401a-v001a_reg_conf_chk_timer.o
    0x20000154   COMPRESSED   0x00000030   Data   RW         7232    .data               ttrd2-05a-t0401a-v001a_reg_conf_chk_uart.o
    0x20000184   COMPRESSED   0x00000014   Data   RW         7265    .data               system_stm32f4xx.o
    0x20000198   COMPRESSED   0x00000008   Data   RW         7436    .data               ttrd2-04a-t0401a-v001a_pfc_reporting.o
    0x200001a0   COMPRESSED   0x00000008   Data   RW         7579    .data               ttrd2-19a-t0401a-v001b_processor.o
    0x200001a8   COMPRESSED   0x00000028   Data   RW         7731    .data               ttrd2-19a-t0401a-v001b_run_time_tests.o
    0x200001d0   COMPRESSED   0x00000010   Data   RW         7788    .data               ttrd2-18a-t0401a-v001a_monittor_i.o
    0x200001e0   COMPRESSED   0x00000138   Data   RW         7935    .data               ttrd2-19a-t0401a-v001b_predicttor_i.o
    0x20000318   COMPRESSED   0x00000010   Data   RW         7981    .data               ttrd2-19a-t0401a-v001c_scheduler.o
    0x20000328   COMPRESSED   0x00000002   Data   RW         8055    .data               imu_sensor.o
    0x2000032a   COMPRESSED   0x00000002   PAD
    0x2000032c   COMPRESSED   0x00000006   Data   RW         8216    .data               mgn_sensor.o
    0x20000332   COMPRESSED   0x00000002   PAD
    0x20000334   COMPRESSED   0x0000000d   Data   RW         8276    .data               gps_sensor.o
    0x20000341   COMPRESSED   0x00000003   PAD
    0x20000344   COMPRESSED   0x0000000f   Data   RW         8338    .data               tmp_sensor.o
    0x20000353   COMPRESSED   0x00000001   PAD
    0x20000354   COMPRESSED   0x00000114   Data   RW         8742    .data               nmea_parsing.o
    0x20000468   COMPRESSED   0x00000007   Data   RW         8815    .data               obc_comm.o
    0x2000046f   COMPRESSED   0x00000001   PAD
    0x20000470   COMPRESSED   0x00000048   Data   RW         9188    .data               controller.o
    0x200004b8   COMPRESSED   0x00000050   Data   RW         9291    .data               wahbarotm.o
    0x20000508   COMPRESSED   0x00000129   Data   RW         9442    .data               sgp4.o
    0x20000631   COMPRESSED   0x00000007   PAD
    0x20000638   COMPRESSED   0x000000a0   Data   RW         9643    .data               geomag.o
    0x200006d8        -       0x00000800   Zero   RW          643    .bss                ttrd2-05a-t0401a-v001a_uart2_buff_o_task.o
    0x20000ed8        -       0x000002f8   Zero   RW         7980    .bss                ttrd2-19a-t0401a-v001c_scheduler.o
    0x200011d0        -       0x00000090   Zero   RW         8054    .bss                imu_sensor.o
    0x20001260        -       0x00000060   Zero   RW         8215    .bss                mgn_sensor.o
    0x200012c0        -       0x000009f8   Zero   RW         8275    .bss                gps_sensor.o
    0x20001cb8        -       0x00000040   Zero   RW         8393    .bss                sun_sensor.o
    0x20001cf8        -       0x00000040   Zero   RW         8516    .bss                time.o
    0x20001d38        -       0x00000060   Zero   RW         8740    .bss                nmea_parsing.o
    0x20001d98        -       0x000000a8   Zero   RW         9059    .bss                ref_vectors.o
    0x20001e40        -       0x000002e8   Zero   RW         9187    .bss                controller.o
    0x20002128        -       0x0000015c   Zero   RW         9290    .bss                wahbarotm.o
    0x20002284   COMPRESSED   0x00000004   PAD
    0x20002288        -       0x00000090   Zero   RW         9441    .bss                sgp4.o
    0x20002318        -       0x00000060   Zero   RW         9528    .bss                tle.o
    0x20002378        -       0x00001880   Zero   RW         9641    .bss                geomag.o
    0x20003bf8        -       0x00000060   Zero   RW        10077    .bss                c_w.l(libspace.o)
    0x20003c58        -       0x00000200   Zero   RW         7425    HEAP                startup_stm32f446xx.o
    0x20003e58        -       0x00000400   Zero   RW         7424    STACK               startup_stm32f446xx.o


==============================================================================

Image component sizes


      Code (inc. data)   RO Data    RW Data    ZI Data      Debug   Object Name

        84         54          0          0          0       1058   app_actuators_task.o
        60         40          0          0          0        598   app_control_attitude_det_task.o
        56         36          0          0          0        594   app_control_attitude_update_task.o
       160         40         75          0          0       3486   app_control_ref_vector_task.o
       256         90          0          0          0       1294   app_control_sgp4_task.o
       176         74          0          0          0       2180   app_control_tle_task.o
       112         54          0          0          0       1142   app_obc_comm_task.o
       232         26        105          0          0     257878   app_sensor_gps_task.o
       656        320          0          0          0       1348   app_sensor_health_task.o
       340         32        103          0          0       2342   app_sensor_imu_task.o
       224         74          0          0          0       3006   app_sensor_mgn_task.o
       100         42          0          0          0       1162   app_sensor_sun_task.o
       184         60          0          0          0       1874   app_sensor_tmp_task.o
       120         54          0          0          0       1214   app_time_keeping_task.o
       474          8          0          0          0       5495   common.o
      2588        150          0         72        744      13306   controller.o
       584         30          0          0          0       4180   driver_i2c.o
         6          0          0          0          0       1542   flash.o
      1016        100          0          0          0       4404   frame.o
      9604        540       1664        160       6272       7845   geomag.o
       720        118          0         13       2552       6105   gps_sensor.o
      1800        126          0          2        144       9297   imu_sensor.o
      1412         18          0          0          0       5877   jacobits.o
        16          0          0          0          0      31555   main.o
      1096        122          0          6         96       6720   mgn_sensor.o
         2          0          0          0          0       1133   mgn_torquer_driver.o
       304         86          0          0          0     354167   misc.o
       610         72         14        276         96       8744   nmea_parsing.o
       120         24          0          7          0       3797   obc_comm.o
      4638        244         80          0          0      14987   printf.o
       616         42          0          4          0       9669   project.o
      1092        146          0          0        168       9574   ref_vectors.o
     14416       1350          0        297        144      14877   sgp4.o
         2          0          0          0          0       1192   spin_motor_driver.o
        64         26        452          0       1536        852   startup_stm32f446xx.o
      1916        426          0          0          0       8081   stm32f4xx_adc.o
      1140        154          0          0          0       3490   stm32f4xx_dma.o
      1152        336          0          0          0       3387   stm32f4xx_gpio.o
      1604        524          0          0          0       6688   stm32f4xx_i2c.o
        72         46          0          0          0        578   stm32f4xx_pwr.o
      1624        472          0         16          0       8074   stm32f4xx_rcc.o
       402         98          0          0          0       3884   stm32f4xx_rtc.o
      1474        556          0          0          0       5371   stm32f4xx_tim.o
      1148        294          0          0          0       3718   stm32f4xx_usart.o
       392         22          0          0         64      21279   sun_sensor.o
       392         32          0         20          0       1893   system_stm32f4xx.o
      1358        126        104          0         64       9133   time.o
      1264         60        140          0         96       6213   tle.o
       460        112          0         15          0       4836   tmp_sensor.o
       212         30          0          8          0     260086   ttrd2-04a-t0401a-v001a_pfc_reporting.o
       520         62          0         16          0     293473   ttrd2-05a-t0401a-v001a_adc_task.o
       160         24          0          8          0       1290   ttrd2-05a-t0401a-v001a_heartbeat_sw_task.o
        84         20          0          8          0       1799   ttrd2-05a-t0401a-v001a_iwdt_task.o
       192         52          0         16          0     253142   ttrd2-05a-t0401a-v001a_reg_conf_chk_adc1.o
      1060        256          0        100          0       2494   ttrd2-05a-t0401a-v001a_reg_conf_chk_gpio.o
      1160        320          0        132          0       3158   ttrd2-05a-t0401a-v001a_reg_conf_chk_timer.o
       536        122          0         48          0       2578   ttrd2-05a-t0401a-v001a_reg_conf_chk_uart.o
        36          8          0         16          0       1443   ttrd2-05a-t0401a-v001a_switch_task.o
       124         20          0          0          0      22033   ttrd2-05a-t0401a-v001a_timeout_t3.o
       920        128          0         13       2048       7643   ttrd2-05a-t0401a-v001a_uart2_buff_o_task.o
       468         60          0         16          0     304109   ttrd2-18a-t0401a-v001a_monittor_i.o
        80         32          0          0          0       1076   ttrd2-19a-t0401a-v001a_assert_failed.o
       484         74          0        312          0       2776   ttrd2-19a-t0401a-v001b_predicttor_i.o
      2042        612          0          8          0      35257   ttrd2-19a-t0401a-v001b_processor.o
       336         48          0          8          0       3162   ttrd2-19a-t0401a-v001b_processor_task.o
       392         72          0         40          0       4542   ttrd2-19a-t0401a-v001b_run_time_tests.o
      1242        118          0         16        760      32377   ttrd2-19a-t0401a-v001c_scheduler.o
      4092         86          0         80        348      24685   wahbarotm.o

    ----------------------------------------------------------------------
     72514       9600       2776       1752      15136    2138242   Object Totals
         0          0         32          0          0          0   (incl. Generated)
        36          0          7         19          4          0   (incl. Padding)

    ----------------------------------------------------------------------

      Code (inc. data)   RO Data    RW Data    ZI Data      Debug   Library Member Name

        90          0          0          0          0          0   __dczerorl2.o
         8          0          0          0          0         68   __main.o
         0          0          0          0          0          0   __rtentry.o
        12          0          0          0          0          0   __rtentry2.o
         6          0          0          0          0          0   __rtentry4.o
        52          8          0          0          0          0   __scatter.o
        28          0          0          0          0          0   __scatter_zi.o
        28          0          0          0          0         68   _chval.o
        22          0          0          0          0        100   _rserrno.o
        64          0          0          0          0         84   _sgetc.o
       158          0          0          0          0         92   _strtoul.o
        26          0          0          0          0         80   atol.o
       228          4        148          0          0         96   bigflt0.o
      1924        136          0          0          0        756   btod.o
        18          0          0          0          0         80   exit.o
         6          0          0          0          0        152   heapauxi.o
         0          0          0          0          0          0   indicate_semi.o
        18          0          0          0          0         76   isspace.o
        44         10        272          0          0         76   lc_ctype_c.o
        44         10         28          0          0         76   lc_numeric_c.o
         2          0          0          0          0          0   libinit.o
        34          0          0          0          0          0   libinit2.o
         2          0          0          0          0          0   libshutdown.o
         2          0          0          0          0          0   libshutdown2.o
         8          4          0          0         96         68   libspace.o
        38          0          0          0          0         68   llshl.o
       238          0          0          0          0        100   lludivv7m.o
        16          4          0          0          0         76   rt_ctype_table.o
         8          4          0          0          0         68   rt_errno_addr_intlibspace.o
         8          4          0          0          0         68   rt_locale_intlibspace.o
        78          0          0          0          0         80   rt_memclr_w.o
       100          0          0          0          0         80   rt_memcpy_w.o
         2          0          0          0          0          0   rtexit.o
        10          0          0          0          0          0   rtexit2.o
      1286         16          0          0          0        236   scanf_fp.o
       800         14          0          0          0        100   scanf_hexfp.o
       308         16          0          0          0        100   scanf_infnan.o
       128          0          0          0          0         68   strcmpv7m.o
       164         14          0          0          0        120   strtod.o
       112          0          0          0          0         88   strtol.o
        12          4          0          0          0         68   sys_exit.o
        74          0          0          0          0         80   sys_stackheap_outer.o
         2          0          0          0          0         68   use_no_semi.o
        24          0          0          0          0        164   basic.o
        98          4          0          0          0        140   d2f.o
       826         16          0          0          0        492   daddsub_clz.o
        16          4          0          0          0        116   dcheck1.o
        24          0          0          0          0        116   dcmpi.o
       688        140          0          0          0        256   ddiv.o
       120          4          0          0          0        140   deqf.o
        94          4          0          0          0        140   dfix.o
        90          4          0          0          0        140   dfixu.o
        84          0          0          0          0        232   dflt_clz.o
       120          4          0          0          0        140   dleqf.o
       340         12          0          0          0        152   dmul.o
       156          4          0          0          0        140   dnaninf.o
       336         12          0          0          0        136   drem_clz.o
        12          0          0          0          0        116   dretinf.o
       108          0          0          0          0        128   drleqf.o
       408         56          0          0          0        168   dsqrt_umaal.o
        86          4          0          0          0        132   f2d.o
       140          4          0          0          0        132   fnaninf.o
         0          0         16          0          0          0   fpconst.o
        10          0          0          0          0        116   fpinit.o
        10          0          0          0          0        116   fretinf.o
         6          0          0          0          0        116   istatus.o
       100          0          0          0          0        116   retnan.o
        92          0          0          0          0        116   scalbn.o
         4          0          0          0          0        116   scanf1.o
         8          0          0          0          0        132   scanf2.o
        48          0          0          0          0        116   trapv.o
         0          0          0          0          0          0   usenofp.o
       280         46          0          0          0        176   acosf.o
       864         94         80          0          0        280   asin.o
       744        106        152          0          0        352   atan.o
       512         64          0          0          0        208   atan2.o
       684         90          0          0          0        208   atan2f.o
        56         12          0          0          0        132   atof.o
       200         20          0          0          0        164   cos.o
       368         46         48          0          0        200   cos_i.o
       336         56          0          0          0        136   cosf.o
       184         44          0          0          0        744   dunder.o
        44          0          0          0          0        248   fabs.o
       260          6          0          0          0        144   fmod.o
        48          0          0          0          0        124   fpclassify.o
        38          0          0          0          0        116   fpclassifyf.o
       140         22          0          0          0        132   frexp.o
        44         12          0          0          0        464   funder.o
       228          8          0          0          0        308   ldexp.o
       964         92         56          0          0        316   log.o
       266         16          0          0          0        308   narrow.o
       248          0          0          0          0        152   poly.o
      3152        296        136          0          0        352   pow.o
         0          0          8          0          0          0   qnan.o
      1080        142        200          0          0        188   rred.o
       340         24         32          0          0        160   rredf.o
       200         20          0          0          0        164   sin.o
       304         24         40          0          0        208   sin_i.o
       400         56          0          0          0        212   sinf.o
       232          0          0          0          0        296   sqrt.o
        62          0          0          0          0        136   sqrtf.o

    ----------------------------------------------------------------------
     22578       1824       1216          0         96      14092   Library Totals
        44          8          0          0          0          0   (incl. Padding)

    ----------------------------------------------------------------------

      Code (inc. data)   RO Data    RW Data    ZI Data      Debug   Library Name

      6208        248        448          0         96       3340   c_w.l
      4048        272         16          0          0       4124   fz_wm.l
     12278       1296        752          0          0       6628   m_wm.l

    ----------------------------------------------------------------------
     22578       1824       1216          0         96      14092   Library Totals

    ----------------------------------------------------------------------

==============================================================================


      Code (inc. data)   RO Data    RW Data    ZI Data      Debug   

     95092      11424       3992       1752      15232    2116266   Grand Totals
     95092      11424       3992        272      15232    2116266   ELF Image Totals (compressed)
     95092      11424       3992        272          0          0   ROM Totals

==============================================================================

    Total RO  Size (Code + RO Data)                99084 (  96.76kB)
    Total RW  Size (RW Data + ZI Data)             16984 (  16.59kB)
    Total ROM Size (Code + RO Data + RW Data)      99356 (  97.03kB)

==============================================================================

