<html>
<body>
<pre>
<h1>µVision Build Log</h1>
<h2>Tool Versions:</h2>
IDE-Version: µVision V5.36.0.0
Copyright (C) 2021 ARM Ltd and ARM Germany GmbH. All rights reserved.
License Information: Alpha Arslan, asd, LIC=----
 
Tool Versions:
Toolchain:       MDK-Lite  Version: 5.36.0.0
Toolchain Path:  C:\Keil_v5\ARM\ARMCC\Bin
C Compiler:      Armcc.exe V5.06 update 7 (build 960)
Assembler:       Armasm.exe V5.06 update 7 (build 960)
Linker/Locator:  ArmLink.exe V5.06 update 7 (build 960)
Library Manager: ArmAr.exe V5.06 update 7 (build 960)
Hex Converter:   FromElf.exe V5.06 update 7 (build 960)
CPU DLL:         SARMCM3.DLL V5.36.0.0
Dialog DLL:      DCM.DLL V1.17.3.0
Target DLL:      STLink\ST-LINKIII-KEIL_SWO.dll V3.0.9.0
Dialog DLL:      TCM.DLL V1.53.0.0
 
<h2>Project:</h2>
D:\_g_project\dev\Said WS\UART TASK\project\ttrd_eres02.uvprojx
Project File Date:  02/17/2022

<h2>Output:</h2>
*** Using Compiler 'V5.06 update 7 (build 960)', folder: 'C:\Keil_v5\ARM\ARMCC\Bin'
Build target 'STM32F446RE'
compiling tmp_sensor.c...
..\source\adcs\adcs_sensors\sensors_common.h(13): warning:  #1-D: last line of file ends without a newline
  #endif
..\source\adcs\adcs_sensors\gps_sensor.h(58): warning:  #1295-D: Deprecated declaration init_gps_uart - give arg types
  void init_gps_uart();
..\source\adcs\adcs_sensors\gps_sensor.h(59): warning:  #1295-D: Deprecated declaration get_gps_sentences - give arg types
  void get_gps_sentences();
..\source\adcs\adcs_sensors\adcs_sensors.h(44): warning:  #1295-D: Deprecated declaration sensors_init - give arg types
  void sensors_init();
..\source\adcs\adcs_sensors\adcs_sensors.h(45): warning:  #1295-D: Deprecated declaration sensors_update - give arg types
  void sensors_update();
..\source\adcs\adcs_sensors\adcs_sensors.h(59): warning:  #1295-D: Deprecated declaration adcs_pwr_switch_update - give arg types
  void adcs_pwr_switch_update();
..\source\adcs\adcs_sensors\adcs_sensors.h(63): warning:  #1295-D: Deprecated declaration adcs_pwr_switch_get - give arg types
  adcs_switch_state_t adcs_pwr_switch_get();
..\source\adcs\adcs_sensors\tmp_sensor.c: 7 warnings, 0 errors
linking...
Program Size: Code=17816 RO-data=484 RW-data=1040 ZI-data=2912  
".\Objects\TTRD-ERES2.axf" - 0 Error(s), 7 Warning(s).

<h2>Software Packages used:</h2>

Package Vendor: Keil
                http://www.keil.com/pack/Keil.STM32F4xx_DFP.2.16.0.pack
                Keil.STM32F4xx_DFP.2.16.0
                STMicroelectronics STM32F4 Series Device Support, Drivers and Examples

<h2>Collection of Component include folders:</h2>
  C:\Users\bluph\AppData\Local\Arm\Packs\.Download\Keil\STM32F4xx_DFP\2.16.0\Drivers\CMSIS\Device\ST\STM32F4xx\Include

<h2>Collection of Component Files used:</h2>
Build Time Elapsed:  00:00:01
</pre>
</body>
</html>
