Component: ARM Compiler 5.06 update 7 (build 960) Tool: armlink [4d3601]

==============================================================================

Section Cross References

    main.o(i.main) refers to ttrd2-19a-t0401a-v001b_processor.o(i.PROCESSOR_Init) for PROCESSOR_Init
    main.o(i.main) refers to ttrd2-19a-t0401a-v001c_scheduler.o(i.SCH_Start) for SCH_Start
    main.o(i.main) refers to ttrd2-19a-t0401a-v001c_scheduler.o(i.SCH_Dispatch_Tasks) for SCH_Dispatch_Tasks
    ttrd2-05a-t0401a-v001a_timeout_t3.o(i.TIMEOUT_T3_USEC_Get_Timer_State) refers to ttrd2-05a-t0401a-v001a_reg_conf_chk_timer.o(i.REG_CONFIG_TIMER_Check) for REG_CONFIG_TIMER_Check
    ttrd2-05a-t0401a-v001a_timeout_t3.o(i.TIMEOUT_T3_USEC_Get_Timer_State) refers to stm32f4xx_tim.o(i.TIM_GetCounter) for TIM_GetCounter
    ttrd2-05a-t0401a-v001a_timeout_t3.o(i.TIMEOUT_T3_USEC_Init) refers to stm32f4xx_rcc.o(i.RCC_APB1PeriphClockCmd) for RCC_APB1PeriphClockCmd
    ttrd2-05a-t0401a-v001a_timeout_t3.o(i.TIMEOUT_T3_USEC_Init) refers to stm32f4xx_tim.o(i.TIM_TimeBaseStructInit) for TIM_TimeBaseStructInit
    ttrd2-05a-t0401a-v001a_timeout_t3.o(i.TIMEOUT_T3_USEC_Init) refers to stm32f4xx_tim.o(i.TIM_TimeBaseInit) for TIM_TimeBaseInit
    ttrd2-05a-t0401a-v001a_timeout_t3.o(i.TIMEOUT_T3_USEC_Start) refers to stm32f4xx_tim.o(i.TIM_SetCounter) for TIM_SetCounter
    ttrd2-05a-t0401a-v001a_timeout_t3.o(i.TIMEOUT_T3_USEC_Start) refers to stm32f4xx_tim.o(i.TIM_Cmd) for TIM_Cmd
    ttrd2-05a-t0401a-v001a_timeout_t3.o(i.TIMEOUT_T3_USEC_Start) refers to ttrd2-05a-t0401a-v001a_reg_conf_chk_timer.o(i.REG_CONFIG_TIMER_Store) for REG_CONFIG_TIMER_Store
    ttrd2-05a-t0401a-v001a_adc_task.o(i.ADC1_Get_Temperature_Celsius) refers to ttrd2-19a-t0401a-v001b_processor.o(i.PROCESSOR_Perform_Safe_Shutdown) for PROCESSOR_Perform_Safe_Shutdown
    ttrd2-05a-t0401a-v001a_adc_task.o(i.ADC1_Get_Temperature_Celsius) refers to ttrd2-05a-t0401a-v001a_adc_task.o(.data) for ADC1_temperature_raw_ig
    ttrd2-05a-t0401a-v001a_adc_task.o(i.ADC1_Init) refers to stm32f4xx_adc.o(i.ADC_StructInit) for ADC_StructInit
    ttrd2-05a-t0401a-v001a_adc_task.o(i.ADC1_Init) refers to stm32f4xx_adc.o(i.ADC_CommonStructInit) for ADC_CommonStructInit
    ttrd2-05a-t0401a-v001a_adc_task.o(i.ADC1_Init) refers to stm32f4xx_rcc.o(i.RCC_APB2PeriphClockCmd) for RCC_APB2PeriphClockCmd
    ttrd2-05a-t0401a-v001a_adc_task.o(i.ADC1_Init) refers to stm32f4xx_adc.o(i.ADC_CommonInit) for ADC_CommonInit
    ttrd2-05a-t0401a-v001a_adc_task.o(i.ADC1_Init) refers to stm32f4xx_adc.o(i.ADC_Init) for ADC_Init
    ttrd2-05a-t0401a-v001a_adc_task.o(i.ADC1_Init) refers to stm32f4xx_adc.o(i.ADC_TempSensorVrefintCmd) for ADC_TempSensorVrefintCmd
    ttrd2-05a-t0401a-v001a_adc_task.o(i.ADC1_Init) refers to stm32f4xx_adc.o(i.ADC_Cmd) for ADC_Cmd
    ttrd2-05a-t0401a-v001a_adc_task.o(i.ADC1_Init) refers to ttrd2-05a-t0401a-v001a_reg_conf_chk_adc1.o(i.REG_CONFIG_CHECKS_ADC1_Store) for REG_CONFIG_CHECKS_ADC1_Store
    ttrd2-05a-t0401a-v001a_adc_task.o(i.ADC1_Init) refers to ttrd2-05a-t0401a-v001a_timeout_t3.o(i.TIMEOUT_T3_USEC_Init) for TIMEOUT_T3_USEC_Init
    ttrd2-05a-t0401a-v001a_adc_task.o(i.ADC1_Init) refers to ttrd2-05a-t0401a-v001a_adc_task.o(i.ADC1_Read_Channel) for ADC1_Read_Channel
    ttrd2-05a-t0401a-v001a_adc_task.o(i.ADC1_Init) refers to ttrd2-19a-t0401a-v001b_processor.o(i.PROCESSOR_Perform_Safe_Shutdown) for PROCESSOR_Perform_Safe_Shutdown
    ttrd2-05a-t0401a-v001a_adc_task.o(i.ADC1_Init) refers to ttrd2-05a-t0401a-v001a_adc_task.o(.data) for ADC_ref_v_g
    ttrd2-05a-t0401a-v001a_adc_task.o(i.ADC1_Read_Channel) refers to stm32f4xx_adc.o(i.ADC_RegularChannelConfig) for ADC_RegularChannelConfig
    ttrd2-05a-t0401a-v001a_adc_task.o(i.ADC1_Read_Channel) refers to stm32f4xx_adc.o(i.ADC_SoftwareStartConv) for ADC_SoftwareStartConv
    ttrd2-05a-t0401a-v001a_adc_task.o(i.ADC1_Read_Channel) refers to ttrd2-05a-t0401a-v001a_timeout_t3.o(i.TIMEOUT_T3_USEC_Start) for TIMEOUT_T3_USEC_Start
    ttrd2-05a-t0401a-v001a_adc_task.o(i.ADC1_Read_Channel) refers to stm32f4xx_adc.o(i.ADC_GetFlagStatus) for ADC_GetFlagStatus
    ttrd2-05a-t0401a-v001a_adc_task.o(i.ADC1_Read_Channel) refers to ttrd2-05a-t0401a-v001a_timeout_t3.o(i.TIMEOUT_T3_USEC_Get_Timer_State) for TIMEOUT_T3_USEC_Get_Timer_State
    ttrd2-05a-t0401a-v001a_adc_task.o(i.ADC1_Read_Channel) refers to ttrd2-19a-t0401a-v001b_processor.o(i.PROCESSOR_Perform_Safe_Shutdown) for PROCESSOR_Perform_Safe_Shutdown
    ttrd2-05a-t0401a-v001a_adc_task.o(i.ADC1_Read_Channel) refers to stm32f4xx_adc.o(i.ADC_GetConversionValue) for ADC_GetConversionValue
    ttrd2-05a-t0401a-v001a_adc_task.o(i.ADC1_Update) refers to ttrd2-19a-t0401a-v001b_processor.o(i.PROCESSOR_Perform_Safe_Shutdown) for PROCESSOR_Perform_Safe_Shutdown
    ttrd2-05a-t0401a-v001a_adc_task.o(i.ADC1_Update) refers to ttrd2-05a-t0401a-v001a_reg_conf_chk_adc1.o(i.REG_CONFIG_CHECKS_ADC1_Check) for REG_CONFIG_CHECKS_ADC1_Check
[...]
    Call_count_g                             0x20000048   Data           4  ttrd2-19a-t0401a-v001b_processor_task.o(.data)
    Call_count_ig                            0x2000004c   Data           4  ttrd2-19a-t0401a-v001b_processor_task.o(.data)
    .data                                    0x20000050   Section       16  stm32f4xx_rcc.o(.data)
    APBAHBPrescTable                         0x20000050   Data          16  stm32f4xx_rcc.o(.data)
    .data                                    0x20000060   Section       16  ttrd2-05a-t0401a-v001a_reg_conf_chk_adc1.o(.data)
    ADC_ccr_ig                               0x20000060   Data           4  ttrd2-05a-t0401a-v001a_reg_conf_chk_adc1.o(.data)
    ADC1_cr1_ig                              0x20000064   Data           4  ttrd2-05a-t0401a-v001a_reg_conf_chk_adc1.o(.data)
    ADC1_cr2_ig                              0x20000068   Data           4  ttrd2-05a-t0401a-v001a_reg_conf_chk_adc1.o(.data)
    ADC1_sqr1_ig                             0x2000006c   Data           4  ttrd2-05a-t0401a-v001a_reg_conf_chk_adc1.o(.data)
    .data                                    0x20000070   Section      100  ttrd2-05a-t0401a-v001a_reg_conf_chk_gpio.o(.data)
    GPIOx_rcc_ig                             0x20000070   Data           4  ttrd2-05a-t0401a-v001a_reg_conf_chk_gpio.o(.data)
    GPIOA_moder_ig                           0x20000074   Data           4  ttrd2-05a-t0401a-v001a_reg_conf_chk_gpio.o(.data)
    GPIOA_otyper_ig                          0x20000078   Data           4  ttrd2-05a-t0401a-v001a_reg_conf_chk_gpio.o(.data)
    GPIOA_ospeedr_ig                         0x2000007c   Data           4  ttrd2-05a-t0401a-v001a_reg_conf_chk_gpio.o(.data)
    GPIOA_pupdr_ig                           0x20000080   Data           4  ttrd2-05a-t0401a-v001a_reg_conf_chk_gpio.o(.data)
    GPIOB_moder_ig                           0x20000084   Data           4  ttrd2-05a-t0401a-v001a_reg_conf_chk_gpio.o(.data)
    GPIOB_otyper_ig                          0x20000088   Data           4  ttrd2-05a-t0401a-v001a_reg_conf_chk_gpio.o(.data)
    GPIOB_ospeedr_ig                         0x2000008c   Data           4  ttrd2-05a-t0401a-v001a_reg_conf_chk_gpio.o(.data)
    GPIOB_pupdr_ig                           0x20000090   Data           4  ttrd2-05a-t0401a-v001a_reg_conf_chk_gpio.o(.data)
    GPIOC_moder_ig                           0x20000094   Data           4  ttrd2-05a-t0401a-v001a_reg_conf_chk_gpio.o(.data)
    GPIOC_otyper_ig                          0x20000098   Data           4  ttrd2-05a-t0401a-v001a_reg_conf_chk_gpio.o(.data)
    GPIOC_ospeedr_ig                         0x2000009c   Data           4  ttrd2-05a-t0401a-v001a_reg_conf_chk_gpio.o(.data)
    GPIOC_pupdr_ig                           0x200000a0   Data           4  ttrd2-05a-t0401a-v001a_reg_conf_chk_gpio.o(.data)
    GPIOD_moder_ig                           0x200000a4   Data           4  ttrd2-05a-t0401a-v001a_reg_conf_chk_gpio.o(.data)
    GPIOD_otyper_ig                          0x200000a8   Data           4  ttrd2-05a-t0401a-v001a_reg_conf_chk_gpio.o(.data)
    GPIOD_ospeedr_ig                         0x200000ac   Data           4  ttrd2-05a-t0401a-v001a_reg_conf_chk_gpio.o(.data)
    GPIOD_pupdr_ig                           0x200000b0   Data           4  ttrd2-05a-t0401a-v001a_reg_conf_chk_gpio.o(.data)
    GPIOE_moder_ig                           0x200000b4   Data           4  ttrd2-05a-t0401a-v001a_reg_conf_chk_gpio.o(.data)
    GPIOE_otyper_ig                          0x200000b8   Data           4  ttrd2-05a-t0401a-v001a_reg_conf_chk_gpio.o(.data)
    GPIOE_ospeedr_ig                         0x200000bc   Data           4  ttrd2-05a-t0401a-v001a_reg_conf_chk_gpio.o(.data)
    GPIOE_pupdr_ig                           0x200000c0   Data           4  ttrd2-05a-t0401a-v001a_reg_conf_chk_gpio.o(.data)
    GPIOH_moder_ig                           0x200000c4   Data           4  ttrd2-05a-t0401a-v001a_reg_conf_chk_gpio.o(.data)
    GPIOH_otyper_ig                          0x200000c8   Data           4  ttrd2-05a-t0401a-v001a_reg_conf_chk_gpio.o(.data)
    GPIOH_ospeedr_ig                         0x200000cc   Data           4  ttrd2-05a-t0401a-v001a_reg_conf_chk_gpio.o(.data)
    GPIOH_pupdr_ig                           0x200000d0   Data           4  ttrd2-05a-t0401a-v001a_reg_conf_chk_gpio.o(.data)
    .data                                    0x200000d4   Section      132  ttrd2-05a-t0401a-v001a_reg_conf_chk_timer.o(.data)
    Tim1_cr1_ig                              0x200000d4   Data           4  ttrd2-05a-t0401a-v001a_reg_conf_chk_timer.o(.data)
    Tim1_arr_ig                              0x200000d8   Data           4  ttrd2-05a-t0401a-v001a_reg_conf_chk_timer.o(.data)
    Tim1_psc_ig                              0x200000dc   Data           4  ttrd2-05a-t0401a-v001a_reg_conf_chk_timer.o(.data)
    Tim1_rcr_ig                              0x200000e0   Data           4  ttrd2-05a-t0401a-v001a_reg_conf_chk_timer.o(.data)
    Tim1_egr_ig                              0x200000e4   Data           4  ttrd2-05a-t0401a-v001a_reg_conf_chk_timer.o(.data)
    Tim2_cr1_ig                              0x200000e8   Data           4  ttrd2-05a-t0401a-v001a_reg_conf_chk_timer.o(.data)
    Tim2_arr_ig                              0x200000ec   Data           4  ttrd2-05a-t0401a-v001a_reg_conf_chk_timer.o(.data)
    Tim2_psc_ig                              0x200000f0   Data           4  ttrd2-05a-t0401a-v001a_reg_conf_chk_timer.o(.data)
    Tim2_egr_ig                              0x200000f4   Data           4  ttrd2-05a-t0401a-v001a_reg_conf_chk_timer.o(.data)
    Tim3_cr1_ig                              0x200000f8   Data           4  ttrd2-05a-t0401a-v001a_reg_conf_chk_timer.o(.data)
    Tim3_arr_ig                              0x200000fc   Data           4  ttrd2-05a-t0401a-v001a_reg_conf_chk_timer.o(.data)
    Tim3_psc_ig                              0x20000100   Data           4  ttrd2-05a-t0401a-v001a_reg_conf_chk_timer.o(.data)
    Tim3_egr_ig                              0x20000104   Data           4  ttrd2-05a-t0401a-v001a_reg_conf_chk_timer.o(.data)
    Tim4_cr1_ig                              0x20000108   Data           4  ttrd2-05a-t0401a-v001a_reg_conf_chk_timer.o(.data)
    Tim4_arr_ig                              0x2000010c   Data           4  ttrd2-05a-t0401a-v001a_reg_conf_chk_timer.o(.data)
    Tim4_psc_ig                              0x20000110   Data           4  ttrd2-05a-t0401a-v001a_reg_conf_chk_timer.o(.data)
    Tim4_egr_ig                              0x20000114   Data           4  ttrd2-05a-t0401a-v001a_reg_conf_chk_timer.o(.data)
    Tim5_cr1_ig                              0x20000118   Data           4  ttrd2-05a-t0401a-v001a_reg_conf_chk_timer.o(.data)
    Tim5_arr_ig                              0x2000011c   Data           4  ttrd2-05a-t0401a-v001a_reg_conf_chk_timer.o(.data)
    Tim5_psc_ig                              0x20000120   Data           4  ttrd2-05a-t0401a-v001a_reg_conf_chk_timer.o(.data)
    Tim5_egr_ig                              0x20000124   Data           4  ttrd2-05a-t0401a-v001a_reg_conf_chk_timer.o(.data)
    Tim9_cr1_ig                              0x20000128   Data           4  ttrd2-05a-t0401a-v001a_reg_conf_chk_timer.o(.data)
    Tim9_arr_ig                              0x2000012c   Data           4  ttrd2-05a-t0401a-v001a_reg_conf_chk_timer.o(.data)
    Tim9_psc_ig                              0x20000130   Data           4  ttrd2-05a-t0401a-v001a_reg_conf_chk_timer.o(.data)
    Tim9_egr_ig                              0x20000134   Data           4  ttrd2-05a-t0401a-v001a_reg_conf_chk_timer.o(.data)
    Tim10_cr1_ig                             0x20000138   Data           4  ttrd2-05a-t0401a-v001a_reg_conf_chk_timer.o(.data)
    Tim10_arr_ig                             0x2000013c   Data           4  ttrd2-05a-t0401a-v001a_reg_conf_chk_timer.o(.data)
    Tim10_psc_ig                             0x20000140   Data           4  ttrd2-05a-t0401a-v001a_reg_conf_chk_timer.o(.data)
    Tim10_egr_ig                             0x20000144   Data           4  ttrd2-05a-t0401a-v001a_reg_conf_chk_timer.o(.data)
    Tim11_cr1_ig                             0x20000148   Data           4  ttrd2-05a-t0401a-v001a_reg_conf_chk_timer.o(.data)
    Tim11_arr_ig                             0x2000014c   Data           4  ttrd2-05a-t0401a-v001a_reg_conf_chk_timer.o(.data)
    Tim11_psc_ig                             0x20000150   Data           4  ttrd2-05a-t0401a-v001a_reg_conf_chk_timer.o(.data)
    Tim11_egr_ig                             0x20000154   Data           4  ttrd2-05a-t0401a-v001a_reg_conf_chk_timer.o(.data)
    .data                                    0x20000158   Section       48  ttrd2-05a-t0401a-v001a_reg_conf_chk_uart.o(.data)
    uart1_cr1_ig                             0x20000158   Data           4  ttrd2-05a-t0401a-v001a_reg_conf_chk_uart.o(.data)
    uart1_cr2_ig                             0x2000015c   Data           4  ttrd2-05a-t0401a-v001a_reg_conf_chk_uart.o(.data)
    uart1_cr3_ig                             0x20000160   Data           4  ttrd2-05a-t0401a-v001a_reg_conf_chk_uart.o(.data)
    uart1_brr_ig                             0x20000164   Data           4  ttrd2-05a-t0401a-v001a_reg_conf_chk_uart.o(.data)
    uart2_cr1_ig                             0x20000168   Data           4  ttrd2-05a-t0401a-v001a_reg_conf_chk_uart.o(.data)
    uart2_cr2_ig                             0x2000016c   Data           4  ttrd2-05a-t0401a-v001a_reg_conf_chk_uart.o(.data)
    uart2_cr3_ig                             0x20000170   Data           4  ttrd2-05a-t0401a-v001a_reg_conf_chk_uart.o(.data)
    uart2_brr_ig                             0x20000174   Data           4  ttrd2-05a-t0401a-v001a_reg_conf_chk_uart.o(.data)
    uart6_cr1_ig                             0x20000178   Data           4  ttrd2-05a-t0401a-v001a_reg_conf_chk_uart.o(.data)
    uart6_cr2_ig                             0x2000017c   Data           4  ttrd2-05a-t0401a-v001a_reg_conf_chk_uart.o(.data)
    uart6_cr3_ig                             0x20000180   Data           4  ttrd2-05a-t0401a-v001a_reg_conf_chk_uart.o(.data)
    uart6_brr_ig                             0x20000184   Data           4  ttrd2-05a-t0401a-v001a_reg_conf_chk_uart.o(.data)
    .data                                    0x20000188   Section       20  system_stm32f4xx.o(.data)
    .data                                    0x2000019c   Section        8  ttrd2-04a-t0401a-v001a_pfc_reporting.o(.data)
    PFC_led_state_s                          0x2000019c   Data           4  ttrd2-04a-t0401a-v001a_pfc_reporting.o(.data)
    PFC_counter_s                            0x200001a0   Data           4  ttrd2-04a-t0401a-v001a_pfc_reporting.o(.data)
    .data                                    0x200001a4   Section        8  ttrd2-19a-t0401a-v001b_processor.o(.data)
    Processor_MoSt_g                         0x200001a4   Data           1  ttrd2-19a-t0401a-v001b_processor.o(.data)
    Processor_MoSt_ig                        0x200001a8   Data           4  ttrd2-19a-t0401a-v001b_processor.o(.data)
    .data                                    0x200001ac   Section       40  ttrd2-19a-t0401a-v001b_run_time_tests.o(.data)
    i                                        0x200001ac   Data           4  ttrd2-19a-t0401a-v001b_run_time_tests.o(.data)
    x                                        0x200001b0   Data           4  ttrd2-19a-t0401a-v001b_run_time_tests.o(.data)
    y                                        0x200001b4   Data           4  ttrd2-19a-t0401a-v001b_run_time_tests.o(.data)
    z                                        0x200001b8   Data           4  ttrd2-19a-t0401a-v001b_run_time_tests.o(.data)
    p                                        0x200001bc   Data           4  ttrd2-19a-t0401a-v001b_run_time_tests.o(.data)
    Call_count_s                             0x200001c0   Data           4  ttrd2-19a-t0401a-v001b_run_time_tests.o(.data)
    Call_count_s                             0x200001c4   Data           4  ttrd2-19a-t0401a-v001b_run_time_tests.o(.data)
    Call_count_s                             0x200001c8   Data           4  ttrd2-19a-t0401a-v001b_run_time_tests.o(.data)
    Call_count_s                             0x200001cc   Data           4  ttrd2-19a-t0401a-v001b_run_time_tests.o(.data)
    Call_count_s                             0x200001d0   Data           4  ttrd2-19a-t0401a-v001b_run_time_tests.o(.data)
    .data                                    0x200001d4   Section       16  ttrd2-18a-t0401a-v001a_monittor_i.o(.data)
    Task_BCET_g                              0x200001d4   Data           4  ttrd2-18a-t0401a-v001a_monittor_i.o(.data)
    Task_BCET_ig                             0x200001d8   Data           4  ttrd2-18a-t0401a-v001a_monittor_i.o(.data)
    Task_t_variation_g                       0x200001dc   Data           4  ttrd2-18a-t0401a-v001a_monittor_i.o(.data)
    Task_t_variation_ig                      0x200001e0   Data           4  ttrd2-18a-t0401a-v001a_monittor_i.o(.data)
    .data                                    0x200001e4   Section      548  ttrd2-19a-t0401a-v001b_predicttor_i.o(.data)
    New_MoSt_g                               0x200003e0   Data           4  ttrd2-19a-t0401a-v001b_predicttor_i.o(.data)
    New_MoSt_ig                              0x200003e4   Data           4  ttrd2-19a-t0401a-v001b_predicttor_i.o(.data)
    Tick_list_index_s                        0x200003e8   Data           4  ttrd2-19a-t0401a-v001b_predicttor_i.o(.data)
    Tick_list_index_is                       0x200003ec   Data           4  ttrd2-19a-t0401a-v001b_predicttor_i.o(.data)
    Tick_list_ptr_s                          0x200003f0   Data           4  ttrd2-19a-t0401a-v001b_predicttor_i.o(.data)
    Tick_list_ptr_is                         0x200003f4   Data           4  ttrd2-19a-t0401a-v001b_predicttor_i.o(.data)
    Length_of_tick_list_s                    0x200003f8   Data           4  ttrd2-19a-t0401a-v001b_predicttor_i.o(.data)
    Length_of_tick_list_is                   0x200003fc   Data           4  ttrd2-19a-t0401a-v001b_predicttor_i.o(.data)
    Length_TSIP_s                            0x20000400   Data           4  ttrd2-19a-t0401a-v001b_predicttor_i.o(.data)
    Length_TSIP_is                           0x20000404   Data           4  ttrd2-19a-t0401a-v001b_predicttor_i.o(.data)
    .data                                    0x20000408   Section        8  ttrd2-19a-t0401a-v001c_scheduler.o(.data)
    Tick_count_g                             0x20000408   Data           4  ttrd2-19a-t0401a-v001c_scheduler.o(.data)
    Tick_count_ig                            0x2000040c   Data           4  ttrd2-19a-t0401a-v001c_scheduler.o(.data)
    .bss                                     0x20000410   Section     1000  ttrd2-05a-t0401a-v001a_uart2_buff_o_task.o(.bss)
    Tx_buffer_g                              0x20000410   Data         500  ttrd2-05a-t0401a-v001a_uart2_buff_o_task.o(.bss)
    Tx_buffer_ig                             0x20000604   Data         500  ttrd2-05a-t0401a-v001a_uart2_buff_o_task.o(.bss)
    .bss                                     0x200007f8   Section      280  ttrd2-19a-t0401a-v001c_scheduler.o(.bss)
    SCH_tasks_g                              0x200007f8   Data         140  ttrd2-19a-t0401a-v001c_scheduler.o(.bss)
    SCH_tasks_ig                             0x20000884   Data         140  ttrd2-19a-t0401a-v001c_scheduler.o(.bss)
    .bss                                     0x20000910   Section       68  imu_sensor.o(.bss)
    imu_sensor_data                          0x20000910   Data          68  imu_sensor.o(.bss)
    .bss                                     0x20000954   Section       96  libspace.o(.bss)
    HEAP                                     0x200009b8   Section      512  startup_stm32f446xx.o(HEAP)
    Heap_Mem                                 0x200009b8   Data         512  startup_stm32f446xx.o(HEAP)
    STACK                                    0x20000bb8   Section     1024  startup_stm32f446xx.o(STACK)
    Stack_Mem                                0x20000bb8   Data        1024  startup_stm32f446xx.o(STACK)
    __initial_sp                             0x20000fb8   Data           0  startup_stm32f446xx.o(STACK)

    Global Symbols

    Symbol Name                              Value     Ov Type        Size  Object(Section)

    BuildAttributes$$THM_ISAv4$E$P$D$K$B$S$7EM$VFPi3$EXTD16$VFPS$VFMA$PE$A:L22UL41UL21$X:L11$S22US41US21$IEEE1$IW$USESV6$~STKCKD$USESV7$~SHL$OTIME$ROPI$IEEEJ$EBA8$UX$STANDARDLIB$REQ8$PRES8$EABIv2 0x00000000   Number         0  anon$$obj.o ABSOLUTE
    __ARM_use_no_argv                        0x00000000   Number         0  main.o ABSOLUTE
    _printf_flags                            0x00000000   Number         0  printf_stubs.o ABSOLUTE
    _printf_return_value                     0x00000000   Number         0  printf_stubs.o ABSOLUTE
    _printf_sizespec                         0x00000000   Number         0  printf_stubs.o ABSOLUTE
    _printf_widthprec                        0x00000000   Number         0  printf_stubs.o ABSOLUTE
    __ARM_exceptions_init                     - Undefined Weak Reference
    __alloca_initialize                       - Undefined Weak Reference
    __arm_fini_                               - Undefined Weak Reference
    __arm_preinit_                            - Undefined Weak Reference
    __cpp_initialize__aeabi_                  - Undefined Weak Reference
    __cxa_finalize                            - Undefined Weak Reference
    __sigvec_lookup                           - Undefined Weak Reference
    _atexit_init                              - Undefined Weak Reference
    _call_atexit_fns                          - Undefined Weak Reference
    _clock_init                               - Undefined Weak Reference
    _fp_trap_init                             - Undefined Weak Reference
    _fp_trap_shutdown                         - Undefined Weak Reference
    _get_lc_collate                           - Undefined Weak Reference
    _get_lc_ctype                             - Undefined Weak Reference
    _get_lc_monetary                          - Undefined Weak Reference
    _get_lc_time                              - Undefined Weak Reference
    _getenv_init                              - Undefined Weak Reference
    _handle_redirection                       - Undefined Weak Reference
    _init_alloc                               - Undefined Weak Reference
    _init_user_alloc                          - Undefined Weak Reference
    _initio                                   - Undefined Weak Reference
    _printf_post_padding                      - Undefined Weak Reference
    _printf_pre_padding                       - Undefined Weak Reference
    _rand_init                                - Undefined Weak Reference
    _signal_finish                            - Undefined Weak Reference
    _signal_init                              - Undefined Weak Reference
    _terminate_alloc                          - Undefined Weak Reference
    _terminate_user_alloc                     - Undefined Weak Reference
    _terminateio                              - Undefined Weak Reference
    __Vectors_Size                           0x000001c4   Number         0  startup_stm32f446xx.o ABSOLUTE
    __Vectors                                0x08000000   Data           4  startup_stm32f446xx.o(RESET)
    __Vectors_End                            0x080001c4   Data           0  startup_stm32f446xx.o(RESET)
    __main                                   0x080001c5   Thumb Code     8  __main.o(!!!main)
    __scatterload                            0x080001cd   Thumb Code     0  __scatter.o(!!!scatter)
    __scatterload_rt2                        0x080001cd   Thumb Code    44  __scatter.o(!!!scatter)
    __scatterload_rt2_thumb_only             0x080001cd   Thumb Code     0  __scatter.o(!!!scatter)
    __scatterload_null                       0x080001db   Thumb Code     0  __scatter.o(!!!scatter)
    __decompress                             0x08000201   Thumb Code    90  __dczerorl2.o(!!dczerorl2)
    __decompress1                            0x08000201   Thumb Code     0  __dczerorl2.o(!!dczerorl2)
    __scatterload_zeroinit                   0x0800025d   Thumb Code    28  __scatter_zi.o(!!handler_zi)
    _printf_f                                0x08000279   Thumb Code     0  _printf_f.o(.ARM.Collect$$_printf_percent$$00000003)
    _printf_percent                          0x08000279   Thumb Code     0  _printf_percent.o(.ARM.Collect$$_printf_percent$$00000000)
    _printf_percent_end                      0x0800027f   Thumb Code     0  _printf_percent_end.o(.ARM.Collect$$_printf_percent$$00000017)
    __rt_lib_init                            0x08000283   Thumb Code     0  libinit.o(.ARM.Collect$$libinit$$00000000)
    __rt_lib_init_fp_1                       0x08000285   Thumb Code     0  libinit2.o(.ARM.Collect$$libinit$$00000001)
    __rt_lib_init_heap_1                     0x08000289   Thumb Code     0  libinit2.o(.ARM.Collect$$libinit$$0000000A)
    __rt_lib_init_lc_common                  0x08000289   Thumb Code     0  libinit2.o(.ARM.Collect$$libinit$$0000000F)
    __rt_lib_init_preinit_1                  0x08000289   Thumb Code     0  libinit2.o(.ARM.Collect$$libinit$$00000004)
    __rt_lib_init_rand_1                     0x08000289   Thumb Code     0  libinit2.o(.ARM.Collect$$libinit$$0000000E)
    __rt_lib_init_user_alloc_1               0x08000289   Thumb Code     0  libinit2.o(.ARM.Collect$$libinit$$0000000C)
    __rt_lib_init_lc_collate_1               0x0800028f   Thumb Code     0  libinit2.o(.ARM.Collect$$libinit$$00000011)
    __rt_lib_init_lc_ctype_1                 0x0800028f   Thumb Code     0  libinit2.o(.ARM.Collect$$libinit$$00000013)
    __rt_lib_init_lc_monetary_1              0x0800028f   Thumb Code     0  libinit2.o(.ARM.Collect$$libinit$$00000015)
    __rt_lib_init_lc_numeric_2               0x0800028f   Thumb Code     0  libinit2.o(.ARM.Collect$$libinit$$00000016)
    __rt_lib_init_alloca_1                   0x08000299   Thumb Code     0  libinit2.o(.ARM.Collect$$libinit$$0000002E)
    __rt_lib_init_argv_1                     0x08000299   Thumb Code     0  libinit2.o(.ARM.Collect$$libinit$$0000002C)
    __rt_lib_init_atexit_1                   0x08000299   Thumb Code     0  libinit2.o(.ARM.Collect$$libinit$$0000001B)
    __rt_lib_init_clock_1                    0x08000299   Thumb Code     0  libinit2.o(.ARM.Collect$$libinit$$00000021)
    __rt_lib_init_cpp_1                      0x08000299   Thumb Code     0  libinit2.o(.ARM.Collect$$libinit$$00000032)
    __rt_lib_init_exceptions_1               0x08000299   Thumb Code     0  libinit2.o(.ARM.Collect$$libinit$$00000030)
    __rt_lib_init_fp_trap_1                  0x08000299   Thumb Code     0  libinit2.o(.ARM.Collect$$libinit$$0000001F)
    __rt_lib_init_getenv_1                   0x08000299   Thumb Code     0  libinit2.o(.ARM.Collect$$libinit$$00000023)
    __rt_lib_init_lc_numeric_1               0x08000299   Thumb Code     0  libinit2.o(.ARM.Collect$$libinit$$00000017)
    __rt_lib_init_lc_time_1                  0x08000299   Thumb Code     0  libinit2.o(.ARM.Collect$$libinit$$00000019)
    __rt_lib_init_return                     0x08000299   Thumb Code     0  libinit2.o(.ARM.Collect$$libinit$$00000033)
    __rt_lib_init_signal_1                   0x08000299   Thumb Code     0  libinit2.o(.ARM.Collect$$libinit$$0000001D)
    __rt_lib_init_stdio_1                    0x08000299   Thumb Code     0  libinit2.o(.ARM.Collect$$libinit$$00000025)
    __rt_lib_shutdown                        0x0800029b   Thumb Code     0  libshutdown.o(.ARM.Collect$$libshutdown$$00000000)
    __rt_lib_shutdown_cpp_1                  0x0800029d   Thumb Code     0  libshutdown2.o(.ARM.Collect$$libshutdown$$00000004)
    __rt_lib_shutdown_fini_1                 0x0800029d   Thumb Code     0  libshutdown2.o(.ARM.Collect$$libshutdown$$00000002)
    __rt_lib_shutdown_fp_trap_1              0x0800029d   Thumb Code     0  libshutdown2.o(.ARM.Collect$$libshutdown$$00000009)
    __rt_lib_shutdown_heap_1                 0x0800029d   Thumb Code     0  libshutdown2.o(.ARM.Collect$$libshutdown$$00000011)
    __rt_lib_shutdown_return                 0x0800029d   Thumb Code     0  libshutdown2.o(.ARM.Collect$$libshutdown$$00000012)
    __rt_lib_shutdown_signal_1               0x0800029d   Thumb Code     0  libshutdown2.o(.ARM.Collect$$libshutdown$$0000000C)
    __rt_lib_shutdown_stdio_1                0x0800029d   Thumb Code     0  libshutdown2.o(.ARM.Collect$$libshutdown$$00000006)
    __rt_lib_shutdown_user_alloc_1           0x0800029d   Thumb Code     0  libshutdown2.o(.ARM.Collect$$libshutdown$$0000000E)
    __rt_entry                               0x0800029f   Thumb Code     0  __rtentry.o(.ARM.Collect$$rtentry$$00000000)
    __rt_entry_presh_1                       0x0800029f   Thumb Code     0  __rtentry2.o(.ARM.Collect$$rtentry$$00000002)
    __rt_entry_sh                            0x0800029f   Thumb Code     0  __rtentry4.o(.ARM.Collect$$rtentry$$00000004)
    __rt_entry_li                            0x080002a5   Thumb Code     0  __rtentry2.o(.ARM.Collect$$rtentry$$0000000A)
    __rt_entry_postsh_1                      0x080002a5   Thumb Code     0  __rtentry2.o(.ARM.Collect$$rtentry$$00000009)
    __rt_entry_main                          0x080002a9   Thumb Code     0  __rtentry2.o(.ARM.Collect$$rtentry$$0000000D)
    __rt_entry_postli_1                      0x080002a9   Thumb Code     0  __rtentry2.o(.ARM.Collect$$rtentry$$0000000C)
    __rt_exit                                0x080002b1   Thumb Code     0  rtexit.o(.ARM.Collect$$rtexit$$00000000)
    __rt_exit_ls                             0x080002b3   Thumb Code     0  rtexit2.o(.ARM.Collect$$rtexit$$00000003)
    __rt_exit_prels_1                        0x080002b3   Thumb Code     0  rtexit2.o(.ARM.Collect$$rtexit$$00000002)
    __rt_exit_exit                           0x080002b7   Thumb Code     0  rtexit2.o(.ARM.Collect$$rtexit$$00000004)
    Reset_Handler                            0x080002bd   Thumb Code     8  startup_stm32f446xx.o(.text)
    NMI_Handler                              0x080002c5   Thumb Code     2  startup_stm32f446xx.o(.text)
    HardFault_Handler                        0x080002c7   Thumb Code     2  startup_stm32f446xx.o(.text)
    MemManage_Handler                        0x080002c9   Thumb Code     2  startup_stm32f446xx.o(.text)
    BusFault_Handler                         0x080002cb   Thumb Code     2  startup_stm32f446xx.o(.text)
    UsageFault_Handler                       0x080002cd   Thumb Code     2  startup_stm32f446xx.o(.text)
    SVC_Handler                              0x080002cf   Thumb Code     2  startup_stm32f446xx.o(.text)
    DebugMon_Handler                         0x080002d1   Thumb Code     2  startup_stm32f446xx.o(.text)
    PendSV_Handler                           0x080002d3   Thumb Code     2  startup_stm32f446xx.o(.text)
    ADC_IRQHandler                           0x080002d7   Thumb Code     0  startup_stm32f446xx.o(.text)
    CAN1_RX0_IRQHandler                      0x080002d7   Thumb Code     0  startup_stm32f446xx.o(.text)
    CAN1_RX1_IRQHandler                      0x080002d7   Thumb Code     0  startup_stm32f446xx.o(.text)
    CAN1_SCE_IRQHandler                      0x080002d7   Thumb Code     0  startup_stm32f446xx.o(.text)
    CAN1_TX_IRQHandler                       0x080002d7   Thumb Code     0  startup_stm32f446xx.o(.text)
    CAN2_RX0_IRQHandler                      0x080002d7   Thumb Code     0  startup_stm32f446xx.o(.text)
    CAN2_RX1_IRQHandler                      0x080002d7   Thumb Code     0  startup_stm32f446xx.o(.text)
    CAN2_SCE_IRQHandler                      0x080002d7   Thumb Code     0  startup_stm32f446xx.o(.text)
    CAN2_TX_IRQHandler                       0x080002d7   Thumb Code     0  startup_stm32f446xx.o(.text)
    CEC_IRQHandler                           0x080002d7   Thumb Code     0  startup_stm32f446xx.o(.text)
    DCMI_IRQHandler                          0x080002d7   Thumb Code     0  startup_stm32f446xx.o(.text)
    DMA1_Stream0_IRQHandler                  0x080002d7   Thumb Code     0  startup_stm32f446xx.o(.text)
    DMA1_Stream1_IRQHandler                  0x080002d7   Thumb Code     0  startup_stm32f446xx.o(.text)
    DMA1_Stream2_IRQHandler                  0x080002d7   Thumb Code     0  startup_stm32f446xx.o(.text)
    DMA1_Stream3_IRQHandler                  0x080002d7   Thumb Code     0  startup_stm32f446xx.o(.text)
    DMA1_Stream4_IRQHandler                  0x080002d7   Thumb Code     0  startup_stm32f446xx.o(.text)
    DMA1_Stream5_IRQHandler                  0x080002d7   Thumb Code     0  startup_stm32f446xx.o(.text)
    DMA1_Stream6_IRQHandler                  0x080002d7   Thumb Code     0  startup_stm32f446xx.o(.text)
    DMA1_Stream7_IRQHandler                  0x080002d7   Thumb Code     0  startup_stm32f446xx.o(.text)
    DMA2_Stream0_IRQHandler                  0x080002d7   Thumb Code     0  startup_stm32f446xx.o(.text)
    DMA2_Stream1_IRQHandler                  0x080002d7   Thumb Code     0  startup_stm32f446xx.o(.text)
    DMA2_Stream2_IRQHandler                  0x080002d7   Thumb Code     0  startup_stm32f446xx.o(.text)
    DMA2_Stream3_IRQHandler                  0x080002d7   Thumb Code     0  startup_stm32f446xx.o(.text)
    DMA2_Stream4_IRQHandler                  0x080002d7   Thumb Code     0  startup_stm32f446xx.o(.text)
    DMA2_Stream5_IRQHandler                  0x080002d7   Thumb Code     0  startup_stm32f446xx.o(.text)
    DMA2_Stream6_IRQHandler                  0x080002d7   Thumb Code     0  startup_stm32f446xx.o(.text)
    DMA2_Stream7_IRQHandler                  0x080002d7   Thumb Code     0  startup_stm32f446xx.o(.text)
    EXTI0_IRQHandler                         0x080002d7   Thumb Code     0  startup_stm32f446xx.o(.text)
    EXTI15_10_IRQHandler                     0x080002d7   Thumb Code     0  startup_stm32f446xx.o(.text)
    EXTI1_IRQHandler                         0x080002d7   Thumb Code     0  startup_stm32f446xx.o(.text)
    EXTI2_IRQHandler                         0x080002d7   Thumb Code     0  startup_stm32f446xx.o(.text)
    EXTI3_IRQHandler                         0x080002d7   Thumb Code     0  startup_stm32f446xx.o(.text)
    EXTI4_IRQHandler                         0x080002d7   Thumb Code     0  startup_stm32f446xx.o(.text)
    EXTI9_5_IRQHandler                       0x080002d7   Thumb Code     0  startup_stm32f446xx.o(.text)
    FLASH_IRQHandler                         0x080002d7   Thumb Code     0  startup_stm32f446xx.o(.text)
    FMC_IRQHandler                           0x080002d7   Thumb Code     0  startup_stm32f446xx.o(.text)
    FMPI2C1_Error_IRQHandler                 0x080002d7   Thumb Code     0  startup_stm32f446xx.o(.text)
    FMPI2C1_Event_IRQHandler                 0x080002d7   Thumb Code     0  startup_stm32f446xx.o(.text)
    FPU_IRQHandler                           0x080002d7   Thumb Code     0  startup_stm32f446xx.o(.text)
    I2C1_ER_IRQHandler                       0x080002d7   Thumb Code     0  startup_stm32f446xx.o(.text)
    I2C1_EV_IRQHandler                       0x080002d7   Thumb Code     0  startup_stm32f446xx.o(.text)
    I2C2_ER_IRQHandler                       0x080002d7   Thumb Code     0  startup_stm32f446xx.o(.text)
    I2C2_EV_IRQHandler                       0x080002d7   Thumb Code     0  startup_stm32f446xx.o(.text)
    I2C3_ER_IRQHandler                       0x080002d7   Thumb Code     0  startup_stm32f446xx.o(.text)
    I2C3_EV_IRQHandler                       0x080002d7   Thumb Code     0  startup_stm32f446xx.o(.text)
    OTG_FS_IRQHandler                        0x080002d7   Thumb Code     0  startup_stm32f446xx.o(.text)
    OTG_FS_WKUP_IRQHandler                   0x080002d7   Thumb Code     0  startup_stm32f446xx.o(.text)
    OTG_HS_EP1_IN_IRQHandler                 0x080002d7   Thumb Code     0  startup_stm32f446xx.o(.text)
    OTG_HS_EP1_OUT_IRQHandler                0x080002d7   Thumb Code     0  startup_stm32f446xx.o(.text)
    OTG_HS_IRQHandler                        0x080002d7   Thumb Code     0  startup_stm32f446xx.o(.text)
    OTG_HS_WKUP_IRQHandler                   0x080002d7   Thumb Code     0  startup_stm32f446xx.o(.text)
    PVD_IRQHandler                           0x080002d7   Thumb Code     0  startup_stm32f446xx.o(.text)
    QuadSPI_IRQHandler                       0x080002d7   Thumb Code     0  startup_stm32f446xx.o(.text)
    RCC_IRQHandler                           0x080002d7   Thumb Code     0  startup_stm32f446xx.o(.text)
    RTC_Alarm_IRQHandler                     0x080002d7   Thumb Code     0  startup_stm32f446xx.o(.text)
    RTC_WKUP_IRQHandler                      0x080002d7   Thumb Code     0  startup_stm32f446xx.o(.text)
    SAI1_IRQHandler                          0x080002d7   Thumb Code     0  startup_stm32f446xx.o(.text)
    SAI2_IRQHandler                          0x080002d7   Thumb Code     0  startup_stm32f446xx.o(.text)
    SDIO_IRQHandler                          0x080002d7   Thumb Code     0  startup_stm32f446xx.o(.text)
    SPDIF_RX_IRQHandler                      0x080002d7   Thumb Code     0  startup_stm32f446xx.o(.text)
    SPI1_IRQHandler                          0x080002d7   Thumb Code     0  startup_stm32f446xx.o(.text)
    SPI2_IRQHandler                          0x080002d7   Thumb Code     0  startup_stm32f446xx.o(.text)
    SPI3_IRQHandler                          0x080002d7   Thumb Code     0  startup_stm32f446xx.o(.text)
    SPI4_IRQHandler                          0x080002d7   Thumb Code     0  startup_stm32f446xx.o(.text)
    TAMP_STAMP_IRQHandler                    0x080002d7   Thumb Code     0  startup_stm32f446xx.o(.text)
    TIM1_BRK_TIM9_IRQHandler                 0x080002d7   Thumb Code     0  startup_stm32f446xx.o(.text)
    TIM1_CC_IRQHandler                       0x080002d7   Thumb Code     0  startup_stm32f446xx.o(.text)
    TIM1_TRG_COM_TIM11_IRQHandler            0x080002d7   Thumb Code     0  startup_stm32f446xx.o(.text)
    TIM1_UP_TIM10_IRQHandler                 0x080002d7   Thumb Code     0  startup_stm32f446xx.o(.text)
    TIM3_IRQHandler                          0x080002d7   Thumb Code     0  startup_stm32f446xx.o(.text)
    TIM4_IRQHandler                          0x080002d7   Thumb Code     0  startup_stm32f446xx.o(.text)
    TIM5_IRQHandler                          0x080002d7   Thumb Code     0  startup_stm32f446xx.o(.text)
    TIM6_DAC_IRQHandler                      0x080002d7   Thumb Code     0  startup_stm32f446xx.o(.text)
    TIM7_IRQHandler                          0x080002d7   Thumb Code     0  startup_stm32f446xx.o(.text)
    TIM8_BRK_TIM12_IRQHandler                0x080002d7   Thumb Code     0  startup_stm32f446xx.o(.text)
    TIM8_CC_IRQHandler                       0x080002d7   Thumb Code     0  startup_stm32f446xx.o(.text)
    TIM8_TRG_COM_TIM14_IRQHandler            0x080002d7   Thumb Code     0  startup_stm32f446xx.o(.text)
    TIM8_UP_TIM13_IRQHandler                 0x080002d7   Thumb Code     0  startup_stm32f446xx.o(.text)
    UART4_IRQHandler                         0x080002d7   Thumb Code     0  startup_stm32f446xx.o(.text)
    UART5_IRQHandler                         0x080002d7   Thumb Code     0  startup_stm32f446xx.o(.text)
    USART1_IRQHandler                        0x080002d7   Thumb Code     0  startup_stm32f446xx.o(.text)
    USART2_IRQHandler                        0x080002d7   Thumb Code     0  startup_stm32f446xx.o(.text)
    USART3_IRQHandler                        0x080002d7   Thumb Code     0  startup_stm32f446xx.o(.text)
    USART6_IRQHandler                        0x080002d7   Thumb Code     0  startup_stm32f446xx.o(.text)
    WWDG_IRQHandler                          0x080002d7   Thumb Code     0  startup_stm32f446xx.o(.text)
    __user_initial_stackheap                 0x080002d9   Thumb Code     0  startup_stm32f446xx.o(.text)
    __2sprintf                               0x080002fd   Thumb Code    34  noretval__2sprintf.o(.text)
    __printf                                 0x08000325   Thumb Code   308  __printf_flags_wp.o(.text)
    __aeabi_memcpy4                          0x0800045d   Thumb Code     0  rt_memcpy_w.o(.text)
    __aeabi_memcpy8                          0x0800045d   Thumb Code     0  rt_memcpy_w.o(.text)
    __rt_memcpy_w                            0x0800045d   Thumb Code   100  rt_memcpy_w.o(.text)
    _memcpy_lastbytes_aligned                0x080004a5   Thumb Code     0  rt_memcpy_w.o(.text)
    __use_two_region_memory                  0x080004c1   Thumb Code     2  heapauxi.o(.text)
    __rt_heap_escrow$2region                 0x080004c3   Thumb Code     2  heapauxi.o(.text)
    __rt_heap_expand$2region                 0x080004c5   Thumb Code     2  heapauxi.o(.text)
    __lib_sel_fp_printf                      0x080004c7   Thumb Code     2  _printf_fp_dec.o(.text)
    _printf_fp_dec_real                      0x08000679   Thumb Code   620  _printf_fp_dec.o(.text)
    _printf_char_common                      0x080008ef   Thumb Code    32  _printf_char_common.o(.text)
    _sputc                                   0x08000915   Thumb Code    10  _sputc.o(.text)
    __rt_locale                              0x08000921   Thumb Code     8  rt_locale_intlibspace.o(.text)
    _ll_udiv10                               0x08000929   Thumb Code   138  lludiv10.o(.text)
    _printf_fp_infnan                        0x080009b5   Thumb Code   112  _printf_fp_infnan.o(.text)
    _btod_etento                             0x08000a35   Thumb Code   224  bigflt0.o(.text)
    __user_libspace                          0x08000b19   Thumb Code     8  libspace.o(.text)
    __user_perproc_libspace                  0x08000b19   Thumb Code     0  libspace.o(.text)
    __user_perthread_libspace                0x08000b19   Thumb Code     0  libspace.o(.text)
    __user_setup_stackheap                   0x08000b21   Thumb Code    74  sys_stackheap_outer.o(.text)
    exit                                     0x08000b6b   Thumb Code    18  exit.o(.text)
    strcmp                                   0x08000b7d   Thumb Code   128  strcmpv7m.o(.text)
    _sys_exit                                0x08000bfd   Thumb Code     8  sys_exit.o(.text)
    __I$use$semihosting                      0x08000c09   Thumb Code     0  use_no_semi.o(.text)
    __use_no_semihosting_swi                 0x08000c09   Thumb Code     2  use_no_semi.o(.text)
    __semihosting_library_function           0x08000c0b   Thumb Code     0  indicate_semi.o(.text)
    _btod_d2e                                0x08000c0b   Thumb Code    62  btod.o(CL$$btod_d2e)
    _d2e_denorm_low                          0x08000c49   Thumb Code    70  btod.o(CL$$btod_d2e_denorm_low)
    _d2e_norm_op1                            0x08000c8f   Thumb Code    96  btod.o(CL$$btod_d2e_norm_op1)
    __btod_div_common                        0x08000cef   Thumb Code   696  btod.o(CL$$btod_div_common)
    _e2e                                     0x08001027   Thumb Code   220  btod.o(CL$$btod_e2e)
    _btod_ediv                               0x08001103   Thumb Code    42  btod.o(CL$$btod_ediv)
    _btod_emul                               0x0800112d   Thumb Code    42  btod.o(CL$$btod_emul)
    __btod_mult_common                       0x08001157   Thumb Code   580  btod.o(CL$$btod_mult_common)
    ADC1_Get_Temperature_Celsius             0x0800139d   Thumb Code    72  ttrd2-05a-t0401a-v001a_adc_task.o(i.ADC1_Get_Temperature_Celsius)
    ADC1_Init                                0x080013f1   Thumb Code   162  ttrd2-05a-t0401a-v001a_adc_task.o(i.ADC1_Init)
    ADC1_Update                              0x080014fd   Thumb Code   148  ttrd2-05a-t0401a-v001a_adc_task.o(i.ADC1_Update)
    ADC_Cmd                                  0x080015a5   Thumb Code    76  stm32f4xx_adc.o(i.ADC_Cmd)
    ADC_CommonInit                           0x08001625   Thumb Code   342  stm32f4xx_adc.o(i.ADC_CommonInit)
    ADC_CommonStructInit                     0x080017b1   Thumb Code    12  stm32f4xx_adc.o(i.ADC_CommonStructInit)
    ADC_GetConversionValue                   0x080017bd   Thumb Code    40  stm32f4xx_adc.o(i.ADC_GetConversionValue)
    ADC_GetFlagStatus                        0x08001819   Thumb Code    90  stm32f4xx_adc.o(i.ADC_GetFlagStatus)
    ADC_Init                                 0x080018a9   Thumb Code   402  stm32f4xx_adc.o(i.ADC_Init)
    ADC_RegularChannelConfig                 0x08001a79   Thumb Code   408  stm32f4xx_adc.o(i.ADC_RegularChannelConfig)
    ADC_SoftwareStartConv                    0x08001c45   Thumb Code    44  stm32f4xx_adc.o(i.ADC_SoftwareStartConv)
    ADC_StructInit                           0x08001ca5   Thumb Code    20  stm32f4xx_adc.o(i.ADC_StructInit)
    ADC_TempSensorVrefintCmd                 0x08001cb9   Thumb Code    56  stm32f4xx_adc.o(i.ADC_TempSensorVrefintCmd)
    GPIO_Init                                0x08001d21   Thumb Code   352  stm32f4xx_gpio.o(i.GPIO_Init)
    GPIO_PinAFConfig                         0x08001ed5   Thumb Code   256  stm32f4xx_gpio.o(i.GPIO_PinAFConfig)
    GPIO_ReadInputDataBit                    0x08002029   Thumb Code   194  stm32f4xx_gpio.o(i.GPIO_ReadInputDataBit)
    GPIO_ResetBits                           0x08002141   Thumb Code   104  stm32f4xx_gpio.o(i.GPIO_ResetBits)
    GPIO_SetBits                             0x080021fd   Thumb Code   104  stm32f4xx_gpio.o(i.GPIO_SetBits)
    HEARTBEAT_SW_Init                        0x080022b9   Thumb Code    48  ttrd2-05a-t0401a-v001a_heartbeat_sw_task.o(i.HEARTBEAT_SW_Init)
    HEARTBEAT_SW_Update                      0x080022ed   Thumb Code    88  ttrd2-05a-t0401a-v001a_heartbeat_sw_task.o(i.HEARTBEAT_SW_Update)
    I2C_AcknowledgeConfig                    0x08002359   Thumb Code    78  stm32f4xx_i2c.o(i.I2C_AcknowledgeConfig)
    I2C_CheckEvent                           0x080023dd   Thumb Code   228  stm32f4xx_i2c.o(i.I2C_CheckEvent)
    I2C_Cmd                                  0x08002515   Thumb Code    78  stm32f4xx_i2c.o(i.I2C_Cmd)
    I2C_GenerateSTART                        0x08002599   Thumb Code    78  stm32f4xx_i2c.o(i.I2C_GenerateSTART)
    I2C_GenerateSTOP                         0x0800261d   Thumb Code    78  stm32f4xx_i2c.o(i.I2C_GenerateSTOP)
    I2C_Init                                 0x080026a1   Thumb Code   388  stm32f4xx_i2c.o(i.I2C_Init)
    I2C_ReceiveData                          0x08002869   Thumb Code    40  stm32f4xx_i2c.o(i.I2C_ReceiveData)
    I2C_Send7bitAddress                      0x080028c5   Thumb Code    72  stm32f4xx_i2c.o(i.I2C_Send7bitAddress)
    I2C_SendData                             0x08002941   Thumb Code    40  stm32f4xx_i2c.o(i.I2C_SendData)
    IMU_Get_Data                             0x0800299d   Thumb Code    16  imu_sensor.o(i.IMU_Get_Data)
    IMU_Init                                 0x080029b1   Thumb Code    76  imu_sensor.o(i.IMU_Init)
    IMU_Update                               0x08002a35   Thumb Code  1402  imu_sensor.o(i.IMU_Update)
    IMU_Wakeup                               0x08002fbd   Thumb Code   340  imu_sensor.o(i.IMU_Wakeup)
    Is_IMU_Connected                         0x08003119   Thumb Code   186  imu_sensor.o(i.Is_IMU_Connected)
    MONITTORi_Disable                        0x080031dd   Thumb Code    18  ttrd2-18a-t0401a-v001a_monittor_i.o(i.MONITTORi_Disable)
    MONITTORi_Init                           0x080031ef   Thumb Code     2  ttrd2-18a-t0401a-v001a_monittor_i.o(i.MONITTORi_Init)
    MONITTORi_Start                          0x080031f1   Thumb Code   226  ttrd2-18a-t0401a-v001a_monittor_i.o(i.MONITTORi_Start)
    MONITTORi_Stop                           0x080032f9   Thumb Code   126  ttrd2-18a-t0401a-v001a_monittor_i.o(i.MONITTORi_Stop)
    NVIC_Init                                0x0800338d   Thumb Code   164  misc.o(i.NVIC_Init)
    NVIC_PriorityGroupConfig                 0x0800345d   Thumb Code    54  misc.o(i.NVIC_PriorityGroupConfig)
    PREDICTTORi_Check_Task_Sequence          0x080034bd   Thumb Code   408  ttrd2-19a-t0401a-v001b_predicttor_i.o(i.PREDICTTORi_Check_Task_Sequence)
    PREDICTTORi_Init                         0x08003685   Thumb Code    14  ttrd2-19a-t0401a-v001b_predicttor_i.o(i.PREDICTTORi_Init)
    PROCESSOR_Change_MoSt                    0x080036a1   Thumb Code    34  ttrd2-19a-t0401a-v001b_processor.o(i.PROCESSOR_Change_MoSt)
    PROCESSOR_Get_MoSt                       0x08003b0d   Thumb Code    28  ttrd2-19a-t0401a-v001b_processor.o(i.PROCESSOR_Get_MoSt)
    PROCESSOR_Init                           0x08003b99   Thumb Code    12  ttrd2-19a-t0401a-v001b_processor.o(i.PROCESSOR_Init)
    PROCESSOR_Perform_Safe_Shutdown          0x08003ba5   Thumb Code   100  ttrd2-19a-t0401a-v001b_processor.o(i.PROCESSOR_Perform_Safe_Shutdown)
    PROCESSOR_Store_PFC                      0x08003c65   Thumb Code    48  ttrd2-19a-t0401a-v001b_processor.o(i.PROCESSOR_Store_PFC)
    PROCESSOR_Store_Reqd_MoSt                0x08003c99   Thumb Code    52  ttrd2-19a-t0401a-v001b_processor.o(i.PROCESSOR_Store_Reqd_MoSt)
    PROCESSOR_TASK_Init                      0x08003cd1   Thumb Code    22  ttrd2-19a-t0401a-v001b_processor_task.o(i.PROCESSOR_TASK_Init)
    PROCESSOR_TASK_Update                    0x08003d45   Thumb Code   192  ttrd2-19a-t0401a-v001b_processor_task.o(i.PROCESSOR_TASK_Update)
    PWR_BackupAccessCmd                      0x08003e21   Thumb Code    26  stm32f4xx_pwr.o(i.PWR_BackupAccessCmd)
    RCC_AHB1PeriphClockCmd                   0x08003e69   Thumb Code    70  stm32f4xx_rcc.o(i.RCC_AHB1PeriphClockCmd)
    RCC_APB1PeriphClockCmd                   0x08003ee1   Thumb Code    70  stm32f4xx_rcc.o(i.RCC_APB1PeriphClockCmd)
    RCC_APB2PeriphClockCmd                   0x08003f55   Thumb Code    70  stm32f4xx_rcc.o(i.RCC_APB2PeriphClockCmd)
    RCC_ClearFlag                            0x08003fcd   Thumb Code    14  stm32f4xx_rcc.o(i.RCC_ClearFlag)
    RCC_GetClocksFreq                        0x08003fe1   Thumb Code   440  stm32f4xx_rcc.o(i.RCC_GetClocksFreq)
    RCC_GetFlagStatus                        0x080041a9   Thumb Code   134  stm32f4xx_rcc.o(i.RCC_GetFlagStatus)
    REG_CONFIG_CHECKS_ADC1_Check             0x0800425d   Thumb Code    98  ttrd2-05a-t0401a-v001a_reg_conf_chk_adc1.o(i.REG_CONFIG_CHECKS_ADC1_Check)
    REG_CONFIG_CHECKS_ADC1_Store             0x080042d9   Thumb Code    42  ttrd2-05a-t0401a-v001a_reg_conf_chk_adc1.o(i.REG_CONFIG_CHECKS_ADC1_Store)
    REG_CONFIG_CHECKS_GPIO_Check             0x0800431d   Thumb Code   528  ttrd2-05a-t0401a-v001a_reg_conf_chk_gpio.o(i.REG_CONFIG_CHECKS_GPIO_Check)
    REG_CONFIG_CHECKS_GPIO_Store             0x080045ad   Thumb Code   276  ttrd2-05a-t0401a-v001a_reg_conf_chk_gpio.o(i.REG_CONFIG_CHECKS_GPIO_Store)
    REG_CONFIG_CHECKS_UART_Check             0x08004741   Thumb Code   272  ttrd2-05a-t0401a-v001a_reg_conf_chk_uart.o(i.REG_CONFIG_CHECKS_UART_Check)
    REG_CONFIG_CHECKS_UART_Store             0x0800488d   Thumb Code   142  ttrd2-05a-t0401a-v001a_reg_conf_chk_uart.o(i.REG_CONFIG_CHECKS_UART_Store)
    REG_CONFIG_TIMER_Check                   0x08004959   Thumb Code   512  ttrd2-05a-t0401a-v001a_reg_conf_chk_timer.o(i.REG_CONFIG_TIMER_Check)
    REG_CONFIG_TIMER_Store                   0x08004bf9   Thumb Code   328  ttrd2-05a-t0401a-v001a_reg_conf_chk_timer.o(i.REG_CONFIG_TIMER_Store)
    REPORT_PFC_Init                          0x08004de1   Thumb Code    60  ttrd2-04a-t0401a-v001a_pfc_reporting.o(i.REPORT_PFC_Init)
    REPORT_PFC_Update                        0x08004e21   Thumb Code   122  ttrd2-04a-t0401a-v001a_pfc_reporting.o(i.REPORT_PFC_Update)
    RTT_05a_Scheduler_Osc_Test_Update        0x08004eb5   Thumb Code    40  ttrd2-19a-t0401a-v001b_run_time_tests.o(i.RTT_05a_Scheduler_Osc_Test_Update)
    RTT_05b_Scheduler_Osc_Test_Update        0x08004ee5   Thumb Code    30  ttrd2-19a-t0401a-v001b_run_time_tests.o(i.RTT_05b_Scheduler_Osc_Test_Update)
    RTT_06a_MoniTTor_Overrun_Test_Update     0x08004f0d   Thumb Code    62  ttrd2-19a-t0401a-v001b_run_time_tests.o(i.RTT_06a_MoniTTor_Overrun_Test_Update)
    RTT_06b_MoniTTor_Underrun_Test_Update    0x08004f59   Thumb Code    60  ttrd2-19a-t0401a-v001b_run_time_tests.o(i.RTT_06b_MoniTTor_Underrun_Test_Update)
    RTT_07_PredicTTor_Test_Update            0x08004f9d   Thumb Code    26  ttrd2-19a-t0401a-v001b_run_time_tests.o(i.RTT_07_PredicTTor_Test_Update)
    RTT_Startup_04_WDT_Check                 0x08004fc1   Thumb Code   102  ttrd2-19a-t0401a-v001b_run_time_tests.o(i.RTT_Startup_04_WDT_Check)
    SCH_Add_Task                             0x0800503d   Thumb Code   246  ttrd2-19a-t0401a-v001c_scheduler.o(i.SCH_Add_Task)
    SCH_Dispatch_Tasks                       0x0800513d   Thumb Code   390  ttrd2-19a-t0401a-v001c_scheduler.o(i.SCH_Dispatch_Tasks)
    SCH_Init_Microseconds                    0x080052d9   Thumb Code   218  ttrd2-19a-t0401a-v001c_scheduler.o(i.SCH_Init_Microseconds)
    SCH_Set_Interrupt_Priority_Levels        0x080053c5   Thumb Code    78  ttrd2-19a-t0401a-v001c_scheduler.o(i.SCH_Set_Interrupt_Priority_Levels)
    SCH_Start                                0x0800541d   Thumb Code    34  ttrd2-19a-t0401a-v001c_scheduler.o(i.SCH_Start)
    SWITCH_BUTTON1_Get_State                 0x08005441   Thumb Code    28  ttrd2-05a-t0401a-v001a_switch_task.o(i.SWITCH_BUTTON1_Get_State)
    SWITCH_BUTTON1_Init                      0x08005465   Thumb Code    56  ttrd2-05a-t0401a-v001a_switch_task.o(i.SWITCH_BUTTON1_Init)
    SWITCH_BUTTON1_Update                    0x080054ad   Thumb Code   128  ttrd2-05a-t0401a-v001a_switch_task.o(i.SWITCH_BUTTON1_Update)
    SysTick_Handler                          0x08005635   Thumb Code    36  ttrd2-18a-t0401a-v001a_monittor_i.o(i.SysTick_Handler)
    SystemInit                               0x08005659   Thumb Code    88  system_stm32f4xx.o(i.SystemInit)
    TIM2_IRQHandler                          0x080056c1   Thumb Code    70  ttrd2-19a-t0401a-v001c_scheduler.o(i.TIM2_IRQHandler)
    TIMEOUT_T3_USEC_Get_Timer_State          0x08005711   Thumb Code    30  ttrd2-05a-t0401a-v001a_timeout_t3.o(i.TIMEOUT_T3_USEC_Get_Timer_State)
    TIMEOUT_T3_USEC_Init                     0x08005739   Thumb Code    48  ttrd2-05a-t0401a-v001a_timeout_t3.o(i.TIMEOUT_T3_USEC_Init)
    TIMEOUT_T3_USEC_Start                    0x0800576d   Thumb Code    26  ttrd2-05a-t0401a-v001a_timeout_t3.o(i.TIMEOUT_T3_USEC_Start)
    TIM_ClearITPendingBit                    0x0800578d   Thumb Code   108  stm32f4xx_tim.o(i.TIM_ClearITPendingBit)
    TIM_Cmd                                  0x08005855   Thumb Code   144  stm32f4xx_tim.o(i.TIM_Cmd)
    TIM_GetCounter                           0x08005941   Thumb Code   104  stm32f4xx_tim.o(i.TIM_GetCounter)
    TIM_ITConfig                             0x08005a05   Thumb Code   160  stm32f4xx_tim.o(i.TIM_ITConfig)
    TIM_SetCounter                           0x08005b01   Thumb Code   106  stm32f4xx_tim.o(i.TIM_SetCounter)
    TIM_TimeBaseInit                         0x08005bc9   Thumb Code   278  stm32f4xx_tim.o(i.TIM_TimeBaseInit)
    TIM_TimeBaseStructInit                   0x08005d3d   Thumb Code    18  stm32f4xx_tim.o(i.TIM_TimeBaseStructInit)
    UART2_BUF_O_Check_Data_Integrity         0x08005d51   Thumb Code   104  ttrd2-05a-t0401a-v001a_uart2_buff_o_task.o(i.UART2_BUF_O_Check_Data_Integrity)
    UART2_BUF_O_Init                         0x08005ddd   Thumb Code   166  ttrd2-05a-t0401a-v001a_uart2_buff_o_task.o(i.UART2_BUF_O_Init)
    UART2_BUF_O_Send_All_Data                0x08005ea1   Thumb Code    78  ttrd2-05a-t0401a-v001a_uart2_buff_o_task.o(i.UART2_BUF_O_Send_All_Data)
    UART2_BUF_O_Send_Char                    0x08005f05   Thumb Code    48  ttrd2-05a-t0401a-v001a_uart2_buff_o_task.o(i.UART2_BUF_O_Send_Char)
    UART2_BUF_O_Update                       0x08005f41   Thumb Code    78  ttrd2-05a-t0401a-v001a_uart2_buff_o_task.o(i.UART2_BUF_O_Update)
    UART2_BUF_O_Write_Char_To_Buffer         0x08005fa9   Thumb Code    52  ttrd2-05a-t0401a-v001a_uart2_buff_o_task.o(i.UART2_BUF_O_Write_Char_To_Buffer)
    UART2_BUF_O_Write_Number03_To_Buffer     0x08005fed   Thumb Code    86  ttrd2-05a-t0401a-v001a_uart2_buff_o_task.o(i.UART2_BUF_O_Write_Number03_To_Buffer)
    UART2_BUF_O_Write_String_To_Buffer       0x08006043   Thumb Code    24  ttrd2-05a-t0401a-v001a_uart2_buff_o_task.o(i.UART2_BUF_O_Write_String_To_Buffer)
    USART_Cmd                                0x0800605d   Thumb Code   108  stm32f4xx_usart.o(i.USART_Cmd)
    USART_GetFlagStatus                      0x08006111   Thumb Code   182  stm32f4xx_usart.o(i.USART_GetFlagStatus)
    USART_Init                               0x08006211   Thumb Code   480  stm32f4xx_usart.o(i.USART_Init)
    USART_SendData                           0x0800643d   Thumb Code    92  stm32f4xx_usart.o(i.USART_SendData)
    WATCHDOG_Get_State                       0x080064e1   Thumb Code    22  ttrd2-05a-t0401a-v001a_iwdt_task.o(i.WATCHDOG_Get_State)
    WATCHDOG_Init                            0x08006505   Thumb Code    52  ttrd2-05a-t0401a-v001a_iwdt_task.o(i.WATCHDOG_Init)
    WATCHDOG_Update                          0x08006545   Thumb Code    12  ttrd2-05a-t0401a-v001a_iwdt_task.o(i.WATCHDOG_Update)
    __ARM_fpclassify                         0x08006559   Thumb Code    48  fpclassify.o(i.__ARM_fpclassify)
    _is_digit                                0x08006589   Thumb Code    14  __printf_wp.o(i._is_digit)
    assert_failed                            0x08006599   Thumb Code    48  ttrd2-19a-t0401a-v001a_assert_failed.o(i.assert_failed)
    main                                     0x080065e9   Thumb Code    16  main.o(i.main)
    uart_hello_Init                          0x080065f9   Thumb Code   158  apptask_uart_hello.o(i.uart_hello_Init)
    uart_hello_Update                        0x080066a5   Thumb Code   258  apptask_uart_hello.o(i.uart_hello_Update)
    _get_lc_numeric                          0x080067f1   Thumb Code    44  lc_numeric_c.o(locale$$code)
    __fpl_dretinf                            0x0800681d   Thumb Code    12  dretinf.o(x$fpl$dretinf)
    __aeabi_f2d                              0x08006829   Thumb Code     0  f2d.o(x$fpl$f2d)
    _f2d                                     0x08006829   Thumb Code    86  f2d.o(x$fpl$f2d)
    __fpl_fnaninf                            0x0800687f   Thumb Code   140  fnaninf.o(x$fpl$fnaninf)
    _fp_init                                 0x0800690b   Thumb Code    10  fpinit.o(x$fpl$fpinit)
    __fplib_config_fpu_vfp                   0x08006913   Thumb Code     0  fpinit.o(x$fpl$fpinit)
    __fplib_config_pureend_doubles           0x08006913   Thumb Code     0  fpinit.o(x$fpl$fpinit)
    _printf_fp_dec                           0x08006915   Thumb Code     4  printf1.o(x$fpl$printf1)
    __I$use$fp                               0x08006918   Number         0  usenofp.o(x$fpl$usenofp)
    Region$$Table$$Base                      0x08006a04   Number         0  anon$$obj.o(Region$$Table)
    Region$$Table$$Limit                     0x08006a24   Number         0  anon$$obj.o(Region$$Table)
    Watchdog_running_g                       0x20000018   Data           4  ttrd2-05a-t0401a-v001a_iwdt_task.o(.data)
    Watchdog_running_ig                      0x2000001c   Data           4  ttrd2-05a-t0401a-v001a_iwdt_task.o(.data)
    SystemCoreClock                          0x20000188   Data           4  system_stm32f4xx.o(.data)
    AHBPrescTable                            0x2000018c   Data          16  system_stm32f4xx.o(.data)
    TICK_LIST_NORMAL                         0x200001e4   Data         506  ttrd2-19a-t0401a-v001b_predicttor_i.o(.data)
    __libspace_start                         0x20000954   Data          96  libspace.o(.bss)
    __temporary_stack_top$libspace           0x200009b4   Data           0  libspace.o(.bss)



==============================================================================

Memory Map of the image

  Image Entry point : 0x080001c5

  Load Region LR_IROM1 (Base: 0x08000000, Size: 0x00006e50, Max: 0x00080000, ABSOLUTE, COMPRESSED[0x00006aa4])

    Execution Region ER_IROM1 (Exec base: 0x08000000, Load base: 0x08000000, Size: 0x00006a40, Max: 0x00080000, ABSOLUTE)

    Exec Addr    Load Addr    Size         Type   Attr      Idx    E Section Name        Object

    0x08000000   0x08000000   0x000001c4   Data   RO         6660    RESET               startup_stm32f446xx.o
    0x080001c4   0x080001c4   0x00000008   Code   RO         7510  * !!!main             c_w.l(__main.o)
    0x080001cc   0x080001cc   0x00000034   Code   RO         7768    !!!scatter          c_w.l(__scatter.o)
    0x08000200   0x08000200   0x0000005a   Code   RO         7766    !!dczerorl2         c_w.l(__dczerorl2.o)
    0x0800025a   0x0800025a   0x00000002   PAD
    0x0800025c   0x0800025c   0x0000001c   Code   RO         7770    !!handler_zi        c_w.l(__scatter_zi.o)
    0x08000278   0x08000278   0x00000000   Code   RO         7505    .ARM.Collect$$_printf_percent$$00000000  c_w.l(_printf_percent.o)
    0x08000278   0x08000278   0x00000006   Code   RO         7504    .ARM.Collect$$_printf_percent$$00000003  c_w.l(_printf_f.o)
    0x0800027e   0x0800027e   0x00000004   Code   RO         7549    .ARM.Collect$$_printf_percent$$00000017  c_w.l(_printf_percent_end.o)
    0x08000282   0x08000282   0x00000002   Code   RO         7635    .ARM.Collect$$libinit$$00000000  c_w.l(libinit.o)
    0x08000284   0x08000284   0x00000004   Code   RO         7636    .ARM.Collect$$libinit$$00000001  c_w.l(libinit2.o)
    0x08000288   0x08000288   0x00000000   Code   RO         7639    .ARM.Collect$$libinit$$00000004  c_w.l(libinit2.o)
    0x08000288   0x08000288   0x00000000   Code   RO         7642    .ARM.Collect$$libinit$$0000000A  c_w.l(libinit2.o)
    0x08000288   0x08000288   0x00000000   Code   RO         7644    .ARM.Collect$$libinit$$0000000C  c_w.l(libinit2.o)
    0x08000288   0x08000288   0x00000000   Code   RO         7646    .ARM.Collect$$libinit$$0000000E  c_w.l(libinit2.o)
    0x08000288   0x08000288   0x00000006   Code   RO         7647    .ARM.Collect$$libinit$$0000000F  c_w.l(libinit2.o)
    0x0800028e   0x0800028e   0x00000000   Code   RO         7649    .ARM.Collect$$libinit$$00000011  c_w.l(libinit2.o)
    0x0800028e   0x0800028e   0x00000000   Code   RO         7651    .ARM.Collect$$libinit$$00000013  c_w.l(libinit2.o)
    0x0800028e   0x0800028e   0x00000000   Code   RO         7653    .ARM.Collect$$libinit$$00000015  c_w.l(libinit2.o)
    0x0800028e   0x0800028e   0x0000000a   Code   RO         7654    .ARM.Collect$$libinit$$00000016  c_w.l(libinit2.o)
    0x08000298   0x08000298   0x00000000   Code   RO         7655    .ARM.Collect$$libinit$$00000017  c_w.l(libinit2.o)
    0x08000298   0x08000298   0x00000000   Code   RO         7657    .ARM.Collect$$libinit$$00000019  c_w.l(libinit2.o)
    0x08000298   0x08000298   0x00000000   Code   RO         7659    .ARM.Collect$$libinit$$0000001B  c_w.l(libinit2.o)
    0x08000298   0x08000298   0x00000000   Code   RO         7661    .ARM.Collect$$libinit$$0000001D  c_w.l(libinit2.o)
    0x08000298   0x08000298   0x00000000   Code   RO         7663    .ARM.Collect$$libinit$$0000001F  c_w.l(libinit2.o)
    0x08000298   0x08000298   0x00000000   Code   RO         7665    .ARM.Collect$$libinit$$00000021  c_w.l(libinit2.o)
    0x08000298   0x08000298   0x00000000   Code   RO         7667    .ARM.Collect$$libinit$$00000023  c_w.l(libinit2.o)
    0x08000298   0x08000298   0x00000000   Code   RO         7669    .ARM.Collect$$libinit$$00000025  c_w.l(libinit2.o)
    0x08000298   0x08000298   0x00000000   Code   RO         7673    .ARM.Collect$$libinit$$0000002C  c_w.l(libinit2.o)
    0x08000298   0x08000298   0x00000000   Code   RO         7675    .ARM.Collect$$libinit$$0000002E  c_w.l(libinit2.o)
    0x08000298   0x08000298   0x00000000   Code   RO         7677    .ARM.Collect$$libinit$$00000030  c_w.l(libinit2.o)
    0x08000298   0x08000298   0x00000000   Code   RO         7679    .ARM.Collect$$libinit$$00000032  c_w.l(libinit2.o)
    0x08000298   0x08000298   0x00000002   Code   RO         7680    .ARM.Collect$$libinit$$00000033  c_w.l(libinit2.o)
    0x0800029a   0x0800029a   0x00000002   Code   RO         7712    .ARM.Collect$$libshutdown$$00000000  c_w.l(libshutdown.o)
    0x0800029c   0x0800029c   0x00000000   Code   RO         7723    .ARM.Collect$$libshutdown$$00000002  c_w.l(libshutdown2.o)
    0x0800029c   0x0800029c   0x00000000   Code   RO         7725    .ARM.Collect$$libshutdown$$00000004  c_w.l(libshutdown2.o)
    0x0800029c   0x0800029c   0x00000000   Code   RO         7727    .ARM.Collect$$libshutdown$$00000006  c_w.l(libshutdown2.o)
    0x0800029c   0x0800029c   0x00000000   Code   RO         7730    .ARM.Collect$$libshutdown$$00000009  c_w.l(libshutdown2.o)
    0x0800029c   0x0800029c   0x00000000   Code   RO         7733    .ARM.Collect$$libshutdown$$0000000C  c_w.l(libshutdown2.o)
    0x0800029c   0x0800029c   0x00000000   Code   RO         7735    .ARM.Collect$$libshutdown$$0000000E  c_w.l(libshutdown2.o)
    0x0800029c   0x0800029c   0x00000000   Code   RO         7738    .ARM.Collect$$libshutdown$$00000011  c_w.l(libshutdown2.o)
    0x0800029c   0x0800029c   0x00000002   Code   RO         7739    .ARM.Collect$$libshutdown$$00000012  c_w.l(libshutdown2.o)
    0x0800029e   0x0800029e   0x00000000   Code   RO         7542    .ARM.Collect$$rtentry$$00000000  c_w.l(__rtentry.o)
    0x0800029e   0x0800029e   0x00000000   Code   RO         7562    .ARM.Collect$$rtentry$$00000002  c_w.l(__rtentry2.o)
    0x0800029e   0x0800029e   0x00000006   Code   RO         7574    .ARM.Collect$$rtentry$$00000004  c_w.l(__rtentry4.o)
    0x080002a4   0x080002a4   0x00000000   Code   RO         7564    .ARM.Collect$$rtentry$$00000009  c_w.l(__rtentry2.o)
    0x080002a4   0x080002a4   0x00000004   Code   RO         7565    .ARM.Collect$$rtentry$$0000000A  c_w.l(__rtentry2.o)
    0x080002a8   0x080002a8   0x00000000   Code   RO         7567    .ARM.Collect$$rtentry$$0000000C  c_w.l(__rtentry2.o)
    0x080002a8   0x080002a8   0x00000008   Code   RO         7568    .ARM.Collect$$rtentry$$0000000D  c_w.l(__rtentry2.o)
    0x080002b0   0x080002b0   0x00000002   Code   RO         7683    .ARM.Collect$$rtexit$$00000000  c_w.l(rtexit.o)
    0x080002b2   0x080002b2   0x00000000   Code   RO         7690    .ARM.Collect$$rtexit$$00000002  c_w.l(rtexit2.o)
    0x080002b2   0x080002b2   0x00000004   Code   RO         7691    .ARM.Collect$$rtexit$$00000003  c_w.l(rtexit2.o)
    0x080002b6   0x080002b6   0x00000006   Code   RO         7692    .ARM.Collect$$rtexit$$00000004  c_w.l(rtexit2.o)
    0x080002bc   0x080002bc   0x00000040   Code   RO         6661    .text               startup_stm32f446xx.o
    0x080002fc   0x080002fc   0x00000028   Code   RO         7480    .text               c_w.l(noretval__2sprintf.o)
    0x08000324   0x08000324   0x00000138   Code   RO         7496    .text               c_w.l(__printf_flags_wp.o)
    0x0800045c   0x0800045c   0x00000064   Code   RO         7506    .text               c_w.l(rt_memcpy_w.o)
    0x080004c0   0x080004c0   0x00000006   Code   RO         7508    .text               c_w.l(heapauxi.o)
    0x080004c6   0x080004c6   0x0000041e   Code   RO         7543    .text               c_w.l(_printf_fp_dec.o)
    0x080008e4   0x080008e4   0x00000030   Code   RO         7545    .text               c_w.l(_printf_char_common.o)
    0x08000914   0x08000914   0x0000000a   Code   RO         7547    .text               c_w.l(_sputc.o)
    0x0800091e   0x0800091e   0x00000002   PAD
    0x08000920   0x08000920   0x00000008   Code   RO         7579    .text               c_w.l(rt_locale_intlibspace.o)
    0x08000928   0x08000928   0x0000008a   Code   RO         7581    .text               c_w.l(lludiv10.o)
    0x080009b2   0x080009b2   0x00000002   PAD
    0x080009b4   0x080009b4   0x00000080   Code   RO         7583    .text               c_w.l(_printf_fp_infnan.o)
    0x08000a34   0x08000a34   0x000000e4   Code   RO         7587    .text               c_w.l(bigflt0.o)
    0x08000b18   0x08000b18   0x00000008   Code   RO         7621    .text               c_w.l(libspace.o)
    0x08000b20   0x08000b20   0x0000004a   Code   RO         7624    .text               c_w.l(sys_stackheap_outer.o)
    0x08000b6a   0x08000b6a   0x00000012   Code   RO         7626    .text               c_w.l(exit.o)
    0x08000b7c   0x08000b7c   0x00000080   Code   RO         7628    .text               c_w.l(strcmpv7m.o)
    0x08000bfc   0x08000bfc   0x0000000c   Code   RO         7702    .text               c_w.l(sys_exit.o)
    0x08000c08   0x08000c08   0x00000002   Code   RO         7713    .text               c_w.l(use_no_semi.o)
    0x08000c0a   0x08000c0a   0x00000000   Code   RO         7715    .text               c_w.l(indicate_semi.o)
    0x08000c0a   0x08000c0a   0x0000003e   Code   RO         7590    CL$$btod_d2e        c_w.l(btod.o)
    0x08000c48   0x08000c48   0x00000046   Code   RO         7592    CL$$btod_d2e_denorm_low  c_w.l(btod.o)
    0x08000c8e   0x08000c8e   0x00000060   Code   RO         7591    CL$$btod_d2e_norm_op1  c_w.l(btod.o)
    0x08000cee   0x08000cee   0x00000338   Code   RO         7600    CL$$btod_div_common  c_w.l(btod.o)
    0x08001026   0x08001026   0x000000dc   Code   RO         7597    CL$$btod_e2e        c_w.l(btod.o)
    0x08001102   0x08001102   0x0000002a   Code   RO         7594    CL$$btod_ediv       c_w.l(btod.o)
    0x0800112c   0x0800112c   0x0000002a   Code   RO         7593    CL$$btod_emul       c_w.l(btod.o)
    0x08001156   0x08001156   0x00000244   Code   RO         7599    CL$$btod_mult_common  c_w.l(btod.o)
    0x0800139a   0x0800139a   0x00000002   PAD
    0x0800139c   0x0800139c   0x00000054   Code   RO          271    i.ADC1_Get_Temperature_Celsius  ttrd2-05a-t0401a-v001a_adc_task.o
    0x080013f0   0x080013f0   0x000000b8   Code   RO          272    i.ADC1_Init         ttrd2-05a-t0401a-v001a_adc_task.o
    0x080014a8   0x080014a8   0x00000054   Code   RO          273    i.ADC1_Read_Channel  ttrd2-05a-t0401a-v001a_adc_task.o
    0x080014fc   0x080014fc   0x000000a8   Code   RO          274    i.ADC1_Update       ttrd2-05a-t0401a-v001a_adc_task.o
    0x080015a4   0x080015a4   0x00000080   Code   RO          825    i.ADC_Cmd           stm32f4xx_adc.o
    0x08001624   0x08001624   0x0000018c   Code   RO          826    i.ADC_CommonInit    stm32f4xx_adc.o
    0x080017b0   0x080017b0   0x0000000c   Code   RO          827    i.ADC_CommonStructInit  stm32f4xx_adc.o
    0x080017bc   0x080017bc   0x0000005c   Code   RO          837    i.ADC_GetConversionValue  stm32f4xx_adc.o
    0x08001818   0x08001818   0x00000090   Code   RO          838    i.ADC_GetFlagStatus  stm32f4xx_adc.o
    0x080018a8   0x080018a8   0x000001d0   Code   RO          845    i.ADC_Init          stm32f4xx_adc.o
    0x08001a78   0x08001a78   0x000001cc   Code   RO          850    i.ADC_RegularChannelConfig  stm32f4xx_adc.o
    0x08001c44   0x08001c44   0x00000060   Code   RO          852    i.ADC_SoftwareStartConv  stm32f4xx_adc.o
    0x08001ca4   0x08001ca4   0x00000014   Code   RO          854    i.ADC_StructInit    stm32f4xx_adc.o
    0x08001cb8   0x08001cb8   0x00000068   Code   RO          855    i.ADC_TempSensorVrefintCmd  stm32f4xx_adc.o
    0x08001d20   0x08001d20   0x000001b4   Code   RO         2865    i.GPIO_Init         stm32f4xx_gpio.o
    0x08001ed4   0x08001ed4   0x00000154   Code   RO         2866    i.GPIO_PinAFConfig  stm32f4xx_gpio.o
    0x08002028   0x08002028   0x00000118   Code   RO         2869    i.GPIO_ReadInputDataBit  stm32f4xx_gpio.o
    0x08002140   0x08002140   0x000000bc   Code   RO         2872    i.GPIO_ResetBits    stm32f4xx_gpio.o
    0x080021fc   0x080021fc   0x000000bc   Code   RO         2873    i.GPIO_SetBits      stm32f4xx_gpio.o
    0x080022b8   0x080022b8   0x00000034   Code   RO          408    i.HEARTBEAT_SW_Init  ttrd2-05a-t0401a-v001a_heartbeat_sw_task.o
    0x080022ec   0x080022ec   0x0000006c   Code   RO          409    i.HEARTBEAT_SW_Update  ttrd2-05a-t0401a-v001a_heartbeat_sw_task.o
    0x08002358   0x08002358   0x00000084   Code   RO         3156    i.I2C_AcknowledgeConfig  stm32f4xx_i2c.o
    0x080023dc   0x080023dc   0x00000138   Code   RO         3159    i.I2C_CheckEvent    stm32f4xx_i2c.o
    0x08002514   0x08002514   0x00000084   Code   RO         3162    i.I2C_Cmd           stm32f4xx_i2c.o
    0x08002598   0x08002598   0x00000084   Code   RO         3170    i.I2C_GenerateSTART  stm32f4xx_i2c.o
    0x0800261c   0x0800261c   0x00000084   Code   RO         3171    i.I2C_GenerateSTOP  stm32f4xx_i2c.o
    0x080026a0   0x080026a0   0x000001c8   Code   RO         3177    i.I2C_Init          stm32f4xx_i2c.o
    0x08002868   0x08002868   0x0000005c   Code   RO         3182    i.I2C_ReceiveData   stm32f4xx_i2c.o
    0x080028c4   0x080028c4   0x0000007c   Code   RO         3184    i.I2C_Send7bitAddress  stm32f4xx_i2c.o
    0x08002940   0x08002940   0x0000005c   Code   RO         3185    i.I2C_SendData      stm32f4xx_i2c.o
    0x0800299c   0x0800299c   0x00000014   Code   RO         7220    i.IMU_Get_Data      imu_sensor.o
    0x080029b0   0x080029b0   0x00000084   Code   RO         7221    i.IMU_Init          imu_sensor.o
    0x08002a34   0x08002a34   0x00000588   Code   RO         7222    i.IMU_Update        imu_sensor.o
    0x08002fbc   0x08002fbc   0x0000015c   Code   RO         7223    i.IMU_Wakeup        imu_sensor.o
    0x08003118   0x08003118   0x000000c4   Code   RO         7224    i.Is_IMU_Connected  imu_sensor.o
    0x080031dc   0x080031dc   0x00000012   Code   RO         6969    i.MONITTORi_Disable  ttrd2-18a-t0401a-v001a_monittor_i.o
    0x080031ee   0x080031ee   0x00000002   Code   RO         6970    i.MONITTORi_Init    ttrd2-18a-t0401a-v001a_monittor_i.o
    0x080031f0   0x080031f0   0x00000108   Code   RO         6971    i.MONITTORi_Start   ttrd2-18a-t0401a-v001a_monittor_i.o
    0x080032f8   0x080032f8   0x00000094   Code   RO         6972    i.MONITTORi_Stop    ttrd2-18a-t0401a-v001a_monittor_i.o
    0x0800338c   0x0800338c   0x000000d0   Code   RO          704    i.NVIC_Init         misc.o
    0x0800345c   0x0800345c   0x00000060   Code   RO          705    i.NVIC_PriorityGroupConfig  misc.o
    0x080034bc   0x080034bc   0x000001c8   Code   RO         7116    i.PREDICTTORi_Check_Task_Sequence  ttrd2-19a-t0401a-v001b_predicttor_i.o
    0x08003684   0x08003684   0x0000001c   Code   RO         7117    i.PREDICTTORi_Init  ttrd2-19a-t0401a-v001b_predicttor_i.o
    0x080036a0   0x080036a0   0x0000002c   Code   RO         6799    i.PROCESSOR_Change_MoSt  ttrd2-19a-t0401a-v001b_processor.o
    0x080036cc   0x080036cc   0x00000440   Code   RO         6800    i.PROCESSOR_Configure_Reqd_MoSt  ttrd2-19a-t0401a-v001b_processor.o
    0x08003b0c   0x08003b0c   0x00000024   Code   RO         6801    i.PROCESSOR_Get_MoSt  ttrd2-19a-t0401a-v001b_processor.o
    0x08003b30   0x08003b30   0x00000068   Code   RO         6802    i.PROCESSOR_Identify_Reqd_MoSt  ttrd2-19a-t0401a-v001b_processor.o
    0x08003b98   0x08003b98   0x0000000c   Code   RO         6803    i.PROCESSOR_Init    ttrd2-19a-t0401a-v001b_processor.o
    0x08003ba4   0x08003ba4   0x0000006c   Code   RO         6804    i.PROCESSOR_Perform_Safe_Shutdown  ttrd2-19a-t0401a-v001b_processor.o
    0x08003c10   0x08003c10   0x00000020   Code   RO         6805    i.PROCESSOR_Retrieve_PFC  ttrd2-19a-t0401a-v001b_processor.o
    0x08003c30   0x08003c30   0x00000020   Code   RO         6806    i.PROCESSOR_Retrieve_Reqd_MoSt  ttrd2-19a-t0401a-v001b_processor.o
    0x08003c50   0x08003c50   0x00000014   Code   RO         6807    i.PROCESSOR_Set_MoSt  ttrd2-19a-t0401a-v001b_processor.o
    0x08003c64   0x08003c64   0x00000034   Code   RO         6808    i.PROCESSOR_Store_PFC  ttrd2-19a-t0401a-v001b_processor.o
    0x08003c98   0x08003c98   0x00000038   Code   RO         6809    i.PROCESSOR_Store_Reqd_MoSt  ttrd2-19a-t0401a-v001b_processor.o
    0x08003cd0   0x08003cd0   0x00000020   Code   RO          615    i.PROCESSOR_TASK_Init  ttrd2-19a-t0401a-v001b_processor_task.o
    0x08003cf0   0x08003cf0   0x00000020   Code   RO          616    i.PROCESSOR_TASK_Retrieve_State  ttrd2-19a-t0401a-v001b_processor_task.o
    0x08003d10   0x08003d10   0x00000034   Code   RO          617    i.PROCESSOR_TASK_Store_State  ttrd2-19a-t0401a-v001b_processor_task.o
    0x08003d44   0x08003d44   0x000000dc   Code   RO          618    i.PROCESSOR_TASK_Update  ttrd2-19a-t0401a-v001b_processor_task.o
    0x08003e20   0x08003e20   0x00000048   Code   RO         3659    i.PWR_BackupAccessCmd  stm32f4xx_pwr.o
    0x08003e68   0x08003e68   0x00000078   Code   RO         3994    i.RCC_AHB1PeriphClockCmd  stm32f4xx_rcc.o
    0x08003ee0   0x08003ee0   0x00000074   Code   RO         4003    i.RCC_APB1PeriphClockCmd  stm32f4xx_rcc.o
    0x08003f54   0x08003f54   0x00000078   Code   RO         4006    i.RCC_APB2PeriphClockCmd  stm32f4xx_rcc.o
    0x08003fcc   0x08003fcc   0x00000014   Code   RO         4012    i.RCC_ClearFlag     stm32f4xx_rcc.o
    0x08003fe0   0x08003fe0   0x000001c8   Code   RO         4017    i.RCC_GetClocksFreq  stm32f4xx_rcc.o
    0x080041a8   0x080041a8   0x000000b4   Code   RO         4018    i.RCC_GetFlagStatus  stm32f4xx_rcc.o
    0x0800425c   0x0800425c   0x0000007c   Code   RO         6277    i.REG_CONFIG_CHECKS_ADC1_Check  ttrd2-05a-t0401a-v001a_reg_conf_chk_adc1.o
    0x080042d8   0x080042d8   0x00000044   Code   RO         6278    i.REG_CONFIG_CHECKS_ADC1_Store  ttrd2-05a-t0401a-v001a_reg_conf_chk_adc1.o
    0x0800431c   0x0800431c   0x00000290   Code   RO         6403    i.REG_CONFIG_CHECKS_GPIO_Check  ttrd2-05a-t0401a-v001a_reg_conf_chk_gpio.o
    0x080045ac   0x080045ac   0x00000194   Code   RO         6404    i.REG_CONFIG_CHECKS_GPIO_Store  ttrd2-05a-t0401a-v001a_reg_conf_chk_gpio.o
    0x08004740   0x08004740   0x0000014c   Code   RO         6467    i.REG_CONFIG_CHECKS_UART_Check  ttrd2-05a-t0401a-v001a_reg_conf_chk_uart.o
    0x0800488c   0x0800488c   0x000000cc   Code   RO         6468    i.REG_CONFIG_CHECKS_UART_Store  ttrd2-05a-t0401a-v001a_reg_conf_chk_uart.o
    0x08004958   0x08004958   0x000002a0   Code   RO         6435    i.REG_CONFIG_TIMER_Check  ttrd2-05a-t0401a-v001a_reg_conf_chk_timer.o
    0x08004bf8   0x08004bf8   0x000001e8   Code   RO         6436    i.REG_CONFIG_TIMER_Store  ttrd2-05a-t0401a-v001a_reg_conf_chk_timer.o
    0x08004de0   0x08004de0   0x00000040   Code   RO         6668    i.REPORT_PFC_Init   ttrd2-04a-t0401a-v001a_pfc_reporting.o
    0x08004e20   0x08004e20   0x00000094   Code   RO         6669    i.REPORT_PFC_Update  ttrd2-04a-t0401a-v001a_pfc_reporting.o
    0x08004eb4   0x08004eb4   0x00000030   Code   RO         6911    i.RTT_05a_Scheduler_Osc_Test_Update  ttrd2-19a-t0401a-v001b_run_time_tests.o
    0x08004ee4   0x08004ee4   0x00000028   Code   RO         6912    i.RTT_05b_Scheduler_Osc_Test_Update  ttrd2-19a-t0401a-v001b_run_time_tests.o
    0x08004f0c   0x08004f0c   0x0000004c   Code   RO         6913    i.RTT_06a_MoniTTor_Overrun_Test_Update  ttrd2-19a-t0401a-v001b_run_time_tests.o
    0x08004f58   0x08004f58   0x00000044   Code   RO         6914    i.RTT_06b_MoniTTor_Underrun_Test_Update  ttrd2-19a-t0401a-v001b_run_time_tests.o
    0x08004f9c   0x08004f9c   0x00000024   Code   RO         6915    i.RTT_07_PredicTTor_Test_Update  ttrd2-19a-t0401a-v001b_run_time_tests.o
    0x08004fc0   0x08004fc0   0x0000007c   Code   RO         6916    i.RTT_Startup_04_WDT_Check  ttrd2-19a-t0401a-v001b_run_time_tests.o
    0x0800503c   0x0800503c   0x00000100   Code   RO         7156    i.SCH_Add_Task      ttrd2-19a-t0401a-v001c_scheduler.o
    0x0800513c   0x0800513c   0x0000019c   Code   RO         7157    i.SCH_Dispatch_Tasks  ttrd2-19a-t0401a-v001c_scheduler.o
    0x080052d8   0x080052d8   0x000000ec   Code   RO         7158    i.SCH_Init_Microseconds  ttrd2-19a-t0401a-v001c_scheduler.o
    0x080053c4   0x080053c4   0x00000058   Code   RO         7159    i.SCH_Set_Interrupt_Priority_Levels  ttrd2-19a-t0401a-v001c_scheduler.o
    0x0800541c   0x0800541c   0x00000022   Code   RO         7160    i.SCH_Start         ttrd2-19a-t0401a-v001c_scheduler.o
    0x0800543e   0x0800543e   0x00000002   PAD
    0x08005440   0x08005440   0x00000024   Code   RO          487    i.SWITCH_BUTTON1_Get_State  ttrd2-05a-t0401a-v001a_switch_task.o
    0x08005464   0x08005464   0x00000048   Code   RO          488    i.SWITCH_BUTTON1_Init  ttrd2-05a-t0401a-v001a_switch_task.o
    0x080054ac   0x080054ac   0x000000a0   Code   RO          489    i.SWITCH_BUTTON1_Update  ttrd2-05a-t0401a-v001a_switch_task.o
    0x0800554c   0x0800554c   0x000000e8   Code   RO         6499    i.SetSysClock       system_stm32f4xx.o
    0x08005634   0x08005634   0x00000024   Code   RO         6973    i.SysTick_Handler   ttrd2-18a-t0401a-v001a_monittor_i.o
    0x08005658   0x08005658   0x00000068   Code   RO         6501    i.SystemInit        system_stm32f4xx.o
    0x080056c0   0x080056c0   0x00000050   Code   RO         7161    i.TIM2_IRQHandler   ttrd2-19a-t0401a-v001c_scheduler.o
    0x08005710   0x08005710   0x00000028   Code   RO          141    i.TIMEOUT_T3_USEC_Get_Timer_State  ttrd2-05a-t0401a-v001a_timeout_t3.o
    0x08005738   0x08005738   0x00000034   Code   RO          142    i.TIMEOUT_T3_USEC_Init  ttrd2-05a-t0401a-v001a_timeout_t3.o
    0x0800576c   0x0800576c   0x00000020   Code   RO          143    i.TIMEOUT_T3_USEC_Start  ttrd2-05a-t0401a-v001a_timeout_t3.o
    0x0800578c   0x0800578c   0x000000c8   Code   RO         5464    i.TIM_ClearITPendingBit  stm32f4xx_tim.o
    0x08005854   0x08005854   0x000000ec   Code   RO         5469    i.TIM_Cmd           stm32f4xx_tim.o
    0x08005940   0x08005940   0x000000c4   Code   RO         5488    i.TIM_GetCounter    stm32f4xx_tim.o
    0x08005a04   0x08005a04   0x000000fc   Code   RO         5494    i.TIM_ITConfig      stm32f4xx_tim.o
    0x08005b00   0x08005b00   0x000000c8   Code   RO         5535    i.TIM_SetCounter    stm32f4xx_tim.o
    0x08005bc8   0x08005bc8   0x00000174   Code   RO         5541    i.TIM_TimeBaseInit  stm32f4xx_tim.o
    0x08005d3c   0x08005d3c   0x00000012   Code   RO         5542    i.TIM_TimeBaseStructInit  stm32f4xx_tim.o
    0x08005d4e   0x08005d4e   0x00000002   PAD
    0x08005d50   0x08005d50   0x0000008c   Code   RO          525    i.UART2_BUF_O_Check_Data_Integrity  ttrd2-05a-t0401a-v001a_uart2_buff_o_task.o
    0x08005ddc   0x08005ddc   0x000000c4   Code   RO          526    i.UART2_BUF_O_Init  ttrd2-05a-t0401a-v001a_uart2_buff_o_task.o
    0x08005ea0   0x08005ea0   0x00000064   Code   RO          527    i.UART2_BUF_O_Send_All_Data  ttrd2-05a-t0401a-v001a_uart2_buff_o_task.o
    0x08005f04   0x08005f04   0x0000003c   Code   RO          528    i.UART2_BUF_O_Send_Char  ttrd2-05a-t0401a-v001a_uart2_buff_o_task.o
    0x08005f40   0x08005f40   0x00000068   Code   RO          529    i.UART2_BUF_O_Update  ttrd2-05a-t0401a-v001a_uart2_buff_o_task.o
    0x08005fa8   0x08005fa8   0x00000044   Code   RO          530    i.UART2_BUF_O_Write_Char_To_Buffer  ttrd2-05a-t0401a-v001a_uart2_buff_o_task.o
    0x08005fec   0x08005fec   0x00000056   Code   RO          532    i.UART2_BUF_O_Write_Number03_To_Buffer  ttrd2-05a-t0401a-v001a_uart2_buff_o_task.o
    0x08006042   0x08006042   0x00000018   Code   RO          535    i.UART2_BUF_O_Write_String_To_Buffer  ttrd2-05a-t0401a-v001a_uart2_buff_o_task.o
    0x0800605a   0x0800605a   0x00000002   PAD
    0x0800605c   0x0800605c   0x000000b4   Code   RO         6023    i.USART_Cmd         stm32f4xx_usart.o
    0x08006110   0x08006110   0x00000100   Code   RO         6026    i.USART_GetFlagStatus  stm32f4xx_usart.o
    0x08006210   0x08006210   0x0000022c   Code   RO         6030    i.USART_Init        stm32f4xx_usart.o
    0x0800643c   0x0800643c   0x000000a4   Code   RO         6040    i.USART_SendData    stm32f4xx_usart.o
    0x080064e0   0x080064e0   0x00000024   Code   RO          445    i.WATCHDOG_Get_State  ttrd2-05a-t0401a-v001a_iwdt_task.o
    0x08006504   0x08006504   0x00000040   Code   RO          446    i.WATCHDOG_Init     ttrd2-05a-t0401a-v001a_iwdt_task.o
    0x08006544   0x08006544   0x00000014   Code   RO          447    i.WATCHDOG_Update   ttrd2-05a-t0401a-v001a_iwdt_task.o
    0x08006558   0x08006558   0x00000030   Code   RO         7619    i.__ARM_fpclassify  m_wm.l(fpclassify.o)
    0x08006588   0x08006588   0x0000000e   Code   RO         7494    i._is_digit         c_w.l(__printf_wp.o)
    0x08006596   0x08006596   0x00000002   PAD
    0x08006598   0x08006598   0x00000050   Code   RO         6540    i.assert_failed     ttrd2-19a-t0401a-v001a_assert_failed.o
    0x080065e8   0x080065e8   0x00000010   Code   RO            4    i.main              main.o
    0x080065f8   0x080065f8   0x000000ac   Code   RO          663    i.uart_hello_Init   apptask_uart_hello.o
    0x080066a4   0x080066a4   0x0000010c   Code   RO          664    i.uart_hello_Update  apptask_uart_hello.o
    0x080067b0   0x080067b0   0x00000040   Code   RO         7225    i.wait_for_event    imu_sensor.o
    0x080067f0   0x080067f0   0x0000002c   Code   RO         7613    locale$$code        c_w.l(lc_numeric_c.o)
    0x0800681c   0x0800681c   0x0000000c   Code   RO         7552    x$fpl$dretinf       fz_wm.l(dretinf.o)
    0x08006828   0x08006828   0x00000056   Code   RO         7532    x$fpl$f2d           fz_wm.l(f2d.o)
    0x0800687e   0x0800687e   0x0000008c   Code   RO         7556    x$fpl$fnaninf       fz_wm.l(fnaninf.o)
    0x0800690a   0x0800690a   0x0000000a   Code   RO         7687    x$fpl$fpinit        fz_wm.l(fpinit.o)
    0x08006914   0x08006914   0x00000004   Code   RO         7534    x$fpl$printf1       fz_wm.l(printf1.o)
    0x08006918   0x08006918   0x00000000   Code   RO         7560    x$fpl$usenofp       fz_wm.l(usenofp.o)
    0x08006918   0x08006918   0x00000011   Data   RO         7497    .constdata          c_w.l(__printf_flags_wp.o)
    0x08006929   0x08006929   0x00000003   PAD
    0x0800692c   0x0800692c   0x00000094   Data   RO         7588    .constdata          c_w.l(bigflt0.o)
    0x080069c0   0x080069c0   0x00000042   Data   RO          665    .conststring        apptask_uart_hello.o
    0x08006a02   0x08006a02   0x00000002   PAD
    0x08006a04   0x08006a04   0x00000020   Data   RO         7764    Region$$Table       anon$$obj.o
    0x08006a24   0x08006a24   0x0000001c   Data   RO         7612    locale$$data        c_w.l(lc_numeric_c.o)


    Execution Region RW_IRAM1 (Exec base: 0x20000000, Load base: 0x08006a40, Size: 0x00000fb8, Max: 0x00020000, ABSOLUTE, COMPRESSED[0x00000064])

    Exec Addr    Load Addr    Size         Type   Attr      Idx    E Section Name        Object

    0x20000000   COMPRESSED   0x00000010   Data   RW          275    .data               ttrd2-05a-t0401a-v001a_adc_task.o
    0x20000010   COMPRESSED   0x00000008   Data   RW          410    .data               ttrd2-05a-t0401a-v001a_heartbeat_sw_task.o
    0x20000018   COMPRESSED   0x00000008   Data   RW          448    .data               ttrd2-05a-t0401a-v001a_iwdt_task.o
    0x20000020   COMPRESSED   0x00000010   Data   RW          490    .data               ttrd2-05a-t0401a-v001a_switch_task.o
    0x20000030   COMPRESSED   0x00000018   Data   RW          537    .data               ttrd2-05a-t0401a-v001a_uart2_buff_o_task.o
    0x20000048   COMPRESSED   0x00000008   Data   RW          619    .data               ttrd2-19a-t0401a-v001b_processor_task.o
    0x20000050   COMPRESSED   0x00000010   Data   RW         4050    .data               stm32f4xx_rcc.o
    0x20000060   COMPRESSED   0x00000010   Data   RW         6279    .data               ttrd2-05a-t0401a-v001a_reg_conf_chk_adc1.o
    0x20000070   COMPRESSED   0x00000064   Data   RW         6405    .data               ttrd2-05a-t0401a-v001a_reg_conf_chk_gpio.o
    0x200000d4   COMPRESSED   0x00000084   Data   RW         6437    .data               ttrd2-05a-t0401a-v001a_reg_conf_chk_timer.o
    0x20000158   COMPRESSED   0x00000030   Data   RW         6469    .data               ttrd2-05a-t0401a-v001a_reg_conf_chk_uart.o
    0x20000188   COMPRESSED   0x00000014   Data   RW         6502    .data               system_stm32f4xx.o
    0x2000019c   COMPRESSED   0x00000008   Data   RW         6670    .data               ttrd2-04a-t0401a-v001a_pfc_reporting.o
    0x200001a4   COMPRESSED   0x00000008   Data   RW         6810    .data               ttrd2-19a-t0401a-v001b_processor.o
    0x200001ac   COMPRESSED   0x00000028   Data   RW         6917    .data               ttrd2-19a-t0401a-v001b_run_time_tests.o
    0x200001d4   COMPRESSED   0x00000010   Data   RW         6974    .data               ttrd2-18a-t0401a-v001a_monittor_i.o
    0x200001e4   COMPRESSED   0x00000224   Data   RW         7118    .data               ttrd2-19a-t0401a-v001b_predicttor_i.o
    0x20000408   COMPRESSED   0x00000008   Data   RW         7163    .data               ttrd2-19a-t0401a-v001c_scheduler.o
    0x20000410        -       0x000003e8   Zero   RW          536    .bss                ttrd2-05a-t0401a-v001a_uart2_buff_o_task.o
    0x200007f8        -       0x00000118   Zero   RW         7162    .bss                ttrd2-19a-t0401a-v001c_scheduler.o
    0x20000910        -       0x00000044   Zero   RW         7226    .bss                imu_sensor.o
    0x20000954        -       0x00000060   Zero   RW         7622    .bss                c_w.l(libspace.o)
    0x200009b4   COMPRESSED   0x00000004   PAD
    0x200009b8        -       0x00000200   Zero   RW         6659    HEAP                startup_stm32f446xx.o
    0x20000bb8        -       0x00000400   Zero   RW         6658    STACK               startup_stm32f446xx.o


==============================================================================

Image component sizes


      Code (inc. data)   RO Data    RW Data    ZI Data      Debug   Object Name

       440         24         66          0          0       2470   apptask_uart_hello.o
      2176        118          0          0         68     258107   imu_sensor.o
        16          0          0          0          0       5011   main.o
       304         86          0          0          0     326807   misc.o
        64         26        452          0       1536        852   startup_stm32f446xx.o
      1916        426          0          0          0       8097   stm32f4xx_adc.o
      1432        422          0          0          0       4191   stm32f4xx_gpio.o
      1604        524          0          0          0       6704   stm32f4xx_i2c.o
        72         46          0          0          0        582   stm32f4xx_pwr.o
      1012        214          0         16          0       6167   stm32f4xx_rcc.o
      1474        556          0          0          0       5371   stm32f4xx_tim.o
      1156        294          0          0          0       3752   stm32f4xx_usart.o
       336         32          0         20          0       1865   system_stm32f4xx.o
       212         30          0          8          0     260094   ttrd2-04a-t0401a-v001a_pfc_reporting.o
       520         62          0         16          0     288941   ttrd2-05a-t0401a-v001a_adc_task.o
       160         24          0          8          0       1294   ttrd2-05a-t0401a-v001a_heartbeat_sw_task.o
       120         34          0          8          0       2372   ttrd2-05a-t0401a-v001a_iwdt_task.o
       192         52          0         16          0     253150   ttrd2-05a-t0401a-v001a_reg_conf_chk_adc1.o
      1060        256          0        100          0       2502   ttrd2-05a-t0401a-v001a_reg_conf_chk_gpio.o
      1160        320          0        132          0       3166   ttrd2-05a-t0401a-v001a_reg_conf_chk_timer.o
       536        122          0         48          0       2582   ttrd2-05a-t0401a-v001a_reg_conf_chk_uart.o
       268         56          0         16          0       2169   ttrd2-05a-t0401a-v001a_switch_task.o
       124         20          0          0          0      22041   ttrd2-05a-t0401a-v001a_timeout_t3.o
       778        142          0         24       1000       6350   ttrd2-05a-t0401a-v001a_uart2_buff_o_task.o
       468         60          0         16          0     304117   ttrd2-18a-t0401a-v001a_monittor_i.o
        80         32          0          0          0       1076   ttrd2-19a-t0401a-v001a_assert_failed.o
       484         74          0        548          0       2784   ttrd2-19a-t0401a-v001b_predicttor_i.o
      1584        490          0          8          0      34553   ttrd2-19a-t0401a-v001b_processor.o
       336         48          0          8          0       3170   ttrd2-19a-t0401a-v001b_processor_task.o
       392         72          0         40          0       4546   ttrd2-19a-t0401a-v001b_run_time_tests.o
      1106         70          0          8        280      31653   ttrd2-19a-t0401a-v001c_scheduler.o

    ----------------------------------------------------------------------
     21588       4732        552       1040       2884    1856536   Object Totals
         0          0         32          0          0          0   (incl. Generated)
         6          0          2          0          0          0   (incl. Padding)

    ----------------------------------------------------------------------

      Code (inc. data)   RO Data    RW Data    ZI Data      Debug   Library Member Name

        90          0          0          0          0          0   __dczerorl2.o
         8          0          0          0          0         68   __main.o
       312          4         17          0          0         92   __printf_flags_wp.o
        14          0          0          0          0         68   __printf_wp.o
         0          0          0          0          0          0   __rtentry.o
        12          0          0          0          0          0   __rtentry2.o
         6          0          0          0          0          0   __rtentry4.o
        52          8          0          0          0          0   __scatter.o
        28          0          0          0          0          0   __scatter_zi.o
        48          6          0          0          0         96   _printf_char_common.o
         6          0          0          0          0          0   _printf_f.o
      1054          0          0          0          0        216   _printf_fp_dec.o
       128         16          0          0          0         84   _printf_fp_infnan.o
         0          0          0          0          0          0   _printf_percent.o
         4          0          0          0          0          0   _printf_percent_end.o
        10          0          0          0          0         68   _sputc.o
       228          4        148          0          0         96   bigflt0.o
      1936        128          0          0          0        672   btod.o
        18          0          0          0          0         80   exit.o
         6          0          0          0          0        152   heapauxi.o
         0          0          0          0          0          0   indicate_semi.o
        44         10         28          0          0         76   lc_numeric_c.o
         2          0          0          0          0          0   libinit.o
        22          0          0          0          0          0   libinit2.o
         2          0          0          0          0          0   libshutdown.o
         2          0          0          0          0          0   libshutdown2.o
         8          4          0          0         96         68   libspace.o
       138          0          0          0          0         80   lludiv10.o
        40          6          0          0          0         84   noretval__2sprintf.o
         8          4          0          0          0         68   rt_locale_intlibspace.o
       100          0          0          0          0         80   rt_memcpy_w.o
         2          0          0          0          0          0   rtexit.o
        10          0          0          0          0          0   rtexit2.o
       128          0          0          0          0         68   strcmpv7m.o
        12          4          0          0          0         68   sys_exit.o
        74          0          0          0          0         80   sys_stackheap_outer.o
         2          0          0          0          0         68   use_no_semi.o
        12          0          0          0          0        116   dretinf.o
        86          4          0          0          0        132   f2d.o
       140          4          0          0          0        132   fnaninf.o
        10          0          0          0          0        116   fpinit.o
         4          0          0          0          0        116   printf1.o
         0          0          0          0          0          0   usenofp.o
        48          0          0          0          0        124   fpclassify.o

    ----------------------------------------------------------------------
      4864        202        196          0        100       3168   Library Totals
        10          0          3          0          4          0   (incl. Padding)

    ----------------------------------------------------------------------

      Code (inc. data)   RO Data    RW Data    ZI Data      Debug   Library Name

      4554        194        193          0         96       2432   c_w.l
       252          8          0          0          0        612   fz_wm.l
        48          0          0          0          0        124   m_wm.l

    ----------------------------------------------------------------------
      4864        202        196          0        100       3168   Library Totals

    ----------------------------------------------------------------------

==============================================================================


      Code (inc. data)   RO Data    RW Data    ZI Data      Debug   

     26452       4934        748       1040       2984    1846104   Grand Totals
     26452       4934        748        100       2984    1846104   ELF Image Totals (compressed)
     26452       4934        748        100          0          0   ROM Totals

==============================================================================

    Total RO  Size (Code + RO Data)                27200 (  26.56kB)
    Total RW  Size (RW Data + ZI Data)              4024 (   3.93kB)
    Total ROM Size (Code + RO Data + RW Data)      27300 (  26.66kB)

==============================================================================

